fa
fab
fabaceous
fabber
fabbest
fable
fabled
fabler
fablers
fables
fabliau
fabliaux
fabling
fablings
fabric
fabricant
fabricants
fabricate
fabricated
fabricates
fabricating
fabrication
fabrications
fabricative
fabricator
fabricators
fabricked
fabricking
fabrics
fabular
fabulise
fabulised
fabulises
fabulising
fabulist
fabulists
fabulize
fabulized
fabulizes
fabulizing
fabulosities
fabulosity
fabulous
fabulously
fabulousness
fabulousnesses
faburden
faburdens
facade
facades
face
faced
faceless
faceman
facemen
facer
facers
faces
facet
facete
faceted
facetiae
faceting
facetious
facetiously
facetiousness
facetiousnesses
facets
faceworker
faceworkers
facia
facial
facially
facials
facias
facies
facile
facilely
facileness
facilenesses
facilitate
facilitated
facilitates
facilitating
facilitation
facilitations
facilitative
facilitator
facilitators
facilities
facility
facinerious
facing
facings
facinorous
facinorousness
facinorousnesses
faconne
faconnes
facsimile
facsimiled
facsimileing
facsimiles
facsimilist
facsimilists
fact
factice
factices
facticities
facticity
faction
factional
factionalism
factionalisms
factionalist
factionalists
factionaries
factionary
factionist
factionists
factions
factious
factiously
factiousness
factiousnesses
factis
factises
factitious
factitiously
factitiousness
factitiousnesses
factitive
factive
factoid
factoids
factor
factorabilities
factorability
factorable
factorage
factorages
factored
factorial
factorials
factories
factoring
factorings
factorisation
factorisations
factorise
factorised
factorises
factorising
factorization
factorizations
factorize
factorized
factorizes
factorizing
factors
factorship
factorships
factory
factotum
factotums
facts
factual
factualities
factuality
factualness
factualnesses
factum
factums
facture
factures
facula
faculae
facular
facultative
facultatively
faculties
faculty
facundities
facundity
fad
fadable
faddier
faddiest
faddiness
faddinesses
faddish
faddishness
faddishnesses
faddism
faddisms
faddist
faddists
faddle
faddled
faddles
faddling
faddy
fade
faded
fadedly
fadedness
fadednesses
fadeless
fadelessly
fader
faders
fades
fadge
fadged
fadges
fadging
fadier
fadiest
fading
fadings
fado
fados
fads
fady
faecal
faeces
faerie
faeries
faery
faff
faffed
faffing
faffs
fag
fagaceous
fagged
faggeries
faggery
fagging
faggings
faggot
faggoted
faggoting
faggotings
faggots
fagot
fagoted
fagoting
fagotings
fagots
fagotti
fagottist
fagottists
fagotto
fags
fah
fahlband
fahlbands
fahlerz
fahlerzes
fahlore
fahlores
fahs
faible
faibles
faience
faiences
faik
faiked
faikes
faiking
faiks
fail
failed
failing
failings
faille
failles
fails
failure
failures
fain
faine
faineance
faineances
faineancies
faineancy
faineant
faineantise
faineantises
faineants
fained
fainer
faines
fainest
faining
fainites
fainly
fainness
fainnesses
fains
faint
fainted
fainter
faintest
faintier
faintiest
fainting
faintings
faintish
faintishness
faintishnesses
faintly
faintness
faintnesses
faints
fainty
fair
faired
fairer
fairest
fairground
fairgrounds
fairies
fairily
fairing
fairings
fairish
fairly
fairness
fairnesses
fairnitickle
fairnitickles
fairniticle
fairniticles
fairnytickle
fairnytickles
fairnyticle
fairnyticles
fairs
fairway
fairways
fairy
fairydom
fairydoms
fairyhood
fairyhoods
fairyism
fairyisms
fairyland
fairylands
fairylike
fairytale
fairytales
faith
faithcure
faithcures
faithed
faithful
faithfully
faithfulness
faithfulnesses
faithing
faithless
faithlessly
faithlessness
faithlessnesses
faiths
faithworthiness
faithworthinesses
faithworthy
faitor
faitors
faitour
faitours
faix
fajitas
fake
faked
fakement
fakements
faker
fakeries
fakers
fakery
fakes
faking
fakir
fakirism
fakirisms
fakirs
falafel
falafels
falaj
falangism
falangisms
falangist
falangists
falbala
falbalas
falcade
falcades
falcate
falcated
falcation
falcations
falces
falchion
falchions
falciform
falcon
falconer
falconers
falconet
falconets
falconine
falconries
falconry
falcons
falcula
falculas
falculate
faldage
faldages
falderal
falderals
faldetta
faldettas
faldistories
faldistory
faldstool
faldstools
fall
fallacies
fallacious
fallaciously
fallaciousness
fallaciousnesses
fallacy
fallal
fallaleries
fallalery
fallalishly
fallals
fallen
faller
fallers
fallibilism
fallibilisms
fallibilist
fallibilists
fallibilities
fallibility
fallible
fallibly
falling
fallings
fallout
fallouts
fallow
fallowed
fallower
fallowest
fallowing
fallowness
fallownesses
fallows
falls
false
falsed
falsehood
falsehoods
falsely
falseness
falsenesses
falser
falsers
falses
falsest
falsetto
falsettos
falsework
falseworks
falsidical
falsies
falsifiabilities
falsifiability
falsifiable
falsification
falsifications
falsified
falsifier
falsifiers
falsifies
falsify
falsifying
falsing
falsish
falsism
falsisms
falsities
falsity
faltboat
faltboats
falter
faltered
faltering
falteringly
falterings
falters
falx
fame
famed
fameless
fames
familial
familiar
familiarise
familiarised
familiarises
familiarising
familiarities
familiarity
familiarize
familiarized
familiarizes
familiarizing
familiarly
familiars
families
familism
familisms
familistic
family
famine
famines
faming
famish
famished
famishes
famishing
famishment
famishments
famous
famoused
famouses
famousing
famously
famousness
famousnesses
famulus
famuluses
fan
fanal
fanals
fanatic
fanatical
fanatically
fanaticise
fanaticised
fanaticises
fanaticising
fanaticism
fanaticisms
fanaticize
fanaticized
fanaticizes
fanaticizing
fanatics
fanciable
fancied
fancier
fanciers
fancies
fanciest
fanciful
fancifully
fancifulness
fancifulnesses
fanciless
fancy
fancying
fancywork
fancyworks
fand
fandangle
fandangles
fandango
fandangoes
fandangos
fanded
fanding
fandom
fandoms
fands
fane
fanes
fanfarade
fanfarades
fanfare
fanfared
fanfares
fanfaring
fanfaron
fanfarona
fanfaronade
fanfaronaded
fanfaronades
fanfaronading
fanfaronas
fanfarons
fanfold
fang
fanged
fanging
fangle
fangled
fangles
fangless
fangling
fango
fangos
fangs
fanion
fanions
fank
fankle
fankled
fankles
fankling
fanks
fanlight
fanlights
fanned
fannel
fannell
fannells
fannels
fanner
fanners
fannies
fanning
fannings
fanny
fanon
fanons
fans
fantad
fantads
fantail
fantailed
fantails
fantasia
fantasias
fantasied
fantasies
fantasise
fantasised
fantasises
fantasising
fantasist
fantasists
fantasize
fantasized
fantasizes
fantasizing
fantasm
fantasms
fantasque
fantasques
fantast
fantastic
fantastical
fantasticalities
fantasticality
fantastically
fantasticalness
fantasticalnesses
fantasticate
fantasticated
fantasticates
fantasticating
fantastication
fantastications
fantasticism
fantasticisms
fantastico
fantasticoes
fantastics
fantastries
fantastry
fantasts
fantasy
fantasying
fanteeg
fanteegs
fantigue
fantigues
fantoccini
fantod
fantods
fantom
fantoms
fantoosh
fanzine
fanzines
fap
faquir
faquirs
far
farad
faraday
faradays
faradic
faradisation
faradisations
faradise
faradised
faradises
faradising
faradism
faradisms
faradization
faradizations
faradize
faradized
faradizes
faradizing
farads
farand
farandine
farandines
farandole
farandoles
faraway
farawayness
farawaynesses
faraways
farborough
farboroughs
farce
farced
farces
farcical
farcicalities
farcicality
farcically
farcied
farcies
farcified
farcifies
farcify
farcifying
farcin
farcing
farcings
farcins
farcy
fard
fardage
fardages
farded
fardel
fardels
farden
fardens
farding
fardings
fards
fare
fared
fares
farewell
farewells
farfet
farina
farinaceous
farinas
faring
farinose
farl
farle
farles
farls
farm
farmed
farmer
farmeress
farmeresses
farmeries
farmers
farmery
farmhouse
farmhouses
farming
farmings
farmost
farms
farmstead
farmsteads
farmyard
farmyards
farnesol
farnesols
farness
farnesses
faro
faros
farouche
farraginous
farrago
farragoes
farragos
farrand
farrandine
farrandines
farrant
farred
farren
farrens
farrier
farrieries
farriers
farriery
farring
farrow
farrowed
farrowing
farrows
fars
farse
farsed
farses
farsing
fart
farted
farthel
farthels
farther
farthermore
farthermost
farthest
farthing
farthingale
farthingales
farthingland
farthinglands
farthingless
farthings
farthingsworth
farthingsworths
farting
fartlek
fartleks
farts
fas
fasces
fasci
fascia
fascial
fascias
fasciate
fasciated
fasciation
fasciations
fascicle
fascicled
fascicles
fascicular
fasciculate
fasciculated
fasciculation
fasciculations
fascicule
fascicules
fasciculi
fasciculus
fascinate
fascinated
fascinates
fascinating
fascination
fascinations
fascinator
fascinators
fascine
fascines
fascio
fasciola
fasciolas
fasciole
fascioles
fascism
fascisms
fascist
fascistic
fascists
fash
fashed
fasheries
fashery
fashes
fashing
fashion
fashionable
fashionableness
fashionablenesses
fashionables
fashionably
fashioned
fashioner
fashioners
fashioning
fashionist
fashionists
fashionmongering
fashionmonging
fashions
fashious
fashiousness
fashiousnesses
fast
fastback
fastbacks
fastball
fastballs
fasted
fasten
fastened
fastener
fasteners
fastening
fastenings
fastens
faster
fasters
fastest
fasti
fastidious
fastidiously
fastidiousness
fastidiousnesses
fastigiate
fastigiated
fastigium
fastigiums
fasting
fastings
fastish
fastly
fastness
fastnesses
fasts
fastuous
fat
fatal
fatalism
fatalisms
fatalist
fatalistic
fatalists
fatalities
fatality
fatally
fatbrained
fate
fated
fateful
fatefully
fatefulness
fatefulnesses
fates
father
fathered
fatherhood
fatherhoods
fathering
fatherland
fatherlands
fatherless
fatherlessness
fatherlessnesses
fatherlike
fatherliness
fatherlinesses
fatherly
fathers
fathership
fatherships
fathom
fathomable
fathomed
fathometer
fathometers
fathoming
fathomless
fathoms
fatidical
fatidically
fatigable
fatigableness
fatigablenesses
fatigate
fatigated
fatigates
fatigating
fatiguable
fatiguableness
fatiguablenesses
fatigue
fatigued
fatigues
fatiguing
fatiguingly
fatiscence
fatiscences
fatiscent
fatling
fatlings
fatly
fatness
fatnesses
fats
fatsia
fatsias
fatso
fatsoes
fatsos
fatstock
fatstocks
fatted
fatten
fattened
fattener
fatteners
fattening
fattenings
fattens
fatter
fattest
fattier
fatties
fattiest
fattiness
fattinesses
fatting
fattish
fattism
fattisms
fattist
fattists
fattrels
fatty
fatuities
fatuitous
fatuity
fatuous
fatuousness
fatuousnesses
fatwa
fatwah
fatwahing
fatwahs
fatwaing
fatwas
faucal
fauces
faucet
faucets
fauchion
fauchions
fauchon
fauchons
faucial
faugh
faulchin
faulchins
faulchion
faulchions
fault
faulted
faultful
faultier
faultiest
faultily
faultiness
faultinesses
faulting
faultless
faultlessly
faultlessness
faultlessnesses
faults
faulty
faun
fauna
faunae
faunal
faunas
faunist
faunistic
faunists
fauns
faurd
faustian
fauteuil
fauteuils
fautor
fautors
fauvette
fauvettes
fauxbourdon
fauxbourdons
fave
favel
favela
favelas
favell
faveolate
faver
favest
favism
favisms
favor
favorable
favorableness
favorablenesses
favorably
favored
favoredness
favorednesses
favorer
favorers
favoring
favorite
favorites
favoritism
favoritisms
favorless
favors
favose
favour
favourable
favourableness
favourablenesses
favourably
favoured
favouredness
favourednesses
favourer
favourers
favouring
favourite
favourites
favouritism
favouritisms
favourless
favours
favous
favrile
favriles
favus
favuses
faw
fawn
fawned
fawner
fawners
fawning
fawningly
fawningness
fawningnesses
fawnings
fawns
faws
fax
faxed
faxes
faxing
fay
fayalite
fayalites
fayed
fayence
fayences
fayer
fayest
faying
fayne
fayned
faynes
fayning
fayre
fayres
fays
faze
fazed
fazenda
fazendas
fazendeiro
fazendeiros
fazes
fazing
feague
feagued
feagues
feaguing
feal
fealed
fealing
feals
fealties
fealty
fear
feare
feared
feares
fearful
fearfully
fearfulness
fearfulnesses
fearing
fearless
fearlessly
fearlessness
fearlessnesses
fearnought
fearnoughts
fears
fearsome
fearsomely
feasibilities
feasibility
feasible
feasibleness
feasiblenesses
feasibly
feast
feasted
feaster
feasters
feastful
feasting
feastings
feasts
feat
feated
feateous
feateously
feather
featherbed
featherbedded
featherbedding
featherbeddings
featherbeds
feathered
featherier
featheriest
featheriness
featherinesses
feathering
featherings
feathers
featherweight
featherweights
feathery
feating
featly
featous
feats
featuous
feature
featured
featureless
featurely
features
featuring
feblesse
feblesses
febricities
febricity
febricula
febriculas
febricule
febricules
febrifacient
febrific
febrifugal
febrifuge
febrifuges
febrile
febrilities
febrility
fecal
feces
fecht
fechter
fechters
fechting
fechts
fecial
feck
feckless
fecklessly
fecklessness
fecklessnesses
feckly
fecks
fecula
feculas
feculence
feculences
feculencies
feculency
feculent
fecund
fecundate
fecundated
fecundates
fecundating
fecundation
fecundations
fecundities
fecundity
fed
fedarie
fedaries
fedayee
fedayeen
fedelini
fedelinis
federacies
federacy
federal
federalisation
federalisations
federalise
federalised
federalises
federalising
federalism
federalisms
federalist
federalists
federalization
federalizations
federalize
federalized
federalizes
federalizing
federals
federarie
federaries
federary
federate
federated
federates
federating
federation
federations
federative
fedora
fedoras
feds
fee
feeble
feebled
feebleness
feeblenesses
feebler
feebles
feeblest
feebling
feeblish
feebly
feed
feedback
feedbacks
feeder
feeders
feeding
feedings
feedlot
feedlots
feeds
feedstock
feedstocks
feedstuff
feedstuffs
feeing
feel
feelbad
feelbads
feeler
feelers
feelgood
feelgoods
feeling
feelingless
feelingly
feelings
feels
feer
feered
feerin
feering
feerings
feerins
feers
fees
feese
feesed
feeses
feesing
feet
feetless
feeze
feezed
feezes
feezing
fegaries
fegary
fegs
fehm
fehme
fehmic
feign
feigned
feignedly
feignedness
feignednesses
feigning
feignings
feigns
feijoa
feijoas
feint
feinted
feinter
feintest
feinting
feints
feis
feiseanna
feistier
feistiest
feistiness
feistinesses
feisty
felafel
felafels
feldgrau
feldgraus
feldsher
feldshers
feldspar
feldspars
feldspath
feldspathic
feldspathoid
feldspathoids
feldspaths
felicia
felicias
felicific
felicitate
felicitated
felicitates
felicitating
felicitation
felicitations
felicities
felicitous
felicitously
felicity
felid
felids
feline
felines
felinities
felinity
fell
fella
fellable
fellah
fellaheen
fellahin
fellahs
fellas
fellate
fellated
fellates
fellating
fellatio
fellation
fellations
fellatios
felled
feller
fellers
fellest
fellies
felling
fellmonger
fellmongers
fellness
fellnesses
felloe
felloes
fellow
fellowly
fellows
fellowship
fellowships
fells
fellwalker
fellwalkers
felly
felon
felonies
felonious
feloniously
feloniousness
feloniousnesses
felonous
felonries
felonry
felons
felony
felsic
felsite
felsites
felsitic
felspar
felspars
felspathic
felspathoid
felspathoids
felstone
felstones
felt
felted
felter
feltered
feltering
felters
feltier
feltiest
felting
feltings
felts
felty
felucca
feluccas
felwort
felworts
femal
female
femaleness
femalenesses
females
femalities
femality
femals
feme
femerall
femeralls
femes
femetaries
femetary
feminal
feminalities
feminality
femineities
femineity
feminilities
feminility
feminine
femininely
feminineness
femininenesses
feminines
femininism
femininisms
femininities
femininity
feminisation
feminisations
feminise
feminised
feminises
feminising
feminism
feminisms
feminist
feministic
feminists
feminities
feminity
feminization
feminizations
feminize
feminized
feminizes
feminizing
femiter
femiters
femora
femoral
femur
femurs
fen
fence
fenced
fenceless
fencer
fencers
fences
fencible
fencibles
fencing
fencings
fend
fended
fender
fenders
fendier
fendiest
fending
fends
fendy
fenestella
fenestellas
fenestra
fenestral
fenestrals
fenestras
fenestrate
fenestrated
fenestration
fenestrations
feni
fenis
fenitar
fenitars
fenks
fenland
fenlands
fenman
fenmen
fennec
fennecs
fennel
fennels
fennier
fennies
fenniest
fennish
fenny
fens
fent
fents
fenugreek
fenugreeks
feod
feodal
feodaries
feodary
feods
feoff
feoffed
feoffee
feoffees
feoffer
feoffers
feoffing
feoffment
feoffments
feoffor
feoffors
feoffs
feracious
feracities
feracity
feral
feralised
feralized
fere
ferer
feres
ferest
feretories
feretory
ferial
ferine
ferities
ferity
ferlied
ferlier
ferlies
ferliest
ferly
ferlying
ferm
fermata
fermatas
fermate
ferment
fermentabilities
fermentability
fermentable
fermentation
fermentations
fermentative
fermentativeness
fermentativenesses
fermented
fermentescible
fermenting
fermentitious
fermentive
ferments
fermi
fermion
fermions
fermis
fermium
fermiums
ferms
fern
fernbird
fernbirds
ferneries
fernery
fernier
ferniest
ferning
fernings
fernitickle
fernitickles
ferniticle
ferniticles
ferns
fernshaw
fernshaws
ferntickle
ferntickled
ferntickles
fernticle
fernticled
fernticles
ferny
fernytickle
fernytickles
fernyticle
fernyticles
ferocious
ferociously
ferociousness
ferociousnesses
ferocities
ferocity
ferrandine
ferrandines
ferrate
ferrates
ferrel
ferrels
ferreous
ferret
ferreted
ferreter
ferreters
ferreting
ferrets
ferrety
ferriage
ferriages
ferric
ferricyanide
ferricyanides
ferricyanogen
ferricyanogens
ferried
ferries
ferriferous
ferrimagnetic
ferrimagnetism
ferrimagnetisms
ferrite
ferrites
ferritic
ferritin
ferritins
ferroconcrete
ferroconcretes
ferrocyanide
ferrocyanides
ferrocyanogen
ferrocyanogens
ferroelectric
ferroelectricities
ferroelectricity
ferrogram
ferrograms
ferrographies
ferrography
ferromagnesian
ferromagnetic
ferromagnetism
ferromagnetisms
ferroniere
ferronieres
ferronniere
ferronnieres
ferroprussiate
ferroprussiates
ferrosoferric
ferrotype
ferrotypes
ferrous
ferrugineous
ferruginous
ferrugo
ferrugos
ferrule
ferrules
ferry
ferrying
ferryman
ferrymen
fertile
fertilely
fertiler
fertilest
fertilisation
fertilisations
fertilise
fertilised
fertiliser
fertilisers
fertilises
fertilising
fertilities
fertility
fertilization
fertilizations
fertilize
fertilized
fertilizer
fertilizers
fertilizes
fertilizing
ferula
ferulaceous
ferulas
ferule
ferules
fervencies
fervency
fervent
ferventer
ferventest
fervently
fervescent
fervid
fervider
fervidest
fervidities
fervidity
fervidly
fervidness
fervidnesses
fervorous
fervour
fervours
fescue
fescues
fess
fesse
fessed
fesses
fessing
fest
festal
festally
festals
fester
festered
festering
festers
festilogies
festilogy
festinate
festinated
festinately
festinates
festinating
festination
festinations
festival
festivals
festive
festively
festivities
festivity
festivous
festologies
festology
festoon
festooned
festooneries
festoonery
festooning
festoons
fests
festschrift
festschrifts
fet
feta
fetal
fetas
fetch
fetched
fetches
fetching
fete
feted
fetes
fetial
fetich
fetiche
fetiches
fetichise
fetichised
fetichises
fetichising
fetichism
fetichisms
fetichist
fetichistic
fetichists
fetichize
fetichized
fetichizes
fetichizing
feticidal
feticide
feticides
fetid
fetider
fetidest
fetidness
fetidnesses
feting
fetish
fetishes
fetishise
fetishised
fetishises
fetishising
fetishism
fetishisms
fetishist
fetishistic
fetishists
fetishize
fetishized
fetishizes
fetishizing
fetlock
fetlocked
fetlocks
fetor
fetors
fetoscopies
fetoscopy
fets
fett
fetta
fettas
fetted
fetter
fettered
fettering
fetterless
fetterlock
fetterlocks
fetters
fetting
fettle
fettled
fettler
fettlers
fettles
fettling
fettlings
fetts
fettuccine
fettuccines
fettucine
fettucines
fettucini
fettucinis
fetus
fetuses
fetwa
fetwas
feu
feuar
feuars
feud
feudal
feudalisation
feudalisations
feudalise
feudalised
feudalises
feudalising
feudalism
feudalisms
feudalist
feudalistic
feudalists
feudalities
feudality
feudalization
feudalizations
feudalize
feudalized
feudalizes
feudalizing
feudally
feudaries
feudary
feudatories
feudatory
feuded
feuding
feudings
feudist
feudists
feuds
feued
feuilleton
feuilletonism
feuilletonisms
feuilletonist
feuilletonists
feuilletons
feuing
feus
feutre
feutred
feutres
feutring
fever
fevered
feverfew
feverfews
fevering
feverish
feverishly
feverishness
feverishnesses
feverous
fevers
few
fewer
fewest
fewmet
fewmets
fewness
fewnesses
fewter
fewtered
fewtering
fewters
fewtrils
fey
feyed
feyer
feyest
feying
feys
fez
fezes
fezzed
fezzes
fiacre
fiacres
fiancailles
fiance
fiancee
fiancees
fiances
fianchetti
fianchetto
fianchettoed
fianchettoing
fianchettos
fiar
fiars
fiasco
fiascoes
fiascos
fiat
fiated
fiating
fiats
fiaunt
fiaunts
fib
fibbed
fibber
fibberies
fibbers
fibbery
fibbing
fiber
fiberboard
fiberboards
fibered
fiberglass
fiberglasses
fiberless
fibers
fiberscope
fiberscopes
fibre
fibreboard
fibreboards
fibred
fibreglass
fibreglasses
fibreless
fibres
fibrescope
fibrescopes
fibriform
fibril
fibrilla
fibrillae
fibrillar
fibrillary
fibrillate
fibrillated
fibrillates
fibrillating
fibrillation
fibrillations
fibrillin
fibrillins
fibrillose
fibrillous
fibrils
fibrin
fibrinogen
fibrinogens
fibrinolysin
fibrinolysins
fibrinous
fibrins
fibro
fibroblast
fibroblastic
fibroblasts
fibrocartilage
fibrocartilages
fibrocement
fibrocements
fibrocyte
fibrocytes
fibroid
fibroids
fibroin
fibroins
fibroline
fibrolines
fibrolite
fibrolites
fibroma
fibromas
fibromata
fibros
fibrose
fibrosed
fibroses
fibrosing
fibrosis
fibrositis
fibrositises
fibrotic
fibrous
fibrovascular
fibs
fibster
fibsters
fibula
fibulae
fibular
fibulas
fiche
fiches
fichu
fichus
fickle
fickled
fickleness
ficklenesses
fickler
fickles
ficklest
fickling
fico
ficos
fictile
fiction
fictional
fictionalise
fictionalised
fictionalises
fictionalising
fictionalize
fictionalized
fictionalizes
fictionalizing
fictionist
fictionists
fictions
fictitious
fictitiously
fictive
fictor
fictors
ficus
ficuses
fid
fiddious
fiddioused
fiddiouses
fiddiousing
fiddle
fiddleback
fiddlebacks
fiddled
fiddlehead
fiddleheads
fiddler
fiddlers
fiddles
fiddlestick
fiddlesticks
fiddlewood
fiddlewoods
fiddley
fiddleys
fiddlier
fiddliest
fiddling
fiddly
fideism
fideisms
fideist
fideistic
fideists
fidelities
fidelity
fidge
fidged
fidges
fidget
fidgeted
fidgetier
fidgetiest
fidgetiness
fidgetinesses
fidgeting
fidgets
fidgety
fidging
fidibus
fidibuses
fids
fiducial
fiducially
fiduciaries
fiduciary
fie
fief
fiefdom
fiefdoms
fiefs
field
fieldboots
fielded
fielder
fielders
fieldfare
fieldfares
fielding
fieldings
fieldmice
fieldmouse
fieldpiece
fieldpieces
fields
fieldsman
fieldsmen
fieldstone
fieldstones
fieldvole
fieldvoles
fieldward
fieldwards
fieldwork
fieldworker
fieldworkers
fieldworks
fiend
fiendish
fiendishly
fiendishness
fiendishnesses
fiends
fient
fients
fier
fierce
fiercely
fierceness
fiercenesses
fiercer
fiercest
fiere
fieres
fierier
fieriest
fierily
fieriness
fierinesses
fiery
fiest
fiesta
fiestas
fife
fifed
fifer
fifers
fifes
fifing
fifteen
fifteener
fifteeners
fifteens
fifteenth
fifteenthly
fifteenths
fifth
fifthly
fifths
fifties
fiftieth
fiftieths
fifty
fiftyish
fig
figged
figgeries
figgery
figging
fight
fightable
fightback
fightbacks
fighter
fighters
fighting
fightings
fights
figment
figments
figo
figos
figs
figuline
figulines
figurabilities
figurability
figurable
figural
figurant
figurants
figurate
figuration
figurations
figurative
figuratively
figurativeness
figurativenesses
figure
figured
figurehead
figureheads
figures
figurework
figureworks
figurine
figurines
figuring
figurist
figurists
figwort
figworts
fike
fiked
fikeries
fikery
fikes
fikier
fikiest
fiking
fikish
fiky
fil
filabeg
filabegs
filaceous
filacer
filacers
filagree
filagrees
filament
filamentary
filamentous
filaments
filander
filanders
filar
filaria
filarial
filarias
filariases
filariasis
filasse
filasses
filatories
filatory
filature
filatures
filazer
filazers
filberd
filberds
filbert
filberts
filch
filched
filcher
filchers
filches
filching
filchingly
filchings
file
filed
filemot
filemots
filename
filenames
filer
filers
files
filfot
filfots
filial
filially
filiate
filiated
filiates
filiating
filiation
filiations
filibeg
filibegs
filibuster
filibustered
filibusterer
filibusterers
filibustering
filibusterings
filibusterism
filibusterisms
filibusterous
filibusters
filicide
filicides
filicinean
filiform
filigrain
filigrains
filigrane
filigranes
filigree
filigreed
filigrees
filing
filings
filiopietistic
filioque
filioques
filipendulous
fill
filled
filler
fillers
fillet
filleted
filleting
fillets
fillibeg
fillibegs
fillies
filling
fillings
fillip
filliped
fillipeen
fillipeens
filliping
fillips
fillister
fillisters
fills
filly
film
filmable
filmdom
filmdoms
filmed
filmgoer
filmgoers
filmic
filmier
filmiest
filminess
filminesses
filming
filmish
filmland
filmlands
filmographies
filmography
films
filmset
filmsets
filmsetting
filmsettings
filmy
filo
filoplume
filoplumes
filopodia
filopodium
filos
filose
filoselle
filoselles
filter
filterabilities
filterability
filterable
filtered
filtering
filters
filth
filthier
filthiest
filthily
filthiness
filthinesses
filths
filthy
filtrabilities
filtrability
filtrable
filtrate
filtrated
filtrates
filtrating
filtration
filtrations
fimble
fimbles
fimbria
fimbriae
fimbriate
fimbriated
fimbriates
fimbriating
fimbriation
fimbriations
fimicolous
fin
finable
finagle
finagled
finagles
finagling
final
finale
finales
finalise
finalised
finalises
finalising
finalism
finalisms
finalist
finalists
finalities
finality
finalize
finalized
finalizes
finalizing
finally
finals
finance
financed
finances
financial
financialist
financialists
financially
financier
financiered
financiering
financiers
financing
finback
finbacks
finch
finched
finches
find
finder
finders
finding
findings
findram
findrams
finds
fine
fined
fineer
fineered
fineering
fineers
fineish
fineless
finely
fineness
finenesses
finer
fineries
finers
finery
fines
finesse
finessed
finesser
finessers
finesses
finessing
finessings
finest
fingan
fingans
finger
fingerboard
fingerboards
fingerbowl
fingerbowls
fingered
fingerglass
fingerglasses
fingerguard
fingerguards
fingerhold
fingerholds
fingerhole
fingerholes
fingering
fingerings
fingerless
fingerling
fingerlings
fingermark
fingermarks
fingernail
fingernails
fingerplate
fingerplates
fingerpost
fingerposts
fingerprint
fingerprinted
fingerprinting
fingerprintings
fingerprints
fingers
fingerstall
fingerstalls
fingertip
fingertips
finial
finials
finical
finicalities
finicality
finically
finicalness
finicalnesses
finicketier
finicketiest
finickety
finickier
finickiest
finicking
finickings
finicky
finikin
fining
finings
finish
finished
finisher
finishers
finishes
finishing
finishings
finite
finitely
finiteness
finitenesses
finitude
finitudes
finjan
finjans
fink
finked
finking
finks
finless
finnac
finnack
finnacks
finnacs
finnan
finnans
finned
finner
finners
finnesko
finnier
finniest
finnochio
finnochios
finnock
finnocks
finnsko
finny
fino
finocchio
finocchios
finochio
finochios
finos
fins
finsko
fiord
fiords
fiorin
fiorins
fioritura
fioriture
fippence
fippences
fipple
fipples
fir
fire
firearm
firearms
fireball
fireballs
firebox
fireboxes
firebrand
firebrands
firebrat
firebrats
firebrick
firebricks
firebug
firebugs
firecracker
firecrackers
firecrest
firecrests
fired
firedamp
firedamps
firedog
firedogs
fireflies
firefloat
firefloats
firefly
fireguard
fireguards
firehouse
firehouses
fireless
firelight
firelighter
firelighters
firelights
firelock
firelocks
fireman
firemark
firemarks
firemen
firepan
firepans
fireplace
fireplaces
firepot
firepots
fireproof
fireproofed
fireproofing
fireproofings
fireproofs
firer
firers
fires
firescreen
firescreens
fireship
fireships
fireside
firesides
firestone
firestones
firethorn
firethorns
firewall
firewalls
fireweed
fireweeds
firewoman
firewomen
firewood
firewoods
firework
fireworks
fireworm
fireworms
firing
firings
firk
firked
firkin
firking
firkins
firks
firlot
firlots
firm
firmament
firmamental
firmaments
firman
firmans
firmed
firmer
firmers
firmest
firming
firmless
firmly
firmness
firmnesses
firms
firmware
firmwares
firn
firns
firrier
firriest
firring
firrings
firry
firs
first
firstling
firstlings
firstly
firsts
firth
firths
fisc
fiscal
fiscally
fiscals
fiscs
fisgig
fisgigs
fish
fishable
fishball
fishballs
fishburger
fishburgers
fished
fisher
fisheries
fisherman
fishermen
fishers
fishery
fishes
fisheye
fisheyes
fishful
fishgig
fishgigs
fishier
fishiest
fishified
fishifies
fishify
fishifying
fishiness
fishinesses
fishing
fishings
fishmonger
fishmongers
fishskin
fishskins
fishwife
fishwives
fishy
fishyback
fishybacks
fisk
fisked
fisking
fisks
fisnomie
fisnomies
fissicostate
fissile
fissilingual
fissilities
fissility
fission
fissionable
fissions
fissiparism
fissiparisms
fissiparities
fissiparity
fissiparous
fissiparously
fissiparousness
fissiparousnesses
fissiped
fissipede
fissipedes
fissipeds
fissirostral
fissive
fissle
fissled
fissles
fissling
fissure
fissured
fissures
fissuring
fist
fisted
fistful
fistfuls
fistiana
fistic
fistical
fisticuff
fisticuffs
fistier
fistiest
fisting
fistmele
fistmeles
fists
fistula
fistulae
fistular
fistulas
fistulose
fistulous
fisty
fit
fitch
fitche
fitchee
fitches
fitchet
fitchets
fitchew
fitchews
fitchy
fitful
fitfully
fitfulness
fitfulnesses
fitlier
fitliest
fitly
fitment
fitments
fitness
fitnesses
fits
fitt
fitte
fitted
fitter
fitters
fittes
fittest
fitting
fittingly
fittings
fitts
five
fivefinger
fivefingers
fivefold
fivepence
fivepences
fivepenny
fivepin
fivepins
fiver
fivers
fives
fix
fixable
fixate
fixated
fixates
fixating
fixation
fixations
fixative
fixatives
fixature
fixatures
fixed
fixedly
fixedness
fixednesses
fixer
fixers
fixes
fixing
fixings
fixities
fixity
fixive
fixture
fixtures
fixure
fixures
fiz
fizgig
fizgigs
fizz
fizzed
fizzen
fizzenless
fizzens
fizzer
fizzers
fizzes
fizzgig
fizzgigs
fizzier
fizziest
fizzing
fizzings
fizzle
fizzled
fizzles
fizzling
fizzy
fjord
fjords
flab
flabbergast
flabbergasted
flabbergasting
flabbergasts
flabbier
flabbiest
flabbily
flabbiness
flabbinesses
flabby
flabella
flabellate
flabellation
flabellations
flabelliform
flabellum
flabellums
flabs
flaccid
flaccider
flaccidest
flaccidities
flaccidity
flaccidly
flaccidness
flaccidnesses
flack
flacker
flackered
flackering
flackers
flacket
flackets
flacks
flacon
flacons
flaff
flaffed
flaffer
flaffered
flaffering
flaffers
flaffing
flaffs
flag
flagella
flagellant
flagellantism
flagellantisms
flagellants
flagellate
flagellated
flagellates
flagellating
flagellation
flagellations
flagellator
flagellators
flagellatory
flagelliferous
flagelliform
flagellomania
flagellomaniac
flagellomaniacs
flagellomanias
flagellum
flageolet
flageolets
flagged
flaggier
flaggiest
flagginess
flagginesses
flagging
flaggings
flaggy
flagitate
flagitated
flagitates
flagitating
flagitation
flagitations
flagitious
flagitiously
flagitiousness
flagitiousnesses
flagon
flagons
flagpole
flagpoles
flagrance
flagrances
flagrancies
flagrancy
flagrant
flagrantly
flags
flagship
flagships
flagstaff
flagstaffs
flagstick
flagsticks
flagstone
flagstones
flail
flailed
flailing
flails
flair
flairs
flak
flake
flaked
flakes
flakier
flakies
flakiest
flakiness
flakinesses
flaking
flaks
flaky
flam
flambe
flambeau
flambeaus
flambeaux
flambeed
flamboyance
flamboyances
flamboyancies
flamboyancy
flamboyant
flamboyante
flamboyantes
flamboyantly
flamboyants
flame
flamed
flameless
flamelet
flamelets
flamen
flamenco
flamencos
flamens
flameout
flameouts
flames
flamfew
flamfews
flamier
flamiest
flamines
flaming
flamingly
flamingo
flamingoes
flamingos
flaminical
flamm
flammabilities
flammability
flammable
flammed
flammiferous
flamming
flamms
flammulated
flammulation
flammulations
flammule
flammules
flams
flamy
flan
flanch
flanched
flanches
flanching
flanchings
flanconade
flanconades
flanerie
flaneries
flaneur
flaneurs
flange
flanged
flanges
flanging
flank
flanked
flanker
flankered
flankering
flankers
flanking
flanks
flannel
flannelboard
flannelboards
flannelette
flannelettes
flannelgraph
flannelgraphs
flannelled
flannelling
flannelly
flannels
flannen
flannens
flans
flap
flapdoodle
flapdoodles
flapjack
flapjacks
flappable
flapped
flapper
flapperhood
flapperhoods
flapperish
flappers
flappier
flappiest
flapping
flappings
flappy
flaps
flaptrack
flaptracks
flare
flared
flares
flarier
flariest
flaring
flaringly
flary
flaser
flasers
flash
flashback
flashbacked
flashbacking
flashbacks
flashbulb
flashbulbs
flashcube
flashcubes
flashed
flasher
flashers
flashes
flashest
flashforward
flashforwarded
flashforwarding
flashforwards
flashgun
flashguns
flashier
flashiest
flashily
flashiness
flashinesses
flashing
flashings
flashlight
flashlights
flashy
flask
flasket
flaskets
flasks
flat
flatback
flatbacks
flatbed
flatbeds
flatboat
flatboats
flatfish
flatfishes
flathead
flatheads
flatiron
flatirons
flatlet
flatlets
flatling
flatlings
flatlong
flatly
flatmate
flatmates
flatness
flatnesses
flatpack
flatpacks
flats
flatshare
flatshares
flatted
flatten
flattened
flattening
flattens
flatter
flattered
flatterer
flatterers
flatteries
flattering
flatteringly
flatterous
flatterously
flatters
flattery
flattest
flatties
flatting
flattings
flattish
flatty
flatulence
flatulences
flatulencies
flatulency
flatulent
flatulently
flatuous
flatus
flatuses
flatware
flatwares
flatways
flatwise
flatworm
flatworms
flaught
flaughted
flaughter
flaughtered
flaughtering
flaughters
flaughting
flaughts
flaunch
flaunched
flaunches
flaunching
flaunchings
flaune
flaunes
flaunt
flaunted
flaunter
flaunters
flauntier
flauntiest
flaunting
flauntingly
flaunts
flaunty
flautist
flautists
flavescent
flavin
flavine
flavines
flavins
flavone
flavones
flavor
flavored
flavoring
flavorings
flavorless
flavorous
flavors
flavorsome
flavour
flavoured
flavouring
flavourings
flavourless
flavours
flavoursome
flaw
flawed
flawier
flawiest
flawing
flawless
flawn
flawns
flaws
flawy
flax
flaxen
flaxes
flaxier
flaxiest
flaxy
flay
flayed
flayer
flayers
flaying
flays
flea
fleam
fleamarket
fleamarkets
fleams
fleapit
fleapits
fleas
fleasome
fleawort
fleaworts
fleche
fleches
flechette
flechettes
fleck
flecked
flecker
fleckered
fleckering
fleckers
flecking
fleckless
flecks
flection
flections
fled
fledge
fledged
fledgeling
fledgelings
fledges
fledgier
fledgiest
fledging
fledgling
fledglings
fledgy
flee
fleece
fleeced
fleeceless
fleecer
fleecers
fleeces
fleech
fleeched
fleeches
fleeching
fleechings
fleechment
fleechments
fleecier
fleeciest
fleecing
fleecy
fleeing
fleer
fleered
fleerer
fleerers
fleering
fleeringly
fleerings
fleers
flees
fleet
fleeted
fleeter
fleetest
fleeting
fleetingly
fleetly
fleetness
fleetnesses
fleets
fleg
flegged
flegging
flegs
fleme
flemes
fleming
flemish
flemished
flemishes
flemishing
flemit
flench
flenched
flenches
flenching
flense
flensed
flenses
flensing
flesh
fleshed
flesher
fleshers
fleshes
fleshhood
fleshhoods
fleshier
fleshiest
fleshiness
fleshinesses
fleshing
fleshings
fleshless
fleshlier
fleshliest
fleshliness
fleshlinesses
fleshling
fleshlings
fleshly
fleshment
fleshments
fleshmonger
fleshmongers
fleshworm
fleshworms
fleshy
fletch
fletched
fletcher
fletchers
fletches
fletching
fletton
flettons
fleuret
fleurets
fleurette
fleurettes
fleuron
fleurons
fleury
flew
flewed
flews
flex
flexed
flexes
flexibilities
flexibility
flexible
flexibleness
flexiblenesses
flexibly
flexihours
flexile
flexing
flexion
flexions
flexitime
flexitimes
flexographies
flexography
flexor
flexors
flexuose
flexuous
flexural
flexure
flexures
fley
fleyed
fleying
fleys
flibbertigibbet
flibbertigibbets
flichter
flichtered
flichtering
flichters
flick
flicked
flicker
flickered
flickering
flickeringly
flickers
flickertail
flickertails
flicking
flicks
flier
fliers
flies
fliest
flight
flighted
flightier
flightiest
flightily
flightiness
flightinesses
flighting
flightless
flights
flighty
flimp
flimped
flimping
flimps
flimsier
flimsies
flimsiest
flimsily
flimsiness
flimsinesses
flimsy
flinch
flinched
flincher
flinchers
flinches
flinching
flinchingly
flinchings
flinder
flinders
flindersia
flindersias
fling
flinger
flingers
flinging
flings
flint
flintier
flintiest
flintified
flintifies
flintify
flintifying
flintily
flintiness
flintinesses
flintlock
flintlocks
flints
flinty
flip
flippancies
flippancy
flippant
flippantly
flippantness
flippantnesses
flipped
flipper
flippers
flippest
flipping
flips
flirt
flirtation
flirtations
flirtatious
flirtatiously
flirted
flirtier
flirtiest
flirting
flirtingly
flirtings
flirtish
flirts
flirty
flisk
flisked
fliskier
fliskiest
flisking
flisks
flisky
flit
flitch
flitches
flite
flited
flites
fliting
flits
flitt
flitted
flitter
flittered
flittering
flittern
flitterns
flitters
flitting
flittings
flivver
flivvers
flix
flixed
flixes
flixing
float
floatable
floatage
floatages
floatant
floatants
floatation
floatations
floated
floatel
floatels
floater
floaters
floatier
floatiest
floating
floatingly
floatings
floats
floaty
flocci
floccillation
floccillations
floccinaucinihilipilification
floccinaucinihilipilifications
floccose
floccular
flocculate
flocculated
flocculates
flocculating
flocculation
flocculations
floccule
flocculence
flocculences
flocculent
floccules
flocculi
flocculus
floccus
flock
flocked
flocking
flocks
floe
floes
flog
flogged
flogging
floggings
flogs
flokati
flokatis
flong
flongs
flood
flooded
floodgate
floodgates
flooding
floodings
floodlight
floodlighted
floodlighting
floodlightings
floodlights
floodlit
floodmark
floodmarks
floods
floodtide
floodtides
floodwall
floodwalls
floodwater
floodwaters
floodway
floodways
floor
floorboard
floorboards
floorcloth
floorcloths
floored
floorer
floorers
floorhead
floorheads
flooring
floorings
floors
floorwalker
floorwalkers
floosie
floosies
floosy
floozie
floozies
floozy
flop
flophouse
flophouses
flopped
floppier
floppies
floppiest
floppily
floppiness
floppinesses
flopping
floppy
flops
floptical
flor
flora
florae
floral
florally
floras
floreated
florence
florences
florentine
florentines
florescence
florescences
florescent
floret
florets
floriated
floribunda
floribundas
floricultural
floriculture
floricultures
floriculturist
floriculturists
florid
floridean
florideans
florideous
florider
floridest
floridities
floridity
floridly
floridness
floridnesses
florier
floriest
floriferous
floriform
florigen
florigens
florilegia
florilegium
florin
florins
florist
floristic
floristically
floristics
floristries
floristry
florists
flors
floruit
floruited
floruiting
floruits
flory
floscular
floscule
floscules
flosculous
flosh
floshes
floss
flossed
flosses
flossier
flossiest
flossing
flossings
flossy
flota
flotage
flotages
flotant
flotas
flotation
flotations
flote
flotel
flotels
flotes
flotilla
flotillas
flotsam
flotsams
flounce
flounced
flounces
flouncier
flounciest
flouncing
flouncings
flouncy
flounder
floundered
floundering
flounders
flour
floured
flourier
flouriest
flouring
flourish
flourished
flourishes
flourishing
flourishingly
flourishy
flours
floury
flouse
floused
flouses
floush
floushed
floushes
floushing
flousing
flout
flouted
flouting
floutingly
floutingstock
floutingstocks
flouts
flow
flowage
flowages
flowed
flower
flowerage
flowerages
flowered
flowerer
flowerers
floweret
flowerets
flowerier
floweriest
floweriness
flowerinesses
flowering
flowerings
flowerless
flowerpot
flowerpots
flowers
flowery
flowing
flowingly
flowingness
flowingnesses
flowmeter
flowmeters
flown
flows
flu
fluate
fluates
flub
flubbed
flubbing
flubs
fluctuant
fluctuate
fluctuated
fluctuates
fluctuating
fluctuation
fluctuations
flue
fluellin
fluellins
fluence
fluences
fluencies
fluency
fluent
fluently
fluentness
fluentnesses
fluents
flues
fluework
flueworks
fluey
fluff
fluffed
fluffier
fluffiest
fluffiness
fluffinesses
fluffing
fluffs
fluffy
flugel
flugelhorn
flugelhornist
flugelhornists
flugelhorns
flugelman
flugelmen
flugels
fluid
fluidal
fluidic
fluidics
fluidified
fluidifies
fluidify
fluidifying
fluidisation
fluidisations
fluidise
fluidised
fluidises
fluidising
fluidities
fluidity
fluidization
fluidizations
fluidize
fluidized
fluidizes
fluidizing
fluidness
fluidnesses
fluids
fluier
fluiest
fluke
fluked
flukes
flukey
flukier
flukiest
fluking
fluky
flume
flumes
flummeries
flummery
flummox
flummoxed
flummoxes
flummoxing
flump
flumped
flumping
flumps
flung
flunk
flunked
flunkey
flunkeydom
flunkeydoms
flunkeyish
flunkeyism
flunkeyisms
flunkeys
flunkies
flunking
flunks
flunky
fluor
fluoresce
fluoresced
fluorescein
fluoresceins
fluorescence
fluorescences
fluorescent
fluoresces
fluorescing
fluoric
fluoridate
fluoridated
fluoridates
fluoridating
fluoridation
fluoridations
fluoride
fluorides
fluoridise
fluoridised
fluoridises
fluoridising
fluoridize
fluoridized
fluoridizes
fluoridizing
fluorimeter
fluorimeters
fluorimetric
fluorinate
fluorinated
fluorinates
fluorinating
fluorination
fluorinations
fluorine
fluorines
fluorite
fluorites
fluorocarbon
fluorocarbons
fluorochrome
fluorochromes
fluorometer
fluorometers
fluorometric
fluoroscope
fluoroscopes
fluoroscopic
fluoroscopies
fluoroscopy
fluoroses
fluorosis
fluorotype
fluorotypes
fluors
fluorspar
fluorspars
flurr
flurred
flurried
flurries
flurring
flurrs
flurry
flurrying
flus
flush
flushed
flusher
flushers
flushes
flushest
flushier
flushiest
flushing
flushings
flushness
flushnesses
flushy
fluster
flustered
flustering
flusterment
flusterments
flusters
flustery
flustrate
flustrated
flustrates
flustrating
flustration
flustrations
flute
fluted
flutemouth
flutemouths
fluter
fluters
flutes
flutier
flutiest
flutina
flutinas
fluting
flutings
flutist
flutists
flutter
fluttered
fluttering
flutters
fluty
fluvial
fluvialist
fluvialists
fluviatic
fluviatile
flux
fluxed
fluxes
fluxing
fluxion
fluxional
fluxionary
fluxionist
fluxionists
fluxions
fluxive
fly
flyable
flyaway
flybane
flybanes
flybelt
flybelts
flyblow
flyblows
flyboat
flyboats
flybook
flybooks
flycatcher
flycatchers
flyer
flyers
flyest
flying
flyings
flyleaf
flyleaves
flymaker
flymakers
flyover
flyovers
flypaper
flypapers
flype
flyped
flypes
flyping
flypitch
flypitcher
flypitchers
flypitches
flyposting
flypostings
flysch
flysches
flyte
flyted
flytes
flyting
flytings
flytrap
flytraps
flyway
flyways
flyweight
flyweights
flywheel
flywheels
foal
foaled
foalfoot
foalfoots
foaling
foals
foam
foamed
foamier
foamiest
foamily
foaminess
foaminesses
foaming
foamingly
foamings
foamless
foams
foamy
fob
fobbed
fobbing
fobs
focaccia
focaccias
focal
focalisation
focalisations
focalise
focalised
focalises
focalising
focalization
focalizations
focalize
focalized
focalizes
focalizing
focally
foci
focimeter
focimeters
focus
focused
focuses
focusing
focusings
focussed
focusses
focussing
fodder
foddered
fodderer
fodderers
foddering
fodderings
fodders
foe
foedarie
foedaries
foehn
foehns
foeman
foemen
foen
foes
foetal
foeticidal
foeticide
foeticides
foetid
foetider
foetidest
foetidness
foetidnesses
foetor
foetors
foetoscopies
foetoscopy
foetus
foetuses
fog
fogash
fogashes
fogbound
fogey
fogeydom
fogeydoms
fogeyish
fogeyism
fogeyisms
fogeys
foggage
foggages
fogged
fogger
foggers
foggier
foggiest
foggily
fogginess
fogginesses
fogging
foggy
foghorn
foghorns
fogies
fogle
fogles
fogless
fogman
fogmen
fogram
fogramite
fogramites
fogramities
fogramity
fograms
fogs
fogy
fogydom
fogydoms
fogyish
fogyism
fogyisms
foh
fohn
fohns
fohs
foible
foibles
foid
foids
foil
foilborne
foiled
foiling
foilings
foils
foin
foined
foining
foiningly
foins
foison
foisonless
foisons
foist
foisted
foister
foisters
foisting
foists
folacin
folacins
folate
folates
fold
foldable
foldaway
foldboat
foldboats
folded
folder
folderol
folderols
folders
folding
foldings
folds
folia
foliaceous
foliage
foliaged
foliages
foliar
foliate
foliated
foliates
foliating
foliation
foliations
foliature
foliatures
folio
folioed
folioing
foliolate
foliole
folioles
foliolose
folios
foliose
folium
folk
folkie
folkies
folkland
folklands
folklore
folklores
folkloric
folklorist
folklorists
folkmoot
folkmoots
folks
folksier
folksiest
folksiness
folksinesses
folksy
folkway
folkways
follicle
follicles
follicular
folliculated
folliculose
folliculous
follied
follies
follow
followed
follower
followers
following
followings
follows
folly
follying
foment
fomentation
fomentations
fomented
fomenter
fomenters
fomenting
foments
fomes
fomites
fon
fonctionnaire
fonctionnaires
fond
fondant
fondants
fonded
fonder
fondest
fonding
fondle
fondled
fondler
fondlers
fondles
fondling
fondlings
fondly
fondness
fondnesses
fonds
fondue
fondues
fone
fonly
fonned
fonning
fons
font
fontal
fontanel
fontanelle
fontanelles
fontanels
fontange
fontanges
fonticuli
fonticulus
fontinalis
fontinalises
fontlet
fontlets
fonts
food
foodful
foodie
foodies
foodism
foodisms
foodless
foods
foodstuff
foodstuffs
foody
fool
foolbegged
fooled
fooleries
foolery
foolhardier
foolhardiest
foolhardiness
foolhardinesses
foolhardise
foolhardised
foolhardises
foolhardising
foolhardize
foolhardized
foolhardizes
foolhardizing
foolhardy
fooling
foolings
foolish
foolisher
foolishest
foolishly
foolishness
foolishnesses
foolproof
fools
foolscap
foolscaps
foot
footage
footages
football
footballene
footballenes
footballer
footballers
footballing
footballist
footballists
footballs
footbar
footbars
footboard
footboards
footboy
footboys
footbreadth
footbreadths
footbridge
footbridges
footcloth
footcloths
footed
footer
footers
footfall
footfalls
footfault
footfaulted
footfaulting
footfaults
footgear
footgears
footguards
foothill
foothills
foothold
footholds
footie
footier
footies
footiest
footing
footings
footle
footled
footles
footless
footlight
footlights
footling
footlings
footloose
footman
footmark
footmarks
footmen
footmuff
footmuffs
footnote
footnotes
footpace
footpaces
footpad
footpads
footpage
footpages
footpath
footpaths
footplate
footplateman
footplatemen
footplates
footplatewoman
footplatewomen
footpost
footposts
footprint
footprints
footra
footras
footrest
footrests
footrot
footrots
footrule
footrules
foots
footslog
footslogged
footslogger
footsloggers
footslogging
footsloggings
footslogs
footsore
footstalk
footstalks
footstep
footsteps
footstool
footstooled
footstools
footway
footways
footwear
footwears
footwell
footwells
footwork
footworks
footworn
footy
foozle
foozled
foozler
foozlers
foozles
foozling
foozlings
fop
fopling
foplings
fopperies
foppery
foppish
foppishly
foppishness
foppishnesses
fops
for
fora
forage
foraged
forager
foragers
forages
foraging
foramen
foramina
foraminal
foraminated
foraminifer
foraminiferal
foraminiferous
foraminifers
foraminous
forane
forasmuch
foray
forayed
forayer
forayers
foraying
forays
forb
forbad
forbade
forbear
forbearance
forbearances
forbearant
forbearing
forbearingly
forbears
forbid
forbiddal
forbiddals
forbiddance
forbiddances
forbidden
forbiddenly
forbidder
forbidders
forbidding
forbiddingly
forbiddingness
forbiddingnesses
forbiddings
forbids
forbode
forbodes
forbore
forborne
forbs
forby
forbye
force
forced
forcedly
forcedness
forcednesses
forceful
forcefully
forcefulness
forcefulnesses
forceless
forcemeat
forcemeats
forceps
forcepses
forcer
forcers
forces
forcibilities
forcibility
forcible
forcibleness
forciblenesses
forcibly
forcing
forcipate
forcipated
forcipation
forcipations
forcipes
ford
fordable
forded
fordid
fording
fordo
fordoes
fordoing
fordone
fords
fore
foreanent
forearm
forearmed
forearming
forearms
forebear
forebears
forebitt
forebitter
forebitters
forebitts
forebode
foreboded
forebodement
forebodements
foreboder
foreboders
forebodes
foreboding
forebodingly
forebodings
forebrain
forebrains
foreby
forecabin
forecabins
forecar
forecarriage
forecarriages
forecars
forecast
forecasted
forecaster
forecasters
forecasting
forecastle
forecastles
forecasts
forechosen
foreclosable
foreclose
foreclosed
forecloses
foreclosing
foreclosure
foreclosures
forecloth
forecloths
forecourse
forecourses
forecourt
forecourts
foredamned
foredate
foredated
foredates
foredating
foredeck
foredecks
foredoom
foredoomed
foredooming
foredooms
forefather
forefathers
forefeel
forefeeling
forefeelingly
forefeels
forefeet
forefelt
forefinger
forefingers
forefoot
forefront
forefronts
foregather
foregathered
foregathering
foregathers
foregleam
foregleams
forego
foregoer
foregoers
foregoes
foregoing
foregoings
foregone
foregoneness
foregonenesses
foreground
foregrounded
foregrounding
foregrounds
foregut
foreguts
forehand
forehanded
forehands
forehead
foreheads
forehent
forehenting
forehents
foreign
foreigner
foreigners
foreignism
foreignisms
foreignness
foreignnesses
forejudge
forejudged
forejudgement
forejudgements
forejudges
forejudging
forejudgment
forejudgments
foreking
forekings
foreknew
foreknow
foreknowable
foreknowing
foreknowingly
foreknowledge
foreknowledges
foreknown
foreknows
forel
forelaid
forelain
foreland
forelands
forelay
forelaying
forelays
foreleg
forelegs
forelend
forelending
forelends
forelent
forelie
forelies
forelift
forelifted
forelifting
forelifts
forelimb
forelimbs
forelock
forelocks
forels
forelying
foreman
foremast
foremastman
foremastmen
foremasts
foremean
foremeaning
foremeans
foremeant
foremen
forementioned
foremost
forename
forenamed
forenames
forenight
forenights
forenoon
forenoons
forensic
forensicalities
forensicality
forensically
forensics
foreordain
foreordained
foreordaining
foreordains
foreordination
foreordinations
forepart
foreparts
forepast
forepaw
forepaws
forepayment
forepayments
forepeak
forepeaks
foreplan
foreplanned
foreplanning
foreplans
foreplay
foreplays
forepoint
forepointed
forepointing
forepoints
forequarter
forequarters
foreran
forereach
forereached
forereaches
forereaching
foreread
forereading
forereadings
forereads
forerun
forerunner
forerunners
forerunning
foreruns
fores
foresaid
foresail
foresails
foresaw
foresay
foresaying
foresays
foresee
foreseeabilities
foreseeability
foreseeable
foreseeing
foreseeingly
foreseen
foresees
foreshadow
foreshadowed
foreshadowing
foreshadowings
foreshadows
foreshew
foreshewed
foreshewing
foreshewn
foreshews
foreship
foreships
foreshock
foreshocks
foreshore
foreshores
foreshorten
foreshortened
foreshortening
foreshortenings
foreshortens
foreshow
foreshowed
foreshowing
foreshown
foreshows
foreside
foresides
foresight
foresighted
foresightful
foresightless
foresights
foresignified
foresignifies
foresignify
foresignifying
foreskin
foreskins
foreskirt
foreskirts
foreslack
foreslacked
foreslacking
foreslacks
foreslow
foreslowed
foreslowing
foreslows
forespeak
forespeaking
forespeaks
forespend
forespending
forespends
forespent
forespoke
forespoken
forest
forestage
forestages
forestair
forestairs
forestal
forestall
forestalled
forestaller
forestallers
forestalling
forestallings
forestalls
forestalment
forestalments
forestation
forestations
forestay
forestays
foresteal
forested
forester
foresters
forestine
foresting
forestries
forestry
forests
foretaste
foretasted
foretastes
foretasting
foretaught
foreteach
foreteaches
foreteaching
foreteeth
foretell
foreteller
foretellers
foretelling
foretells
forethink
forethinker
forethinkers
forethinking
forethinks
forethought
forethoughtful
forethoughts
foretime
foretimes
foretoken
foretokened
foretokening
foretokenings
foretokens
foretold
foretooth
foretop
foretops
forever
forevermore
forevers
forevouched
foreward
forewards
forewarn
forewarned
forewarning
forewarnings
forewarns
foreweigh
foreweighed
foreweighing
foreweighs
forewent
forewind
forewinds
forewing
forewings
forewoman
forewomen
foreword
forewords
forfair
forfaired
forfairing
forfairn
forfairs
forfaiter
forfaiters
forfaiting
forfaitings
forfault
forfaultable
forfaulted
forfaulter
forfaulters
forfaulting
forfaults
forfaulture
forfaultures
forfeit
forfeitable
forfeited
forfeiter
forfeiters
forfeiting
forfeits
forfeiture
forfeitures
forfend
forfended
forfending
forfends
forfeuchen
forfex
forfexes
forficate
forficulate
forfoughen
forfoughten
forgat
forgather
forgathered
forgathering
forgathers
forgave
forge
forgeable
forged
forgeman
forgemen
forger
forgeries
forgers
forgery
forges
forget
forgetful
forgetfully
forgetfulness
forgetfulnesses
forgetive
forgets
forgettable
forgetter
forgetteries
forgetters
forgettery
forgetting
forgettingly
forgettings
forging
forgings
forgivable
forgive
forgiven
forgiveness
forgivenesses
forgives
forgiving
forgo
forgoes
forgoing
forgone
forgot
forgotten
forgottenness
forgottennesses
forhaile
forhailed
forhailes
forhailing
forhent
forhenting
forhents
forhoo
forhooed
forhooie
forhooied
forhooieing
forhooies
forhooing
forhoos
forhow
forhowed
forhowing
forhows
forinsec
forinsecal
forint
forints
forisfamiliate
forisfamiliated
forisfamiliates
forisfamiliating
forisfamiliation
forisfamiliations
forjaskit
forjeskit
forjudge
forjudged
forjudges
forjudging
fork
forked
forkedly
forkedness
forkednesses
forker
forkers
forkful
forkfuls
forkhead
forkheads
forkier
forkiest
forkiness
forkinesses
forking
forks
forktail
forktails
forky
forlana
forlanas
forlend
forlending
forlends
forlent
forlese
forleses
forlesing
forlore
forlorn
forlorner
forlornest
forlornly
forlornness
forlornnesses
forlorns
form
formable
formal
formaldehyde
formaldehydes
formalin
formalins
formalisation
formalisations
formalise
formalised
formalises
formalising
formalism
formalisms
formalist
formalistic
formalists
formalities
formality
formalization
formalizations
formalize
formalized
formalizes
formalizing
formally
formant
formants
format
formate
formated
formates
formating
formation
formational
formations
formative
formatives
formats
formatted
formatter
formatters
formatting
forme
formed
former
formerly
formers
formes
formiate
formiates
formic
formicant
formicaria
formicaries
formicarium
formicary
formicate
formication
formications
formidabilities
formidability
formidable
formidableness
formidablenesses
formidably
forming
formings
formless
formlessly
formlessness
formlessnesses
formol
formols
forms
formula
formulae
formulaic
formular
formularies
formularisation
formularisations
formularise
formularised
formularises
formularising
formularistic
formularization
formularizations
formularize
formularized
formularizes
formularizing
formulary
formulas
formulate
formulated
formulates
formulating
formulation
formulations
formulise
formulised
formulises
formulising
formulism
formulisms
formulist
formulists
formulize
formulized
formulizes
formulizing
formwork
formworks
fornenst
fornent
fornical
fornicate
fornicated
fornicates
fornicating
fornication
fornications
fornicator
fornicators
fornicatress
fornicatresses
fornices
fornix
forpet
forpets
forpine
forpined
forpines
forpining
forpit
forpits
forrad
forrader
forray
forrayed
forraying
forrays
forren
forrit
forsaid
forsake
forsaken
forsakenly
forsakenness
forsakennesses
forsakes
forsaking
forsakings
forsay
forsaying
forsays
forslack
forslacked
forslacking
forslacks
forsloe
forsloed
forsloeing
forsloes
forslow
forslowed
forslowing
forslows
forsook
forsooth
forspeak
forspeaking
forspeaks
forspend
forspending
forspends
forspent
forspoke
forspoken
forswatt
forswear
forswearing
forswears
forswink
forswinked
forswinking
forswinks
forswonck
forswore
forsworn
forswornness
forswornnesses
forswunk
forsythia
forsythias
fort
fortalice
fortalices
forte
forted
fortepianist
fortepianists
fortepiano
fortepianos
fortes
forth
forthcame
forthcome
forthcomes
forthcoming
forthgoing
forthgoings
forthink
forthinking
forthinks
forthought
forthright
forthrightly
forthrightness
forthrightnesses
forthrights
forthwith
forthy
forties
fortieth
fortieths
fortifiable
fortification
fortifications
fortified
fortifier
fortifiers
fortifies
fortify
fortifying
fortilage
fortilages
forting
fortis
fortissimo
fortississimo
fortitude
fortitudes
fortitudinous
fortlet
fortlets
fortnight
fortnightlies
fortnightly
fortnights
fortress
fortressed
fortresses
fortressing
forts
fortuities
fortuitism
fortuitisms
fortuitist
fortuitists
fortuitous
fortuitously
fortuitousness
fortuitousnesses
fortuity
fortunate
fortunately
fortunateness
fortunatenesses
fortune
fortuned
fortuneless
fortunes
fortuning
fortunize
fortunized
fortunizes
fortunizing
forty
fortyish
forum
forums
forwander
forwandered
forwandering
forwanders
forward
forwarded
forwarder
forwarders
forwardest
forwarding
forwardings
forwardly
forwardness
forwardnesses
forwards
forwarn
forwarned
forwarning
forwarns
forwaste
forwasted
forwastes
forwasting
forwearied
forwearies
forweary
forwearying
forwent
forwhy
forworn
forzandi
forzando
forzandos
forzati
forzato
forzatos
foss
fossa
fossae
fossas
fosse
fossed
fosses
fossette
fossettes
fossick
fossicked
fossicker
fossickers
fossicking
fossickings
fossicks
fossil
fossiliferous
fossilisation
fossilisations
fossilise
fossilised
fossilises
fossilising
fossilization
fossilizations
fossilize
fossilized
fossilizes
fossilizing
fossils
fossor
fossorial
fossors
fossula
fossulae
fossulate
foster
fosterage
fosterages
fostered
fosterer
fosterers
fostering
fosterings
fosterling
fosterlings
fosters
fostress
fostresses
fother
fothered
fothergilla
fothergillas
fothering
fothers
fou
fouat
fouats
foud
foudrie
foudries
foudroyant
fouds
fouer
fouest
fouet
fouets
fouette
fouettes
fougade
fougades
fougasse
fougasses
fought
foughten
foughtier
foughtiest
foughty
foul
foulard
foulards
foulder
fouldered
fouldering
foulders
fouled
fouler
foulest
fouling
foully
foulmart
foulmarts
foulness
foulnesses
fouls
foumart
foumarts
found
foundation
foundational
foundationer
foundationers
foundations
founded
founder
foundered
foundering
founderous
founders
founding
foundings
foundling
foundlings
foundress
foundresses
foundries
foundry
founds
fount
fountain
fountained
fountaining
fountainless
fountains
fountful
founts
four
fourchette
fourchettes
fourfold
fourfoldness
fourfoldnesses
fourgon
fourgons
fourpence
fourpences
fourpennies
fourpenny
fours
fourscore
fourscorth
fourses
foursome
foursomes
fourteen
fourteener
fourteeners
fourteens
fourteenth
fourteenthly
fourteenths
fourth
fourthly
fourths
fous
foussa
foussas
foustier
foustiest
fousty
fouter
foutered
foutering
fouters
fouth
fouths
foutra
foutras
foutre
foutred
foutres
foutring
fovea
foveae
foveal
foveate
foveola
foveolae
foveolas
foveole
foveoles
fowl
fowled
fowler
fowlers
fowling
fowlings
fowls
fowth
fowths
fox
foxberries
foxberry
foxed
foxes
foxglove
foxgloves
foxhole
foxholes
foxhound
foxhounds
foxier
foxiest
foxiness
foxinesses
foxing
foxings
foxshark
foxsharks
foxship
foxships
foxtrot
foxtrots
foxtrotted
foxtrotting
foxy
foy
foyer
foyers
foyle
foyled
foyles
foyling
foyne
foyned
foynes
foyning
foys
fozier
foziest
foziness
fozinesses
fozy
frab
frabbed
frabbing
frabbit
frabjous
frabjously
frabs
fracas
frack
fracking
frackings
fract
fractal
fractalities
fractality
fractals
fracted
fracting
fraction
fractional
fractionalisation
fractionalisations
fractionalise
fractionalised
fractionalises
fractionalising
fractionalism
fractionalisms
fractionalist
fractionalists
fractionalization
fractionalizations
fractionalize
fractionalized
fractionalizes
fractionalizing
fractionally
fractionary
fractionate
fractionated
fractionates
fractionating
fractionation
fractionations
fractionator
fractionators
fractionisation
fractionisations
fractionise
fractionised
fractionises
fractionising
fractionization
fractionizations
fractionize
fractionized
fractionizes
fractionizing
fractionlet
fractionlets
fractions
fractious
fractiously
fractiousness
fractiousnesses
fractographies
fractography
fracts
fracture
fractured
fractures
fracturing
frae
fraena
fraenum
frag
fragged
fragging
fragile
fragilely
fragileness
fragilenesses
fragiler
fragilest
fragilities
fragility
fragment
fragmental
fragmentarily
fragmentariness
fragmentarinesses
fragmentary
fragmentation
fragmentations
fragmented
fragmenting
fragments
fragor
fragors
fragrance
fragranced
fragrances
fragrancies
fragrancing
fragrancy
fragrant
fragrantly
fragrantness
fragrantnesses
frags
frail
frailer
frailest
frailish
frailly
frailness
frailnesses
frails
frailtee
frailtees
frailties
frailty
fraim
fraims
fraise
fraised
fraises
fraising
framboesia
framboesias
frame
framed
framer
framers
frames
framework
frameworks
framing
framings
frampal
frampler
framplers
frampold
franc
franchise
franchised
franchisee
franchisees
franchisement
franchisements
franchiser
franchisers
franchises
franchising
francium
franciums
francolin
francolins
francomania
francomanias
francophil
francophile
francophiles
francophils
francophobe
francophobes
francophobia
francophobias
francophone
francs
frangibilities
frangibility
frangible
frangipane
frangipanes
frangipani
frangipanis
franion
franions
frank
frankalmoign
frankalmoigns
franked
franker
frankest
frankfurter
frankfurters
frankincense
frankincenses
franking
franklin
franklinite
franklinites
franklins
frankly
frankness
franknesses
franks
frantic
frantically
franticly
franticness
franticnesses
franzier
franziest
franzy
frap
frappe
frapped
frappee
frappes
frapping
fraps
frascati
frascatis
frass
frasses
fratch
fratches
fratchety
fratchier
fratchiest
fratching
fratchy
frater
frateries
fraternal
fraternally
fraternisation
fraternisations
fraternise
fraternised
fraterniser
fraternisers
fraternises
fraternising
fraternities
fraternity
fraternization
fraternizations
fraternize
fraternized
fraternizer
fraternizers
fraternizes
fraternizing
fraters
fratery
fratricidal
fratricide
fratricides
fratries
fratry
frau
fraud
fraudful
fraudfully
frauds
fraudsman
fraudsmen
fraudster
fraudsters
fraudulence
fraudulences
fraudulencies
fraudulency
fraudulent
fraudulently
fraught
fraughtage
fraughtages
fraughted
fraughter
fraughtest
fraughting
fraughts
fraulein
frauleins
fraus
frautage
frautages
fraxinella
fraxinellas
fray
frayed
fraying
frayings
frays
frazil
frazils
frazzle
frazzled
frazzles
frazzling
freak
freaked
freakful
freakier
freakiest
freakiness
freakinesses
freaking
freakish
freakishly
freakishness
freakishnesses
freaks
freaky
freckle
freckled
freckles
frecklier
freckliest
freckling
frecklings
freckly
free
freebase
freebased
freebases
freebasing
freebee
freebees
freebie
freebies
freebooter
freebooteries
freebooters
freebootery
freebooties
freebooting
freebootings
freebooty
freeborn
freed
freedman
freedmen
freedom
freedoms
freedwoman
freedwomen
freehand
freehold
freeholder
freeholders
freeholds
freeing
freelance
freelanced
freelancer
freelancers
freelances
freelancing
freeload
freeloaded
freeloader
freeloaders
freeloading
freeloadings
freeloads
freely
freeman
freemartin
freemartins
freemason
freemasonic
freemasonries
freemasonry
freemasons
freemen
freeness
freenesses
freephone
freephones
freer
freers
frees
freesheet
freesheets
freesia
freesias
freest
freestone
freestones
freestyle
freestyler
freestylers
freestyles
freet
freethinker
freethinkers
freetier
freetiest
freets
freety
freeware
freewares
freeway
freeways
freewheel
freewheeled
freewheeling
freewheelings
freewheels
freewoman
freewomen
freezable
freeze
freezer
freezers
freezes
freezing
freezings
freight
freightage
freightages
freighted
freighter
freighters
freighting
freights
freit
freitier
freitiest
freits
freity
fremd
fremds
fremescence
fremescences
fremescent
fremit
fremits
fremitus
fremituses
frena
french
frenetic
frenetical
frenetically
frenetics
frenne
frenula
frenulum
frenum
frenzical
frenzied
frenzies
frenzy
frenzying
freon
freons
frequence
frequences
frequencies
frequency
frequent
frequentation
frequentations
frequentative
frequentatives
frequented
frequenter
frequenters
frequentest
frequenting
frequently
frequentness
frequentnesses
frequents
frescade
frescades
fresco
frescoed
frescoer
frescoers
frescoes
frescoing
frescoings
frescoist
frescoists
frescos
fresh
freshed
freshen
freshened
freshener
fresheners
freshening
freshens
fresher
fresherdom
fresherdoms
freshers
freshes
freshest
freshet
freshets
freshing
freshish
freshly
freshman
freshmanship
freshmanships
freshmen
freshness
freshnesses
freshwater
fresnel
fresnels
fret
fretful
fretfully
fretfulness
fretfulnesses
frets
fretsaw
fretsaws
fretted
frettier
frettiest
fretting
frettings
fretty
fretwork
fretworks
friabilities
friability
friable
friableness
friablenesses
friar
friarbird
friarbirds
friaries
friarly
friars
friary
fribble
fribbled
fribbler
fribblers
fribbles
fribbling
fribblish
fricadel
fricadels
fricandeau
fricandeaux
fricassee
fricasseed
fricasseeing
fricassees
fricative
fricatives
fricht
frichted
frichting
frichts
friction
frictional
frictionless
frictions
fridge
fridged
fridges
fridging
fried
friedcake
friedcakes
friend
friended
friending
friendings
friendless
friendlessness
friendlessnesses
friendlier
friendlies
friendliest
friendlily
friendliness
friendlinesses
friendly
friends
friendship
friendships
frier
friers
fries
frieze
friezed
friezes
friezing
frig
frigate
frigates
frigatoon
frigatoons
friges
frigged
frigger
friggers
frigging
friggings
fright
frighted
frighten
frightened
frighteners
frightening
frighteningly
frightens
frightful
frightfully
frightfulness
frightfulnesses
frighting
frights
frightsome
frigid
frigider
frigidest
frigidities
frigidity
frigidly
frigidness
frigidnesses
frigorific
frigot
frigots
frigs
frijol
frijole
frijoles
frikkadel
frikkadels
frill
frilled
frillier
frillies
frilliest
frilling
frillings
frills
frilly
fringe
fringed
fringeless
fringes
fringier
fringiest
fringillaceous
fringillid
fringilliform
fringilline
fringing
fringy
fripper
fripperer
fripperers
fripperies
frippers
frippery
fris
frises
frisk
friska
friskas
frisked
frisker
friskers
frisket
friskets
friskful
friskier
friskiest
friskily
friskiness
friskinesses
frisking
friskingly
friskings
frisks
frisky
frisson
frissons
frist
fristed
fristing
frists
frit
fritflies
fritfly
frith
frithborh
frithborhs
frithgild
frithgilds
friths
frithsoken
frithsokens
frithstool
frithstools
fritillaries
fritillary
frits
fritted
fritter
frittered
fritterer
fritterers
frittering
fritters
fritting
frivol
frivolities
frivolity
frivolled
frivolling
frivolous
frivolously
frivolousness
frivolousnesses
frivols
friz
frize
frizes
frizing
frizz
frizzed
frizzes
frizzier
frizziest
frizzing
frizzle
frizzled
frizzles
frizzlier
frizzliest
frizzling
frizzly
frizzy
fro
frock
frocked
frocking
frockings
frockless
frocks
frog
frogbit
frogbits
frogged
froggeries
froggery
froggier
froggiest
frogging
froggings
froggy
froglet
froglets
frogling
froglings
frogman
frogmarch
frogmarched
frogmarches
frogmarching
frogmen
frogmouth
frogmouths
frogs
froideur
froideurs
froise
froises
frolic
frolicked
frolicking
frolics
frolicsome
frolicsomely
frolicsomeness
frolicsomenesses
from
fromenties
fromenty
frond
frondage
frondages
fronded
frondent
frondescence
frondescences
frondescent
frondeur
frondeurs
frondiferous
frondose
fronds
front
frontage
frontager
frontagers
frontages
frontal
frontals
fronted
frontier
frontiered
frontiering
frontiers
frontiersman
frontiersmen
frontierswoman
frontierswomen
fronting
frontispiece
frontispieces
frontless
frontlessly
frontlet
frontlets
frontman
frontmen
frontogeneses
frontogenesis
frontolyses
frontolysis
fronton
frontons
frontoon
frontoons
fronts
frontward
frontwards
frontways
frontwise
frore
froren
frorn
frorne
frory
frost
frostbit
frostbite
frostbites
frostbiting
frostbitten
frostbound
frosted
frostier
frostiest
frostily
frostiness
frostinesses
frosting
frostings
frostless
frostlike
frosts
frostwork
frostworks
frosty
froth
frothed
frotheries
frothery
frothier
frothiest
frothily
frothiness
frothinesses
frothing
frothless
froths
frothy
frottage
frottages
frotteur
frotteurs
froughier
froughiest
froughy
frounce
frounced
frounces
frouncing
frow
froward
frowardly
frowardness
frowardnesses
frowards
frowie
frowier
frowiest
frown
frowned
frowning
frowningly
frowns
frows
frowsier
frowsiest
frowst
frowsted
frowster
frowsters
frowstier
frowstiest
frowstiness
frowstinesses
frowsting
frowsts
frowsty
frowsy
frowy
frowzier
frowziest
frowzy
froze
frozen
fructan
fructans
fructed
fructiferous
fructification
fructifications
fructified
fructifies
fructify
fructifying
fructive
fructivorous
fructose
fructoses
fructuaries
fructuary
fructuate
fructuated
fructuates
fructuating
fructuation
fructuations
fructuous
frugal
frugalist
frugalists
frugalities
frugality
frugally
frugiferous
frugivorous
fruict
fruicts
fruit
fruitage
fruitages
fruitarian
fruitarians
fruitcake
fruitcakes
fruited
fruiter
fruiterer
fruiterers
fruiteress
fruiteresses
fruiteries
fruiters
fruitery
fruitful
fruitfully
fruitfulness
fruitfulnesses
fruitier
fruitiest
fruiting
fruitings
fruition
fruitions
fruitive
fruitless
fruitlessly
fruitlessness
fruitlessnesses
fruitlet
fruitlets
fruits
fruitwood
fruitwoods
fruity
frumentaceous
frumentarious
frumentation
frumentations
frumenties
frumenty
frump
frumped
frumpier
frumpiest
frumping
frumpish
frumple
frumpled
frumples
frumpling
frumps
frumpy
frush
frushed
frushes
frushing
frust
frusta
frustrate
frustrated
frustrates
frustrating
frustratingly
frustration
frustrations
frusts
frustule
frustules
frustum
frustums
frutex
frutices
fruticose
frutified
frutifies
frutify
frutifying
fry
fryer
fryers
frying
fryings
fub
fubbed
fubberies
fubbery
fubbier
fubbiest
fubbing
fubby
fubs
fubsier
fubsiest
fubsy
fuchsia
fuchsias
fuchsine
fuchsines
fuchsite
fuchsites
fuci
fuck
fucked
fucker
fuckers
fucking
fuckings
fucks
fucoid
fucoidal
fucoids
fucus
fucused
fucuses
fud
fuddle
fuddled
fuddler
fuddlers
fuddles
fuddling
fuddlings
fudge
fudged
fudges
fudging
fuds
fuel
fuelled
fueller
fuellers
fuelling
fuels
fuero
fueros
fuff
fuffed
fuffier
fuffiest
fuffing
fuffs
fuffy
fug
fugacious
fugaciousness
fugaciousnesses
fugacities
fugacity
fugal
fugally
fugato
fugatos
fugged
fuggier
fuggiest
fugging
fuggy
fughetta
fughettas
fugie
fugies
fugitation
fugitations
fugitive
fugitively
fugitiveness
fugitivenesses
fugitives
fugle
fugled
fugleman
fuglemen
fugles
fugling
fugs
fugue
fugues
fuguist
fuguists
fulcra
fulcrate
fulcrum
fulcrums
fulfil
fulfill
fulfilled
fulfiller
fulfillers
fulfilling
fulfillings
fulfills
fulfilment
fulfilments
fulfils
fulgencies
fulgency
fulgent
fulgently
fulgid
fulgor
fulgorous
fulgors
fulgour
fulgours
fulgural
fulgurant
fulgurate
fulgurated
fulgurates
fulgurating
fulguration
fulgurations
fulgurite
fulgurites
fulgurous
fulham
fulhams
fuliginosities
fuliginosity
fuliginous
fuliginously
full
fullage
fullages
fullam
fullams
fullan
fullans
fullback
fullbacks
fulled
fuller
fullerene
fullerenes
fullers
fullest
fulling
fullish
fullness
fullnesses
fulls
fully
fulmar
fulmars
fulminant
fulminants
fulminate
fulminated
fulminates
fulminating
fulmination
fulminations
fulminatory
fulmine
fulmined
fulmineous
fulmines
fulmining
fulminous
fulness
fulnesses
fulsome
fulsomely
fulsomeness
fulsomenesses
fulsomer
fulsomest
fulvid
fulvous
fum
fumado
fumadoes
fumados
fumage
fumages
fumarole
fumaroles
fumarolic
fumatoria
fumatories
fumatorium
fumatoriums
fumatory
fumble
fumbled
fumbler
fumblers
fumbles
fumbling
fumblingly
fume
fumed
fumerole
fumeroles
fumes
fumet
fumets
fumette
fumettes
fumier
fumiest
fumigant
fumigants
fumigate
fumigated
fumigates
fumigating
fumigation
fumigations
fumigator
fumigators
fumigatory
fuming
fumitories
fumitory
fumosities
fumosity
fumous
fums
fumy
fun
funambulate
funambulated
funambulates
funambulating
funambulation
funambulations
funambulator
funambulators
funambulatory
funambulist
funambulists
funboard
funboards
function
functional
functionalism
functionalisms
functionalist
functionalists
functionally
functionaries
functionary
functionate
functionated
functionates
functionating
functioned
functioning
functionless
functions
fund
fundable
fundament
fundamental
fundamentalism
fundamentalisms
fundamentalist
fundamentalists
fundamentalities
fundamentality
fundamentally
fundamentals
fundaments
funded
funder
funders
fundholder
fundholders
fundholding
fundi
fundie
fundies
funding
fundings
fundis
fundless
funds
fundus
fundy
funebral
funebrial
funeral
funerals
funerary
funereal
funereally
funest
funfair
funfairs
fung
fungal
fungi
fungibles
fungicidal
fungicide
fungicides
fungiform
fungistatic
fungistatically
fungoid
fungoidal
fungosities
fungosity
fungous
fungs
fungus
funguses
funicle
funicles
funicular
funiculate
funiculi
funiculus
funk
funked
funkhole
funkholes
funkia
funkias
funkier
funkiest
funkiness
funkinesses
funking
funks
funky
funned
funnel
funnelled
funnelling
funnels
funner
funnest
funnier
funnies
funniest
funnily
funniness
funninesses
funning
funny
funs
funster
funsters
fur
furacious
furaciousness
furaciousnesses
furacities
furacity
fural
furals
furan
furane
furanes
furans
furbelow
furbelowed
furbelowing
furbelows
furbish
furbished
furbisher
furbishers
furbishes
furbishing
furcal
furcate
furcated
furcation
furcations
furciferous
furcula
furculae
furcular
furder
furfair
furfairs
furfur
furfuraceous
furfural
furfuraldehyde
furfuraldehydes
furfurals
furfuran
furfurans
furfurol
furfurole
furfuroles
furfurols
furfurous
furfurs
furibund
furies
furiosities
furiosity
furioso
furiosos
furious
furiously
furiousness
furiousnesses
furl
furlana
furlanas
furled
furling
furlong
furlongs
furlough
furloughed
furloughing
furloughs
furls
furmenties
furmenty
furmeties
furmety
furmities
furmity
furnace
furnaced
furnaces
furnacing
furniment
furniments
furnish
furnished
furnisher
furnishers
furnishes
furnishing
furnishings
furnishment
furnishments
furniture
furnitures
furol
furole
furoles
furols
furor
furore
furores
furors
furphies
furphy
furr
furred
furrier
furrieries
furriers
furriery
furries
furriest
furriness
furrinesses
furring
furrings
furrow
furrowed
furrowing
furrows
furrowy
furrs
furry
furs
furth
furthcoming
furthcomings
further
furtherance
furtherances
furthered
furtherer
furtherers
furthering
furthermore
furthermost
furthers
furthersome
furthest
furtive
furtively
furtiveness
furtivenesses
furuncle
furuncles
furuncular
furunculoses
furunculosis
furunculous
fury
furze
furzes
furzier
furziest
furzy
fusain
fusains
fusarol
fusarole
fusaroles
fusarols
fusc
fuscous
fuse
fused
fusee
fusees
fuselage
fuselages
fuses
fushion
fushionless
fushions
fusibilities
fusibility
fusible
fusiform
fusil
fusile
fusileer
fusileers
fusilier
fusiliers
fusillade
fusillades
fusillation
fusillations
fusilli
fusils
fusing
fusion
fusionism
fusionisms
fusionist
fusionists
fusionless
fusions
fuss
fussed
fusser
fussers
fusses
fussier
fussiest
fussily
fussiness
fussinesses
fussing
fussy
fust
fustanella
fustanellas
fusted
fustet
fustets
fustian
fustianise
fustianised
fustianises
fustianising
fustianist
fustianists
fustianize
fustianized
fustianizes
fustianizing
fustians
fustic
fustics
fustier
fustiest
fustigate
fustigated
fustigates
fustigating
fustigation
fustigations
fustilarian
fustilarians
fustilirian
fustilirians
fustillirian
fustillirians
fustilugs
fustily
fustiness
fustinesses
fusting
fustoc
fustocs
fusts
fusty
futchel
futchels
futhark
futharks
futhorc
futhorcs
futhork
futhorks
futile
futilely
futiler
futilest
futilitarian
futilitarians
futilities
futility
futon
futons
futtock
futtocks
future
futureless
futures
futurism
futurisms
futurist
futuristic
futurists
futurities
futurition
futuritions
futurity
futurological
futurologies
futurologist
futurologists
futurology
fuze
fuzee
fuzees
fuzes
fuzz
fuzzed
fuzzes
fuzzier
fuzziest
fuzzily
fuzziness
fuzzinesses
fuzzing
fuzzle
fuzzled
fuzzles
fuzzling
fuzzy
fy
fyke
fyked
fykes
fyking
fyle
fyled
fyles
fylfot
fylfots
fyling
fynbos
fynboses
fyrd
fyrds
fytte
fyttes
