oaf
oafish
oafs
oak
oaken
oakenshaw
oakenshaws
oaker
oakers
oakier
oakiest
oakleaf
oakleaves
oakling
oaklings
oaks
oakum
oakums
oaky
oar
oarage
oarages
oared
oarier
oariest
oaring
oarless
oars
oarsman
oarsmanship
oarsmanships
oarsmen
oarswoman
oarswomen
oarweed
oarweeds
oary
oases
oasis
oast
oasts
oat
oatcake
oatcakes
oaten
oater
oaters
oath
oathable
oaths
oatmeal
oatmeals
oats
oaves
ob
oba
obang
obangs
obas
obbligati
obbligato
obbligatos
obcompressed
obconic
obconical
obcordate
obdiplostemonous
obduracies
obduracy
obdurate
obdurated
obdurately
obdurateness
obduratenesses
obdurates
obdurating
obduration
obdurations
obdure
obdured
obdures
obduring
obeah
obeahed
obeahing
obeahism
obeahisms
obeahs
obeche
obeches
obedience
obediences
obedient
obediential
obedientiaries
obedientiary
obediently
obeisance
obeisances
obeisant
obeism
obeisms
obeli
obelia
obelion
obeliscal
obeliscoid
obelise
obelised
obelises
obelising
obelisk
obelisks
obelize
obelized
obelizes
obelizing
obelus
obese
obeseness
obesenesses
obeser
obesest
obesities
obesity
obey
obeyed
obeyer
obeyers
obeying
obeys
obfuscate
obfuscated
obfuscates
obfuscating
obfuscation
obfuscations
obfuscatory
obi
obia
obias
obied
obiing
obiism
obiisms
obis
obit
obital
obits
obitual
obituaries
obituarist
obituarists
obituary
object
objected
objectification
objectifications
objectified
objectifies
objectify
objectifying
objecting
objection
objectionable
objectionably
objections
objectivate
objectivated
objectivates
objectivating
objectivation
objectivations
objective
objectively
objectiveness
objectivenesses
objectives
objectivise
objectivised
objectivises
objectivising
objectivism
objectivisms
objectivist
objectivistic
objectivists
objectivities
objectivity
objectivize
objectivized
objectivizes
objectivizing
objectless
objector
objectors
objects
objuration
objurations
objure
objured
objures
objurgate
objurgated
objurgates
objurgating
objurgation
objurgations
objurgative
objurgatory
objuring
oblanceolate
oblast
oblasts
oblate
oblateness
oblatenesses
oblates
oblation
oblational
oblations
oblatory
obligant
obligants
obligate
obligated
obligates
obligati
obligating
obligation
obligational
obligations
obligato
obligatorily
obligatoriness
obligatorinesses
obligatory
obligatos
oblige
obliged
obligee
obligees
obligement
obligements
obliges
obliging
obligingly
obligingness
obligingnesses
obligor
obligors
obliquation
obliquations
oblique
obliqued
obliquely
obliqueness
obliquenesses
obliquer
obliques
obliquest
obliquid
obliquing
obliquities
obliquitous
obliquity
obliterate
obliterated
obliterates
obliterating
obliteration
obliterations
obliterative
obliterator
obliterators
oblivion
oblivions
oblivious
obliviously
obliviousness
obliviousnesses
obliviscence
obliviscences
oblong
oblongs
obloquies
obloquy
obmutescence
obmutescences
obmutescent
obnoxious
obnoxiously
obnoxiousness
obnoxiousnesses
obnubilate
obnubilated
obnubilates
obnubilating
obnubilation
obnubilations
obo
oboe
oboes
oboist
oboists
obol
obolary
obols
obos
obovate
obovately
obovoid
obreption
obreptions
obreptitious
obs
obscene
obscenely
obsceneness
obscenenesses
obscener
obscenest
obscenities
obscenity
obscurant
obscurantism
obscurantisms
obscurantist
obscurantists
obscurants
obscuration
obscurations
obscure
obscured
obscurely
obscurement
obscurements
obscureness
obscurenesses
obscurer
obscurers
obscures
obscurest
obscuring
obscurities
obscurity
obsecrate
obsecrated
obsecrates
obsecrating
obsecration
obsecrations
obsequent
obsequial
obsequie
obsequies
obsequious
obsequiously
obsequiousness
obsequiousnesses
obsequy
observable
observableness
observablenesses
observables
observably
observance
observances
observancies
observancy
observant
observantly
observants
observation
observational
observationally
observations
observative
observator
observatories
observators
observatory
observe
observed
observer
observers
observes
observing
observingly
obsess
obsessed
obsesses
obsessing
obsession
obsessional
obsessionally
obsessionist
obsessionists
obsessions
obsessive
obsidian
obsidians
obsidional
obsidionary
obsign
obsignate
obsignated
obsignates
obsignating
obsignation
obsignations
obsignatory
obsigned
obsigning
obsigns
obsolesce
obsolesced
obsolescence
obsolescences
obsolescent
obsolesces
obsolescing
obsolete
obsoletely
obsoleteness
obsoletenesses
obsoletion
obsoletions
obsoletism
obsoletisms
obstacle
obstacles
obstetric
obstetrical
obstetrically
obstetrician
obstetricians
obstetrics
obstinacies
obstinacy
obstinate
obstinately
obstinateness
obstinatenesses
obstipation
obstipations
obstreperate
obstreperated
obstreperates
obstreperating
obstreperous
obstreperously
obstreperousness
obstreperousnesses
obstriction
obstrictions
obstropalous
obstropulous
obstruct
obstructed
obstructer
obstructers
obstructing
obstruction
obstructional
obstructionally
obstructionism
obstructionisms
obstructionist
obstructionists
obstructions
obstructive
obstructively
obstructives
obstructor
obstructors
obstructs
obstruent
obstruents
obtain
obtainable
obtained
obtainer
obtainers
obtaining
obtainment
obtainments
obtains
obtect
obtected
obtemper
obtemperate
obtemperated
obtemperates
obtemperating
obtempered
obtempering
obtempers
obtend
obtended
obtending
obtends
obtention
obtentions
obtest
obtestation
obtestations
obtested
obtesting
obtests
obtrude
obtruded
obtruder
obtruders
obtrudes
obtruding
obtrudings
obtruncate
obtruncated
obtruncates
obtruncating
obtrusion
obtrusions
obtrusive
obtrusively
obtrusiveness
obtrusivenesses
obtund
obtunded
obtundent
obtundents
obtunding
obtunds
obturate
obturated
obturates
obturating
obturation
obturations
obturator
obturators
obtuse
obtusely
obtuseness
obtusenesses
obtuser
obtusest
obtusities
obtusity
obumbrate
obumbrated
obumbrates
obumbrating
obumbration
obumbrations
obvention
obventions
obverse
obversely
obverses
obversion
obversions
obvert
obverted
obverting
obverts
obviate
obviated
obviates
obviating
obviation
obviations
obvious
obviously
obviousness
obviousnesses
obvolute
obvoluted
obvolvent
oca
ocarina
ocarinas
ocas
occam
occamies
occams
occamy
occasion
occasional
occasionalism
occasionalisms
occasionalist
occasionalists
occasionalities
occasionality
occasionally
occasioned
occasioner
occasioners
occasioning
occasions
occident
occidental
occidentalise
occidentalised
occidentalises
occidentalising
occidentalize
occidentalized
occidentalizes
occidentalizing
occidentally
occidentals
occidents
occipital
occipitally
occipitals
occiput
occiputs
occlude
occluded
occludent
occludents
occluder
occluders
occludes
occluding
occlusal
occlusion
occlusions
occlusive
occlusives
occlusor
occlusors
occult
occultation
occultations
occulted
occulting
occultism
occultisms
occultist
occultists
occultly
occultness
occultnesses
occults
occupance
occupances
occupancies
occupancy
occupant
occupants
occupate
occupated
occupates
occupating
occupation
occupational
occupations
occupative
occupied
occupier
occupiers
occupies
occupy
occupying
occur
occurred
occurrence
occurrences
occurrent
occurrents
occurring
occurs
ocean
oceanaria
oceanarium
oceanariums
oceanaut
oceanauts
oceanic
oceanid
oceanides
oceanids
oceanographer
oceanographers
oceanographic
oceanographical
oceanographies
oceanography
oceanological
oceanologies
oceanologist
oceanologists
oceanology
oceans
ocellar
ocellate
ocellated
ocellation
ocellations
ocelli
ocellus
oceloid
ocelot
ocelots
och
oche
ocher
ochered
ochering
ocherous
ochers
ochery
oches
ochidore
ochidores
ochlocracies
ochlocracy
ochlocrat
ochlocratic
ochlocratical
ochlocratically
ochlocrats
ochlophobia
ochlophobiac
ochlophobiacs
ochlophobias
ochlophobic
ochone
ochraceous
ochre
ochrea
ochreae
ochreate
ochred
ochreous
ochres
ochrey
ochring
ochroid
ochroleucous
ochrous
ochry
ocker
ockerism
ockerisms
ockers
ocotillo
ocotillos
ocrea
ocreae
ocreate
octa
octachord
octachordal
octachords
octad
octadic
octads
octagon
octagonal
octagonally
octagons
octahedra
octahedral
octahedrite
octahedrites
octahedron
octahedrons
octal
octals
octamerous
octameter
octameters
octandrian
octandrous
octane
octanes
octangular
octant
octantal
octants
octapla
octaplas
octaploid
octaploidies
octaploids
octaploidy
octapodic
octapodies
octapody
octaroon
octaroons
octas
octastich
octasticha
octastichon
octastichous
octastichs
octastrophic
octastyle
octastyles
octaval
octave
octaves
octavo
octavos
octennial
octennially
octet
octets
octett
octette
octettes
octetts
octillion
octillions
octillionth
octillionths
octingenaries
octingenary
octingentenaries
octingentenary
octocentenaries
octocentenary
octodecimo
octodecimos
octofid
octogenarian
octogenarians
octogenary
octogynous
octohedra
octohedron
octohedrons
octonarian
octonarians
octonaries
octonarii
octonarius
octonary
octonocular
octopetalous
octopi
octoploid
octoploidies
octoploids
octoploidy
octopod
octopodes
octopodous
octopods
octopus
octopuses
octopush
octopusher
octopushers
octopushes
octoroon
octoroons
octosepalous
octostichous
octostyle
octostyles
octosyllabic
octosyllabics
octosyllable
octosyllables
octroi
octrois
octuor
octuors
octuple
octupled
octuples
octuplet
octuplets
octuplicate
octuplicates
octupling
ocular
ocularist
ocularists
ocularly
oculars
oculate
oculated
oculi
oculist
oculists
oculomotor
oculus
od
oda
odal
odalique
odaliques
odalisk
odalisks
odalisque
odalisques
odaller
odallers
odals
odas
odd
oddball
oddballs
odder
oddest
oddish
oddities
oddity
oddly
oddment
oddments
oddness
oddnesses
odds
oddsman
oddsmen
ode
odea
odeon
odeons
odes
odeum
odeums
odic
odious
odiously
odiousness
odiousnesses
odism
odisms
odist
odists
odium
odiums
odograph
odographs
odometer
odometers
odometries
odometry
odonatist
odonatists
odonatologies
odonatologist
odonatologists
odonatology
odontalgia
odontalgias
odontalgic
odontalgies
odontalgy
odontic
odontist
odontists
odontoblast
odontoblasts
odontocete
odontocetes
odontogenic
odontogenies
odontogeny
odontoglossum
odontoglossums
odontograph
odontographies
odontographs
odontography
odontoid
odontolite
odontolites
odontologic
odontological
odontologies
odontologist
odontologists
odontology
odontoma
odontomas
odontomata
odontomatous
odontophobia
odontophobias
odontophoral
odontophoran
odontophore
odontophores
odontophorous
odontornithes
odontostomatous
odor
odorant
odorants
odorate
odoriferous
odoriferously
odoriferousness
odoriferousnesses
odorimetries
odorimetry
odorous
odorously
odorousness
odorousnesses
odors
odour
odoured
odourless
odours
ods
odso
odsos
odyl
odyle
odyles
odylism
odylisms
odyls
odyssey
odysseys
odzooks
oe
oecist
oecists
oecologic
oecological
oecologically
oecologies
oecologist
oecologists
oecology
oecumenic
oecumenical
oecumenicalism
oecumenicalisms
oecumenically
oecumenicism
oecumenicisms
oecumenics
oecumenism
oecumenisms
oedema
oedemas
oedemata
oedematose
oedematous
oeillade
oeillades
oenanthic
oenological
oenologies
oenologist
oenologists
oenology
oenomancies
oenomancy
oenomania
oenomanias
oenomel
oenomels
oenometer
oenometers
oenophil
oenophile
oenophiles
oenophilies
oenophilist
oenophilists
oenophils
oenophily
oerlikon
oerlikons
oersted
oersteds
oes
oesophageal
oesophagi
oesophagus
oestradiol
oestradiols
oestral
oestrogen
oestrogenic
oestrogens
oestrous
oestrum
oestrums
oestrus
oestruses
of
ofay
ofays
off
offal
offals
offbeat
offbeats
offcut
offcuts
offed
offence
offenceful
offenceless
offences
offend
offended
offendedly
offender
offenders
offending
offendress
offendresses
offends
offense
offenses
offensive
offensively
offensiveness
offensivenesses
offensives
offer
offerable
offered
offeree
offerees
offerer
offerers
offering
offerings
offeror
offerors
offers
offertories
offertory
offhand
offhanded
offhandedly
offhandedness
offhandednesses
office
officer
officered
officering
officers
offices
official
officialdom
officialdoms
officialese
officialeses
officialism
officialisms
officialities
officiality
officially
officials
officialties
officialty
officiant
officiants
officiate
officiated
officiates
officiating
officiator
officiators
officinal
officious
officiously
officiousness
officiousnesses
offing
offings
offish
offline
offload
offloaded
offloading
offloads
offpeak
offprint
offprints
offput
offputs
offs
offsaddle
offsaddled
offsaddles
offsaddling
offscouring
offscourings
offscum
offscums
offseason
offseasons
offset
offsetable
offsets
offsetting
offshoot
offshoots
offshore
offside
offsider
offsiders
offsides
offspring
offsprings
offtake
offtakes
oflag
oflags
oft
often
oftener
oftenest
oftenness
oftennesses
oftentimes
ofttimes
ogam
ogamic
ogams
ogdoad
ogdoads
ogee
ogees
oggin
oggins
ogham
oghamic
oghams
ogival
ogive
ogives
ogle
ogled
ogler
oglers
ogles
ogling
oglings
ogmic
ogre
ogreish
ogres
ogress
ogresses
ogrish
oh
ohm
ohmage
ohmages
ohmic
ohmmeter
ohmmeters
ohms
oho
ohone
ohos
oi
oidia
oidium
oik
oikist
oikists
oiks
oil
oilcan
oilcans
oilcloth
oilcloths
oiled
oiler
oileries
oilers
oilery
oilfield
oilfields
oilier
oiliest
oilily
oiliness
oilinesses
oiling
oillet
oillets
oilman
oilmen
oilnut
oilnuts
oils
oilskin
oilskins
oilstone
oilstones
oily
oink
oinked
oinking
oinks
oint
ointed
ointing
ointment
ointments
oints
oiticica
oiticicas
ojime
ojimes
okapi
okapis
okay
okayed
okaying
okays
oke
okes
okimono
okimonos
okra
okras
okta
oktas
old
olden
oldened
oldening
oldens
older
oldest
oldie
oldies
oldish
oldmaidish
oldness
oldnesses
olds
oldsquaw
oldsquaws
oldster
oldsters
oldy
oleaceous
oleaginous
oleaginousness
oleaginousnesses
oleander
oleanders
olearia
olearias
oleaster
oleasters
oleate
oleates
olecranal
olecranon
olecranons
olefiant
olefin
olefine
olefines
olefins
oleic
oleiferous
olein
oleins
olent
oleo
oleograph
oleographies
oleographs
oleography
oleomargarine
oleomargarines
oleophilic
oleos
oleraceous
oleum
oleums
olfact
olfacted
olfactible
olfacting
olfaction
olfactions
olfactive
olfactologies
olfactologist
olfactologists
olfactology
olfactometries
olfactometry
olfactory
olfactronics
olfacts
olibanum
olibanums
olid
oligaemia
oligaemias
oligarch
oligarchal
oligarchic
oligarchical
oligarchies
oligarchs
oligarchy
oligist
oligists
oligochaete
oligochaetes
oligochrome
oligochromes
oligoclase
oligoclases
oligocythaemia
oligocythaemias
oligomerous
oligopolies
oligopolistic
oligopoly
oligopsonies
oligopsonistic
oligopsony
oligosaccharide
oligosaccharides
oligotrophic
oliguria
oligurias
olio
olios
oliphant
oliphants
olitories
olitory
olivaceous
olivary
olive
olivenite
olivenites
oliver
olivers
olives
olivet
olivets
olivine
olivines
olla
ollamh
ollamhs
ollas
ollav
ollavs
olm
olms
ologies
ology
oloroso
olorosos
olpae
olpe
olpes
olycook
olycooks
olykoek
olykoeks
olympiad
olympiads
olympics
om
omadhaun
omadhauns
omasa
omasal
omasum
ombre
ombrella
ombrellas
ombres
ombrometer
ombrometers
ombrophil
ombrophile
ombrophiles
ombrophilous
ombrophils
ombrophobe
ombrophobes
ombrophobous
ombu
ombudsman
ombudsmen
ombus
omega
omegas
omelet
omelets
omelette
omelettes
omen
omened
omening
omens
omenta
omental
omentum
omer
omers
omerta
omertas
omicron
omicrons
ominous
ominously
ominousness
ominousnesses
omissible
omission
omissions
omissive
omissiveness
omissivenesses
omit
omits
omittance
omittances
omitted
omitter
omitters
omitting
omlah
omlahs
ommatea
ommateum
ommatidia
ommatidium
ommatophore
ommatophores
omneities
omneity
omniana
omnibenevolence
omnibenevolences
omnibenevolent
omnibus
omnibuses
omnicompetence
omnicompetences
omnicompetent
omnidirectional
omnieties
omniety
omnifarious
omniferous
omnific
omnified
omnifies
omniform
omniformities
omniformity
omnify
omnifying
omnigenous
omniparities
omniparity
omniparous
omnipatient
omnipotence
omnipotences
omnipotencies
omnipotency
omnipotent
omnipotently
omnipresence
omnipresences
omnipresent
omniscience
omnisciences
omniscient
omnisciently
omnium
omniums
omnivore
omnivores
omnivories
omnivorous
omnivory
omohyoid
omohyoids
omophagia
omophagias
omophagic
omophagies
omophagous
omophagy
omophoria
omophorion
omoplate
omoplates
omoplatoscopies
omoplatoscopy
omphacite
omphacites
omphali
omphalic
omphaloid
omphalomancies
omphalomancy
omphalos
omrah
omrahs
oms
on
onager
onagers
onagraceous
onanism
onanisms
onanist
onanistic
onanists
onboard
once
oncer
oncers
onces
onchocerciases
onchocerciasis
oncidium
oncidiums
oncogen
oncogene
oncogenes
oncogeneses
oncogenesis
oncogeneticist
oncogeneticists
oncogenic
oncogens
oncologies
oncologist
oncologists
oncology
oncolyses
oncolysis
oncolytic
oncolytics
oncome
oncomes
oncometer
oncometers
oncomice
oncoming
oncomings
oncomouse
oncornavirus
oncornaviruses
oncost
oncostman
oncostmen
oncosts
oncotomies
oncotomy
oncus
ondatra
ondatras
ondine
ondines
onding
ondings
one
onefold
oneiric
oneirocritic
oneirocritical
oneirocriticism
oneirocriticisms
oneirocritics
oneirodynia
oneirodynias
oneirologies
oneirology
oneiromancer
oneiromancers
oneiromancies
oneiromancy
oneiroscopies
oneiroscopist
oneiroscopists
oneiroscopy
onely
oneness
onenesses
oner
onerous
onerously
onerousness
onerousnesses
oners
ones
oneself
oneyer
oneyers
oneyre
oneyres
onfall
onfalls
onflow
onflows
ongoing
ongoings
onion
onioned
onionier
onioniest
onioning
onions
oniony
oniric
oniscoid
onkus
onliest
online
onlooker
onlookers
onlooking
only
onned
onning
onocentaur
onocentaurs
onomastic
onomastically
onomasticon
onomasticons
onomastics
onomatopoeia
onomatopoeias
onomatopoeic
onomatopoeses
onomatopoesis
onomatopoetic
onomatopoieses
onomatopoiesis
onrush
onrushes
ons
onset
onsets
onsetter
onsetters
onsetting
onsettings
onshore
onside
onsides
onslaught
onslaughts
onst
onstead
onsteads
onto
ontogeneses
ontogenesis
ontogenetic
ontogenetically
ontogenic
ontogenically
ontogenies
ontogeny
ontologic
ontological
ontologically
ontologies
ontologist
ontologists
ontology
onus
onuses
onward
onwardly
onwards
onycha
onychas
onychia
onychias
onychite
onychites
onychitis
onychitises
onychium
onychiums
onychocryptoses
onychocryptosis
onychomancies
onychomancy
onychophagies
onychophagist
onychophagists
onychophagy
onymous
onyx
onyxes
oo
oobit
oobits
oocyte
oocytes
oodles
oodlins
oof
oofs
ooftish
ooftishes
oogamies
oogamous
oogamy
oogeneses
oogenesis
oogenetic
oogenies
oogeny
oogonia
oogonial
oogonium
ooh
oohed
oohing
oohs
ooidal
oolakan
oolakans
oolite
oolites
oolitic
oologies
oologist
oologists
oology
oolong
oolongs
oom
oomiac
oomiack
oomiacks
oomiacs
oomiak
oomiaks
oompah
oompahed
oompahing
oompahs
oomph
oomphs
ooms
oon
oons
oont
oonts
oop
ooped
oophorectomies
oophorectomise
oophorectomised
oophorectomises
oophorectomising
oophorectomize
oophorectomized
oophorectomizes
oophorectomizing
oophorectomy
oophoritis
oophoritises
oophoron
oophorons
oophyte
oophytes
ooping
oops
oor
oorial
oorials
oorie
oorier
ooriest
oos
oose
ooses
oosier
oosiest
oosphere
oospheres
oospore
oospores
oosy
ooze
oozed
oozes
oozier
ooziest
oozily
ooziness
oozinesses
oozing
oozy
op
opacities
opacity
opacous
opah
opahs
opal
opaled
opalescence
opalescences
opalescent
opaline
opalines
opalised
opalized
opals
opaque
opaqued
opaquely
opaqueness
opaquenesses
opaquer
opaques
opaquest
opaquing
opcode
opcodes
ope
oped
opeidoscope
opeidoscopes
open
openable
opened
opener
openers
openest
opening
openings
openly
openness
opennesses
opens
openwork
openworks
opepe
opepes
opera
operable
operand
operands
operant
operants
operas
operate
operated
operates
operatic
operatically
operating
operation
operational
operations
operative
operatively
operativeness
operativenesses
operatives
operator
operators
opercula
opercular
operculate
operculated
operculum
operetta
operettas
operettist
operettists
operon
operons
operose
operosely
operoseness
operosenesses
operosities
operosity
opes
ophicalcite
ophicalcites
ophicleide
ophicleides
ophidian
ophidians
ophidiaria
ophidiarium
ophidiariums
ophiolater
ophiolaters
ophiolatries
ophiolatrous
ophiolatry
ophiolite
ophiolites
ophiolitic
ophiologic
ophiological
ophiologies
ophiologist
ophiologists
ophiology
ophiomorph
ophiomorphic
ophiomorphous
ophiomorphs
ophiophagous
ophiophilist
ophiophilists
ophite
ophites
ophitic
ophiura
ophiuran
ophiurans
ophiuras
ophiurid
ophiurids
ophiuroid
ophiuroids
ophthalmia
ophthalmias
ophthalmic
ophthalmist
ophthalmists
ophthalmitis
ophthalmitises
ophthalmological
ophthalmologies
ophthalmologist
ophthalmologists
ophthalmology
ophthalmometer
ophthalmometers
ophthalmometries
ophthalmometry
ophthalmophobia
ophthalmophobias
ophthalmoplegia
ophthalmoplegias
ophthalmoscope
ophthalmoscopes
ophthalmoscopic
ophthalmoscopical
ophthalmoscopically
ophthalmoscopies
ophthalmoscopy
opiate
opiated
opiates
opiating
opificer
opificers
opinable
opine
opined
opines
oping
opinicus
opinicuses
opining
opinion
opinionated
opinionately
opinionative
opinionatively
opinionativeness
opinionativenesses
opinionator
opinionators
opinioned
opinionist
opinionists
opinions
opioid
opisometer
opisometers
opisthobranch
opisthobranchs
opisthocoelian
opisthocoelous
opisthodomos
opisthodomoses
opisthoglossal
opisthognathous
opisthograph
opisthographic
opisthographies
opisthographs
opisthography
opisthotonic
opisthotonos
opisthotonoses
opium
opiumism
opiumisms
opiums
opobalsam
opobalsams
opodeldoc
opodeldocs
opopanax
opopanaxes
oporice
oporices
opossum
opossums
opotherapies
opotherapy
oppidan
oppidans
oppignerate
oppignerated
oppignerates
oppignerating
oppignorate
oppignorated
oppignorates
oppignorating
oppignoration
oppignorations
oppilate
oppilated
oppilates
oppilating
oppilation
oppilations
oppilative
oppo
opponencies
opponency
opponent
opponents
opportune
opportunely
opportuneness
opportunenesses
opportunism
opportunisms
opportunist
opportunistic
opportunists
opportunities
opportunity
oppos
opposabilities
opposability
opposable
oppose
opposed
opposeless
opposer
opposers
opposes
opposing
opposite
oppositely
oppositeness
oppositenesses
opposites
opposition
oppositional
oppositionist
oppositionists
oppositions
oppositive
oppress
oppressed
oppresses
oppressing
oppression
oppressions
oppressive
oppressively
oppressiveness
oppressivenesses
oppressor
oppressors
opprobrious
opprobriously
opprobriousness
opprobriousnesses
opprobrium
opprobriums
oppugn
oppugnancies
oppugnancy
oppugnant
oppugnants
oppugned
oppugner
oppugners
oppugning
oppugns
ops
opsimath
opsimathies
opsimaths
opsimathy
opsiometer
opsiometers
opsomania
opsomaniac
opsomaniacs
opsomanias
opsonic
opsonin
opsonins
opsonium
opsoniums
opt
optant
optants
optative
optatively
optatives
opted
opter
opters
optic
optical
optically
optician
opticians
optics
optima
optimal
optimalisation
optimalisations
optimalise
optimalised
optimalises
optimalising
optimalization
optimalizations
optimalize
optimalized
optimalizes
optimalizing
optimally
optimate
optimates
optime
optimes
optimisation
optimisations
optimise
optimised
optimises
optimising
optimism
optimisms
optimist
optimistic
optimistically
optimists
optimization
optimizations
optimize
optimized
optimizes
optimizing
optimum
opting
option
optional
optionally
options
optoacoustic
optoelectronic
optoelectronics
optologies
optologist
optologists
optology
optometer
optometers
optometrical
optometries
optometrist
optometrists
optometry
optophone
optophones
optronics
opts
opulence
opulences
opulent
opulently
opulus
opuluses
opuntia
opuntias
opus
opuscle
opuscles
opuscula
opuscule
opuscules
opusculum
opuses
or
orach
orache
oraches
oracies
oracle
oracled
oracles
oracling
oracular
oracularities
oracularity
oracularly
oracularness
oracularnesses
oraculous
oraculously
oraculousness
oraculousnesses
oracy
oragious
oral
oralism
oralisms
oralities
orality
orally
orals
orang
orange
orangeade
orangeades
oranger
orangeries
orangery
oranges
orangest
orangey
orangier
orangiest
orangs
orant
orants
oraria
orarian
orarians
orarion
orarions
orarium
orariums
orate
orated
orates
orating
oration
orations
orator
oratorial
oratorian
oratorians
oratorical
oratorically
oratories
oratorio
oratorios
orators
oratory
oratress
oratresses
oratrix
oratrixes
orb
orbed
orbicular
orbiculares
orbicularis
orbicularly
orbier
orbiest
orbing
orbit
orbita
orbital
orbitals
orbitas
orbited
orbiter
orbiters
orbities
orbiting
orbits
orbity
orbs
orby
orc
orca
orcas
orcein
orceins
orchard
orcharding
orchardings
orchardist
orchardists
orchardman
orchardmen
orchards
orchat
orchats
orchel
orchella
orchellas
orchels
orcheses
orchesis
orchesographies
orchesography
orchestic
orchestics
orchestra
orchestral
orchestralist
orchestralists
orchestras
orchestrate
orchestrated
orchestrates
orchestrating
orchestration
orchestrations
orchestrator
orchestrators
orchestric
orchestrina
orchestrinas
orchestrion
orchestrions
orchid
orchidaceous
orchidectomies
orchidectomy
orchideous
orchidist
orchidists
orchidologies
orchidologist
orchidologists
orchidology
orchidomania
orchidomaniac
orchidomaniacs
orchidomanias
orchids
orchiectomies
orchiectomy
orchil
orchilla
orchillas
orchils
orchis
orchises
orchitic
orchitis
orchitises
orcin
orcine
orcines
orcinol
orcinols
orcins
orcs
ord
ordain
ordainable
ordained
ordainer
ordainers
ordaining
ordainment
ordainments
ordains
ordalian
ordalium
ordaliums
ordeal
ordeals
order
ordered
orderer
orderers
ordering
orderings
orderless
orderlies
orderliness
orderlinesses
orderly
orders
ordinaire
ordinaires
ordinal
ordinals
ordinance
ordinances
ordinand
ordinands
ordinant
ordinants
ordinar
ordinaries
ordinarily
ordinariness
ordinarinesses
ordinars
ordinary
ordinate
ordinated
ordinately
ordinates
ordinating
ordination
ordinations
ordinee
ordinees
ordnance
ordnances
ordonnance
ordonnances
ords
ordure
ordures
ordurous
ore
oread
oreades
oreads
orecrowe
orecrowed
orecrowes
orecrowing
orectic
oregano
oreganos
oreide
oreides
oreographic
oreographical
oreographies
oreography
oreological
oreologies
oreologist
oreologists
oreology
orepearch
orepearched
orepearches
orepearching
ores
orestunck
oreweed
oreweeds
orexis
orexises
orf
orfe
orfes
orfs
organ
organdie
organdies
organelle
organelles
organic
organical
organically
organicism
organicisms
organicist
organicists
organisabilities
organisability
organisable
organisation
organisational
organisations
organise
organised
organiser
organisers
organises
organising
organism
organismal
organismic
organisms
organist
organistrum
organistrums
organists
organities
organity
organizabilities
organizability
organizable
organization
organizational
organizations
organize
organized
organizer
organizers
organizes
organizing
organogeneses
organogenesis
organogenies
organogeny
organogram
organograms
organographies
organography
organoleptic
organometallic
organophosphate
organophosphates
organotherapies
organotherapy
organs
organza
organzas
organzine
organzines
orgasm
orgasmed
orgasmic
orgasming
orgasms
orgastic
orgeat
orgeats
orgia
orgias
orgiast
orgiastic
orgiasts
orgic
orgies
orgillous
orgone
orgones
orgue
orgues
orgulous
orgy
oribi
oribis
oricalche
oricalcheous
oricalches
orichalc
orichalceous
orichalcs
oriel
orielled
oriels
oriencies
oriency
orient
oriental
orientalise
orientalised
orientalises
orientalising
orientalities
orientality
orientalize
orientalized
orientalizes
orientalizing
orientally
orientals
orientate
orientated
orientates
orientating
orientation
orientations
orientator
orientators
oriented
orienteer
orienteered
orienteering
orienteerings
orienteers
orienting
orients
orifex
orifexes
orifice
orifices
orificial
oriflamme
oriflammes
origami
origamis
origan
origane
origanes
origans
origanum
origanums
origin
original
originalities
originality
originally
originals
originate
originated
originates
originating
origination
originations
originative
originator
originators
origins
orillion
orillions
oriole
orioles
orison
orisons
orle
orleans
orleanses
orles
orlop
orlops
ormer
ormers
ormolu
ormolus
ornament
ornamental
ornamentally
ornamentals
ornamentation
ornamentations
ornamented
ornamenter
ornamenters
ornamenting
ornamentist
ornamentists
ornaments
ornate
ornately
ornateness
ornatenesses
ornater
ornatest
ornery
ornis
ornises
ornithic
ornithichnite
ornithichnites
ornithischian
ornithischians
ornithodelphian
ornithodelphians
ornithodelphic
ornithodelphous
ornithogalum
ornithogalums
ornithoid
ornithological
ornithologically
ornithologies
ornithologist
ornithologists
ornithology
ornithomancies
ornithomancy
ornithomantic
ornithomorph
ornithomorphic
ornithomorphs
ornithophilies
ornithophilous
ornithophily
ornithophobia
ornithophobias
ornithopod
ornithopods
ornithopter
ornithopters
ornithorhynchus
ornithorhynchuses
ornithosaur
ornithosaurs
ornithoscopies
ornithoscopy
ornithoses
ornithosis
orobanchaceous
orogen
orogeneses
orogenesis
orogenetic
orogenic
orogenies
orogens
orogeny
orographic
orographical
orographies
orography
oroide
oroides
orological
orologies
orologist
orologists
orology
oropesa
oropesas
oropharynges
oropharynx
oropharynxes
ororotund
ororotundities
ororotundity
orotund
orotundities
orotundity
orphan
orphanage
orphanages
orphaned
orphanhood
orphanhoods
orphaning
orphanism
orphanisms
orphans
orpharion
orpharions
orpheoreon
orpheoreons
orphrey
orphreys
orpiment
orpiments
orpin
orpine
orpines
orpins
orra
orreries
orrery
orris
orrises
ors
orseille
orseilles
orsellic
ort
ortanique
ortaniques
orthian
orthicon
orthicons
ortho
orthoaxes
orthoaxis
orthoborate
orthoborates
orthocaine
orthocaines
orthocentre
orthocentres
orthochromatic
orthoclase
orthoclases
orthocousin
orthocousins
orthodiagonal
orthodiagonals
orthodontia
orthodontias
orthodontic
orthodontics
orthodontist
orthodontists
orthodox
orthodoxies
orthodoxy
orthodromic
orthodromics
orthodromies
orthodromy
orthoepic
orthoepical
orthoepies
orthoepist
orthoepists
orthoepy
orthogeneses
orthogenesis
orthogenetic
orthogenic
orthogenics
orthognathic
orthognathism
orthognathisms
orthognathous
orthogonal
orthogonally
orthograph
orthographer
orthographers
orthographic
orthographical
orthographically
orthographies
orthographist
orthographists
orthographs
orthography
orthopaedic
orthopaedical
orthopaedics
orthopaedies
orthopaedist
orthopaedists
orthopaedy
orthopedia
orthopedias
orthopedic
orthopedical
orthopedics
orthopedies
orthopedist
orthopedists
orthopedy
orthophosphate
orthophosphates
orthophosphoric
orthophyre
orthophyres
orthophyric
orthopinakoid
orthopinakoids
orthopnoea
orthopnoeas
orthopod
orthopods
orthopraxes
orthopraxies
orthopraxis
orthopraxy
orthoprism
orthoprisms
orthopsychiatries
orthopsychiatry
orthoptera
orthopteran
orthopterans
orthopterist
orthopterists
orthopteroid
orthopterologies
orthopterologist
orthopterologists
orthopterology
orthopteron
orthopterous
orthoptic
orthoptics
orthoptist
orthoptists
orthorhombic
orthos
orthoscopic
orthoses
orthosilicate
orthosilicates
orthosis
orthostatic
orthostichies
orthostichous
orthostichy
orthotic
orthotics
orthotist
orthotists
orthotone
orthotoneses
orthotonesis
orthotonic
orthotopic
orthotropic
orthotropies
orthotropism
orthotropisms
orthotropous
orthotropy
orthros
orthroses
ortolan
ortolans
orts
orval
orvals
oryctologies
oryctology
oryx
oryxes
orzo
orzos
os
oscheal
oscillate
oscillated
oscillates
oscillating
oscillation
oscillations
oscillative
oscillator
oscillators
oscillatory
oscillogram
oscillograms
oscillograph
oscillographs
oscilloscope
oscilloscopes
oscine
oscinine
oscitancies
oscitancy
oscitant
oscitantly
oscitate
oscitated
oscitates
oscitating
oscitation
oscitations
oscula
osculant
oscular
osculate
osculated
osculates
osculating
osculation
osculations
osculatories
osculatory
oscule
oscules
osculum
oshac
oshacs
osier
osiered
osieries
osiers
osiery
osmate
osmates
osmeteria
osmeterium
osmiate
osmiates
osmic
osmidroses
osmidrosis
osmious
osmiridium
osmiridiums
osmium
osmiums
osmometer
osmometers
osmometries
osmometry
osmoregulation
osmoregulations
osmose
osmosed
osmoses
osmosing
osmosis
osmotic
osmotically
osmous
osmund
osmunda
osmundas
osmunds
osnaburg
osnaburgs
osprey
ospreys
ossa
ossarium
ossariums
ossein
osseins
osselet
osselets
osseous
osseter
osseters
ossicle
ossicles
ossicular
ossiferous
ossific
ossification
ossifications
ossified
ossifies
ossifraga
ossifragas
ossifrage
ossifrages
ossify
ossifying
ossivorous
ossuaries
ossuary
osteal
osteitis
osteitises
ostensibilities
ostensibility
ostensible
ostensibly
ostensive
ostensively
ostensories
ostensory
ostent
ostentation
ostentations
ostentatious
ostentatiously
ostentatiousness
ostentatiousnesses
ostents
osteoarthritis
osteoarthritises
osteoarthroses
osteoarthrosis
osteoblast
osteoblasts
osteoclases
osteoclasis
osteoclast
osteoclasts
osteocolla
osteocollas
osteoderm
osteodermal
osteodermatous
osteodermic
osteodermous
osteoderms
osteogen
osteogeneses
osteogenesis
osteogenetic
osteogenic
osteogenies
osteogenous
osteogens
osteogeny
osteographies
osteography
osteoid
osteological
osteologies
osteologist
osteologists
osteology
osteoma
osteomalacia
osteomalacias
osteomas
osteomata
osteomyelitis
osteomyelitises
osteopath
osteopathic
osteopathies
osteopathist
osteopathists
osteopaths
osteopathy
osteopetroses
osteopetrosis
osteophyte
osteophytes
osteophytic
osteoplastic
osteoplasties
osteoplasty
osteoporoses
osteoporosis
osteosarcoma
osteosarcomas
osteosarcomata
osteotome
osteotomes
osteotomies
osteotomy
ostia
ostial
ostiaries
ostiary
ostiate
ostinato
ostinatos
ostiolate
ostiolates
ostiole
ostioles
ostium
ostler
ostleress
ostleresses
ostlers
ostraca
ostracean
ostraceous
ostracise
ostracised
ostracises
ostracising
ostracism
ostracisms
ostracize
ostracized
ostracizes
ostracizing
ostracod
ostracodan
ostracoderm
ostracoderms
ostracodous
ostracods
ostracon
ostraka
ostrakon
ostreaceous
ostreger
ostregers
ostreiculture
ostreicultures
ostreiculturist
ostreiculturists
ostreophage
ostreophages
ostreophagies
ostreophagous
ostreophagy
ostrich
ostriches
ostrichism
ostrichisms
otaku
otalgia
otalgias
otalgies
otalgy
otaries
otarine
otary
other
othergates
otherguess
otherness
othernesses
others
otherwhere
otherwhile
otherwhiles
otherwise
otherworld
otherworldish
otherworldliness
otherworldlinesses
otherworldly
otherworlds
otic
otiose
otioseness
otiosenesses
otiosities
otiosity
otitis
otitises
otocyst
otocysts
otolaryngologies
otolaryngology
otolith
otoliths
otologies
otologist
otologists
otology
otorhinolaryngologies
otorhinolaryngology
otorrhoea
otorrhoeas
otoscleroses
otosclerosis
otoscope
otoscopes
ottar
ottars
ottava
ottavas
ottavino
ottavinos
otter
ottered
ottering
otters
otto
ottoman
ottomans
ottos
ottrelite
ottrelites
ou
ouabain
ouabains
ouakari
ouakaris
oubit
oubits
oubliette
oubliettes
ouch
ouches
oucht
ouchts
oud
ouds
oughlied
oughlies
oughly
oughlying
ought
oughtlings
oughtness
oughtnesses
oughts
ouglie
ouglied
ouglieing
ouglies
ouija
ouijas
ouistiti
ouistitis
ouk
ouks
oulachon
oulachons
oulakan
oulakans
ould
oulder
ouldest
oulk
oulks
oulong
oulongs
ounce
ounces
oundy
oup
ouped
ouph
ouphe
ouphes
ouphs
ouping
oups
our
ourali
ouralis
ourari
ouraris
ourebi
ourebis
ourie
ourier
ouriest
ourn
ouroboros
ouroboroses
ourologic
ourological
ourologies
ourologist
ourologists
ourology
ouroscopic
ouroscopies
ouroscopist
ouroscopists
ouroscopy
ours
ourself
ourselves
ousel
ousels
oust
ousted
ouster
ousters
ousting
oustiti
oustitis
ousts
out
outage
outages
outate
outback
outbacker
outbackers
outbacks
outbalance
outbalanced
outbalances
outbalancing
outbar
outbargain
outbargained
outbargaining
outbargains
outbarred
outbarring
outbars
outbid
outbidding
outbids
outbluster
outblustered
outblustering
outblusters
outboard
outbound
outbounds
outbox
outboxed
outboxes
outboxing
outbrag
outbragged
outbragging
outbrags
outbrave
outbraved
outbraves
outbraving
outbreak
outbreaking
outbreaks
outbreathe
outbreathed
outbreathes
outbreathing
outbred
outbreed
outbreeding
outbreedings
outbreeds
outbroke
outbroken
outbuilding
outbuildings
outburn
outburned
outburning
outburns
outburnt
outburst
outbursting
outbursts
outby
outbye
outcast
outcaste
outcasted
outcastes
outcasting
outcasts
outclass
outclassed
outclasses
outclassing
outcome
outcomes
outcompete
outcompeted
outcompetes
outcompeting
outcraftied
outcrafties
outcrafty
outcraftying
outcried
outcries
outcrop
outcropped
outcropping
outcrops
outcross
outcrossed
outcrosses
outcrossing
outcrossings
outcry
outcrying
outdacious
outdance
outdanced
outdances
outdancing
outdare
outdared
outdares
outdaring
outdate
outdated
outdates
outdating
outdid
outdistance
outdistanced
outdistances
outdistancing
outdo
outdoes
outdoing
outdone
outdoor
outdoors
outdoorsy
outdrank
outdrink
outdrinking
outdrinks
outdrive
outdriven
outdrives
outdriving
outdrove
outdrunk
outdure
outdured
outdures
outduring
outdwell
outdwelled
outdwelling
outdwells
outdwelt
outeat
outeaten
outeating
outeats
outed
outedge
outedges
outer
outermost
outers
outerwear
outerwears
outface
outfaced
outfaces
outfacing
outfall
outfalls
outfangthief
outfangthiefs
outfield
outfielder
outfielders
outfields
outfight
outfighting
outfights
outfit
outfits
outfitted
outfitter
outfitters
outfitting
outfittings
outflank
outflanked
outflanking
outflanks
outflash
outflashed
outflashes
outflashing
outflew
outflies
outfling
outflings
outflow
outflowed
outflowing
outflowings
outflown
outflows
outflush
outflushed
outflushes
outflushing
outfly
outflying
outfoot
outfooted
outfooting
outfoots
outfought
outfox
outfoxed
outfoxes
outfoxing
outfrown
outfrowned
outfrowning
outfrowns
outgas
outgassed
outgasses
outgassing
outgassings
outgate
outgates
outgave
outgeneral
outgeneralled
outgeneralling
outgenerals
outgive
outgiven
outgives
outgiving
outgivings
outglare
outglared
outglares
outglaring
outgo
outgoer
outgoers
outgoes
outgoing
outgoings
outgone
outgrew
outgrow
outgrowing
outgrown
outgrows
outgrowth
outgrowths
outguard
outguards
outgun
outgunned
outgunning
outguns
outgush
outgushed
outgushes
outgushing
outhaul
outhauler
outhaulers
outhauls
outher
outhire
outhired
outhires
outhiring
outhit
outhits
outhitting
outhouse
outhouses
outhyre
outhyred
outhyres
outhyring
outing
outings
outjest
outjested
outjesting
outjests
outjet
outjets
outjetting
outjettings
outjockey
outjockeyed
outjockeying
outjockeys
outjump
outjumped
outjumping
outjumps
outjut
outjuts
outjutting
outjuttings
outlaid
outlain
outland
outlander
outlanders
outlandish
outlandishly
outlandishness
outlandishnesses
outlands
outlash
outlashes
outlast
outlasted
outlasting
outlasts
outlaunce
outlaunced
outlaunces
outlaunch
outlaunched
outlaunches
outlaunching
outlauncing
outlaw
outlawed
outlawing
outlawries
outlawry
outlaws
outlay
outlaying
outlays
outleap
outleaped
outleaping
outleaps
outleapt
outlearn
outlearned
outlearning
outlearns
outlearnt
outler
outlers
outlet
outlets
outlie
outlied
outlier
outliers
outlies
outline
outlinear
outlined
outlines
outlining
outlive
outlived
outlives
outliving
outlodging
outlodgings
outlook
outlooked
outlooking
outlooks
outlustre
outlustred
outlustres
outlustring
outlying
outman
outmanned
outmanning
outmanoeuvre
outmanoeuvred
outmanoeuvres
outmanoeuvring
outmans
outmantle
outmantled
outmantles
outmantling
outmarch
outmarched
outmarches
outmarching
outmarriage
outmarriages
outmatch
outmatched
outmatches
outmatching
outmeasure
outmeasured
outmeasures
outmeasuring
outmode
outmoded
outmodes
outmoding
outmost
outmove
outmoved
outmoves
outmoving
outname
outnamed
outnames
outnaming
outness
outnesses
outnight
outnighted
outnighting
outnights
outnumber
outnumbered
outnumbering
outnumbers
outpace
outpaced
outpaces
outpacing
outpart
outparts
outpassion
outpassioned
outpassioning
outpassions
outpeep
outpeeped
outpeeping
outpeeps
outpeer
outpeered
outpeering
outpeers
outperform
outperformed
outperforming
outperforms
outplace
outplaced
outplacement
outplacements
outplacer
outplacers
outplaces
outplacing
outplay
outplayed
outplaying
outplays
outpoint
outpointed
outpointing
outpoints
outport
outports
outpost
outposts
outpour
outpoured
outpourer
outpourers
outpouring
outpourings
outpours
outpower
outpowered
outpowering
outpowers
outpray
outprayed
outpraying
outprays
outprice
outpriced
outprices
outpricing
outprize
outprized
outprizes
outprizing
output
outputs
outputting
outquarters
outrace
outraced
outraces
outracing
outrage
outraged
outrageous
outrageously
outrageousness
outrageousnesses
outrages
outraging
outraigne
outraigned
outraignes
outraigning
outran
outrance
outrances
outrank
outranked
outranking
outranks
outrate
outrated
outrates
outrating
outre
outreach
outreached
outreaches
outreaching
outrecuidance
outrecuidances
outred
outredded
outredden
outreddened
outreddening
outreddens
outredding
outreds
outreign
outreigned
outreigning
outreigns
outrelief
outreliefs
outremer
outremers
outridden
outride
outrider
outriders
outrides
outriding
outrigger
outriggers
outright
outrival
outrivalled
outrivalling
outrivals
outroar
outroared
outroaring
outroars
outrode
outroop
outrooper
outroopers
outroops
outroot
outrooted
outrooting
outroots
outrope
outroper
outropers
outropes
outrun
outrunner
outrunners
outrunning
outruns
outrush
outrushed
outrushes
outrushing
outs
outsail
outsailed
outsailing
outsails
outsat
outscold
outscolded
outscolding
outscolds
outscorn
outscorned
outscorning
outscorns
outsell
outselling
outsells
outset
outsets
outsetting
outsettings
outsettlement
outsettlements
outshine
outshines
outshining
outshone
outshoot
outshooting
outshoots
outshot
outshots
outside
outsider
outsiders
outsides
outsight
outsights
outsit
outsits
outsitting
outsize
outsized
outsizes
outskirts
outsleep
outsleeping
outsleeps
outslept
outsmart
outsmarted
outsmarting
outsmarts
outsoar
outsoared
outsoaring
outsoars
outsold
outsole
outsoles
outsource
outsourced
outsources
outsourcing
outsourcings
outspan
outspanned
outspanning
outspans
outspeak
outspeaking
outspeaks
outspeckle
outspeckles
outspend
outspending
outspends
outspent
outspoke
outspoken
outspokenness
outspokennesses
outsport
outsported
outsporting
outsports
outsprang
outspread
outspreading
outspreads
outspring
outspringing
outsprings
outsprung
outstand
outstanding
outstandingly
outstands
outstare
outstared
outstares
outstaring
outstation
outstations
outstay
outstayed
outstaying
outstays
outstep
outstepped
outstepping
outsteps
outstood
outstrain
outstrained
outstraining
outstrains
outstretch
outstretched
outstretches
outstretching
outstrike
outstrikes
outstriking
outstrip
outstripped
outstripping
outstrips
outstruck
outsum
outsummed
outsumming
outsums
outswam
outswear
outswearing
outswears
outsweeten
outsweetened
outsweetening
outsweetens
outswell
outswelled
outswelling
outswells
outswim
outswimming
outswims
outswing
outswinger
outswingers
outswings
outswollen
outswore
outsworn
outswum
outtake
outtaken
outtakes
outtaking
outtalk
outtalked
outtalking
outtalks
outtell
outtelling
outtells
outthink
outthinking
outthinks
outthought
outtold
outtongue
outtongued
outtongues
outtonguing
outtook
outtop
outtopped
outtopping
outtops
outtravel
outtraveled
outtraveling
outtravelled
outtravelling
outtravels
outturn
outturns
outvalue
outvalued
outvalues
outvaluing
outvenom
outvenomed
outvenoming
outvenoms
outvie
outvied
outvies
outvillain
outvillained
outvillaining
outvillains
outvoice
outvoiced
outvoices
outvoicing
outvote
outvoted
outvoter
outvoters
outvotes
outvoting
outvying
outwalk
outwalked
outwalking
outwalks
outward
outwardly
outwardness
outwardnesses
outwards
outwash
outwashes
outwatch
outwatched
outwatches
outwatching
outwear
outwearied
outwearies
outwearing
outwears
outweary
outwearying
outweed
outweeded
outweeding
outweeds
outweep
outweeping
outweeps
outweigh
outweighed
outweighing
outweighs
outwell
outwelled
outwelling
outwells
outwent
outwept
outwick
outwicked
outwicking
outwicks
outwin
outwind
outwinding
outwinds
outwing
outwinged
outwinging
outwings
outwinning
outwins
outwit
outwith
outwits
outwitted
outwitting
outwon
outwore
outwork
outworker
outworkers
outworking
outworks
outworn
outworth
outworthed
outworthing
outworths
outwound
outwrest
outwrested
outwresting
outwrests
outwrought
ouvirandra
ouvirandras
ouzel
ouzels
ouzo
ouzos
ova
oval
ovalbumin
ovalbumins
ovally
ovals
ovarian
ovaries
ovariole
ovarioles
ovariotomies
ovariotomist
ovariotomists
ovariotomy
ovarious
ovaritis
ovaritises
ovary
ovate
ovated
ovates
ovating
ovation
ovations
ovator
ovators
oven
ovens
ovenware
ovenwares
ovenwood
ovenwoods
over
overabound
overabounded
overabounding
overabounds
overabundance
overabundances
overabundant
overachieve
overachieved
overachieves
overachieving
overact
overacted
overacting
overactive
overactivities
overactivity
overacts
overage
overages
overall
overalled
overalls
overarch
overarched
overarches
overarching
overarm
overate
overawe
overawed
overawes
overawing
overbalance
overbalanced
overbalances
overbalancing
overbear
overbearing
overbearingly
overbearingness
overbearingnesses
overbears
overbeat
overbeaten
overbeating
overbeats
overbid
overbidder
overbidders
overbidding
overbiddings
overbids
overbite
overbites
overblanket
overblankets
overblew
overblow
overblowing
overblown
overblows
overboard
overboil
overboiled
overboiling
overboils
overbold
overboldly
overbook
overbooked
overbooking
overbooks
overbore
overborne
overbought
overbound
overbounded
overbounding
overbounds
overbridge
overbridged
overbridges
overbridging
overbrim
overbrimmed
overbrimming
overbrims
overbrow
overbrowed
overbrowing
overbrows
overbuild
overbuilding
overbuilds
overbuilt
overbulk
overbulked
overbulking
overbulks
overburden
overburdened
overburdening
overburdens
overburn
overburned
overburning
overburns
overburnt
overburthen
overburthened
overburthening
overburthens
overbusied
overbusies
overbusy
overbusying
overbuy
overbuying
overbuys
overby
overcall
overcalled
overcalling
overcalls
overcame
overcanopied
overcanopies
overcanopy
overcanopying
overcapacities
overcapacity
overcapitalisation
overcapitalisations
overcapitalise
overcapitalised
overcapitalises
overcapitalising
overcapitalization
overcapitalizations
overcapitalize
overcapitalized
overcapitalizes
overcapitalizing
overcareful
overcarried
overcarries
overcarry
overcarrying
overcast
overcasting
overcastings
overcasts
overcatch
overcatches
overcatching
overcaught
overcautious
overcharge
overcharged
overcharges
overcharging
overcheck
overchecks
overclad
overcloud
overclouded
overclouding
overclouds
overcloy
overcloyed
overcloying
overcloys
overcoat
overcoating
overcoatings
overcoats
overcolour
overcoloured
overcolouring
overcolours
overcome
overcomes
overcoming
overcompensate
overcompensated
overcompensates
overcompensating
overcompensation
overcompensations
overcompensatory
overcook
overcooked
overcooking
overcooks
overcorrect
overcorrected
overcorrecting
overcorrection
overcorrections
overcorrects
overcount
overcounted
overcounting
overcounts
overcover
overcovered
overcovering
overcovers
overcraw
overcrawed
overcrawing
overcraws
overcredulities
overcredulity
overcredulous
overcrop
overcropped
overcropping
overcrops
overcrow
overcrowd
overcrowded
overcrowding
overcrowdings
overcrowds
overcrowed
overcrowing
overcrows
overdaring
overdated
overdevelop
overdeveloped
overdeveloping
overdevelopment
overdevelopments
overdevelops
overdid
overdight
overdo
overdoer
overdoers
overdoes
overdoing
overdone
overdosage
overdosages
overdose
overdosed
overdoses
overdosing
overdraft
overdrafts
overdramatise
overdramatised
overdramatises
overdramatising
overdramatize
overdramatized
overdramatizes
overdramatizing
overdraught
overdraughts
overdraw
overdrawing
overdrawn
overdraws
overdress
overdressed
overdresses
overdressing
overdrew
overdrive
overdriven
overdrives
overdriving
overdrove
overdue
overdust
overdusted
overdusting
overdusts
overdye
overdyed
overdyeing
overdyes
overearnest
overeat
overeaten
overeating
overeats
overed
overelaborate
overemphases
overemphasis
overemphasise
overemphasised
overemphasises
overemphasising
overemphasize
overemphasized
overemphasizes
overemphasizing
overestimate
overestimated
overestimates
overestimating
overestimation
overestimations
overexcitabilities
overexcitability
overexcitable
overexcite
overexcited
overexcites
overexciting
overexert
overexerted
overexerting
overexertion
overexertions
overexerts
overexpose
overexposed
overexposes
overexposing
overexposure
overexposures
overextend
overextended
overextending
overextends
overeye
overeyed
overeyeing
overeyes
overeying
overfall
overfallen
overfalling
overfalls
overfamiliar
overfamiliarities
overfamiliarity
overfar
overfed
overfeed
overfeeding
overfeeds
overfell
overfill
overfilled
overfilling
overfills
overfine
overfineness
overfinenesses
overfinished
overfish
overfished
overfishes
overfishing
overflew
overflies
overflight
overflights
overflourish
overflourished
overflourishes
overflourishing
overflow
overflowed
overflowing
overflowingly
overflowings
overflown
overflows
overflush
overflushes
overfly
overflying
overfold
overfolded
overfolding
overfolds
overfond
overfondly
overfondness
overfondnesses
overforward
overforwardness
overforwardnesses
overfraught
overfree
overfreedom
overfreedoms
overfreely
overfreight
overfreighted
overfreighting
overfreights
overfull
overfullness
overfullnesses
overfulness
overfulnesses
overfund
overfunded
overfunding
overfundings
overfunds
overgall
overgalled
overgalling
overgalls
overgang
overganging
overgangs
overgarment
overgarments
overgave
overget
overgets
overgetting
overgive
overgiven
overgives
overgiving
overglance
overglanced
overglances
overglancing
overglaze
overglazed
overglazes
overglazing
overgloom
overgloomed
overglooming
overglooms
overgo
overgoes
overgoing
overgoings
overgone
overgorge
overgorged
overgorges
overgorging
overgot
overgrain
overgrained
overgrainer
overgrainers
overgraining
overgrains
overgrass
overgrassed
overgrasses
overgrassing
overgraze
overgrazed
overgrazes
overgrazing
overgrazings
overgreat
overgreedy
overgreen
overgreened
overgreening
overgreens
overgrew
overground
overgrow
overgrowing
overgrown
overgrows
overgrowth
overgrowths
overhaile
overhailed
overhailes
overhailing
overhair
overhairs
overhale
overhaled
overhales
overhaling
overhand
overhanded
overhanding
overhandled
overhands
overhang
overhanging
overhangs
overhappy
overhaste
overhastes
overhastily
overhastiness
overhastinesses
overhasty
overhaul
overhauled
overhauling
overhauls
overhead
overheads
overhear
overheard
overhearing
overhears
overheat
overheated
overheating
overheatings
overheats
overheld
overhent
overhenting
overhents
overhit
overhits
overhitting
overhold
overholding
overholds
overhung
overhype
overhyped
overhypes
overhyping
overinclined
overindulge
overindulged
overindulgence
overindulgences
overindulgent
overindulges
overindulging
overinform
overinformed
overinforming
overinforms
overing
overinked
overinsurance
overinsurances
overinsure
overinsured
overinsures
overinsuring
overissue
overissued
overissues
overissuing
overjoy
overjoyed
overjoying
overjoys
overjump
overjumped
overjumping
overjumps
overkeep
overkeeping
overkeeps
overkept
overkest
overkill
overkills
overkind
overkindness
overkindnesses
overking
overkings
overknee
overlabour
overlaboured
overlabouring
overlabours
overlade
overladed
overladen
overlades
overlading
overlaid
overlain
overland
overlanded
overlander
overlanders
overlanding
overlands
overlap
overlapped
overlapping
overlaps
overlard
overlarded
overlarding
overlards
overlaunch
overlaunched
overlaunches
overlaunching
overlay
overlaying
overlayings
overlays
overleaf
overleap
overleaped
overleaping
overleaps
overleapt
overleather
overleathers
overleaven
overleavened
overleavening
overleavens
overlend
overlending
overlends
overlent
overlie
overlier
overliers
overlies
overlive
overlived
overlives
overliving
overload
overloaded
overloading
overloads
overlock
overlocked
overlocker
overlockers
overlocking
overlockings
overlocks
overlong
overlook
overlooked
overlooker
overlookers
overlooking
overlooks
overlord
overlorded
overlording
overlords
overlordship
overlordships
overloud
overlusty
overly
overlying
overman
overmanned
overmanning
overmans
overmantel
overmantels
overmast
overmasted
overmaster
overmastered
overmastering
overmasters
overmasting
overmasts
overmatch
overmatched
overmatches
overmatching
overmatter
overmatters
overmeasure
overmeasured
overmeasures
overmeasuring
overmen
overmerry
overmount
overmounted
overmounting
overmounts
overmuch
overmultiplication
overmultiplications
overmultiplied
overmultiplies
overmultiply
overmultiplying
overmultitude
overmultituded
overmultitudes
overmultituding
overname
overnamed
overnames
overnaming
overneat
overnet
overnets
overnetted
overnetting
overnice
overnicely
overniceness
overnicenesses
overnight
overnighter
overnighters
overnights
overoffice
overofficed
overoffices
overofficing
overpage
overpaid
overpaint
overpainted
overpainting
overpaints
overpart
overparted
overparting
overparts
overpass
overpassed
overpasses
overpassing
overpast
overpay
overpaying
overpayment
overpayments
overpays
overpedal
overpedaled
overpedaling
overpedalled
overpedalling
overpedals
overpeer
overpeered
overpeering
overpeers
overpeople
overpeopled
overpeoples
overpeopling
overperch
overperched
overperches
overperching
overpersuade
overpersuaded
overpersuades
overpersuading
overpicture
overpictured
overpictures
overpicturing
overpitch
overpitched
overpitches
overpitching
overplaced
overplast
overplay
overplayed
overplaying
overplays
overplied
overplies
overplus
overpluses
overplusses
overply
overplying
overpoise
overpoised
overpoises
overpoising
overpopulate
overpopulated
overpopulates
overpopulating
overpopulation
overpopulations
overpost
overposted
overposting
overposts
overpower
overpowered
overpowering
overpoweringly
overpowers
overpraise
overpraised
overpraises
overpraising
overpreparation
overpreparations
overprepare
overprepared
overprepares
overpreparing
overpress
overpressed
overpresses
overpressing
overpressure
overpressures
overprice
overpriced
overprices
overpricing
overprint
overprinted
overprinting
overprints
overprize
overprized
overprizes
overprizing
overproduce
overproduced
overproduces
overproducing
overproduction
overproductions
overproof
overprotective
overproud
overqualified
overrack
overracked
overracking
overracks
overrake
overraked
overrakes
overraking
overran
overrank
overrash
overrashly
overrashness
overrashnesses
overrate
overrated
overrates
overrating
overraught
overreach
overreached
overreaches
overreaching
overreact
overreacted
overreacting
overreaction
overreactions
overreacts
overread
overreading
overreads
overreckon
overreckoned
overreckoning
overreckons
overred
overredded
overredding
overreds
overren
overrenning
overrens
overridden
override
overrider
overriders
overrides
overriding
overripe
overripen
overripened
overripeness
overripenesses
overripening
overripens
overroast
overroasted
overroasting
overroasts
overrode
overruff
overruffed
overruffing
overruffs
overrule
overruled
overruler
overrulers
overrules
overruling
overrulings
overrun
overrunner
overrunners
overrunning
overruns
overs
oversail
oversailed
oversailing
oversails
oversaw
overschutcht
overscore
overscored
overscores
overscoring
overscrupulous
overscrupulousness
overscrupulousnesses
overscutched
oversea
overseas
oversee
overseeing
overseen
overseer
overseers
oversees
oversell
overselling
oversells
overset
oversets
oversetting
oversew
oversewed
oversewing
oversewn
oversews
oversexed
overshade
overshaded
overshades
overshading
overshadow
overshadowed
overshadowing
overshadows
overshine
overshines
overshining
overshirt
overshirts
overshoe
overshoes
overshone
overshoot
overshooting
overshoots
overshot
overshower
overshowered
overshowering
overshowers
overside
oversight
oversights
oversimplification
oversimplifications
oversimplified
oversimplifies
oversimplify
oversimplifying
oversize
oversized
oversizes
oversizing
overskip
overskipped
overskipping
overskips
overskirt
overskirts
overslaugh
overslaughed
overslaughing
overslaughs
oversleep
oversleeping
oversleeps
oversleeve
oversleeves
overslept
overslip
overslipped
overslipping
overslips
oversman
oversmen
oversold
oversoul
oversouls
oversow
oversowed
oversowing
oversown
oversows
overspecialisation
overspecialisations
overspecialise
overspecialised
overspecialises
overspecialising
overspecialization
overspecializations
overspecialize
overspecialized
overspecializes
overspecializing
overspend
overspending
overspends
overspent
overspill
overspills
overspin
overspins
overspread
overspreading
overspreads
overstaff
overstaffed
overstaffing
overstaffs
overstain
overstained
overstaining
overstains
overstand
overstanding
overstands
overstank
overstare
overstared
overstares
overstaring
overstate
overstated
overstatement
overstatements
overstates
overstating
overstay
overstayed
overstayer
overstayers
overstaying
overstays
oversteer
oversteered
oversteering
oversteers
overstep
overstepped
overstepping
oversteps
overstink
overstinking
overstinks
overstock
overstocked
overstocking
overstocks
overstood
overstrain
overstrained
overstraining
overstrains
overstress
overstressed
overstresses
overstressing
overstretch
overstretched
overstretches
overstretching
overstrew
overstrewed
overstrewing
overstrewn
overstrews
overstridden
overstride
overstrides
overstriding
overstrike
overstrikes
overstriking
overstrode
overstrong
overstrooke
overstruck
overstrung
overstudied
overstudies
overstudy
overstudying
overstuff
overstuffed
overstuffing
overstuffs
overstunk
oversubscribe
oversubscribed
oversubscribes
oversubscribing
oversubscription
oversubscriptions
oversubtle
oversubtleties
oversubtlety
oversupplied
oversupplies
oversupply
oversupplying
overswam
oversway
overswayed
overswaying
oversways
overswear
overswearing
overswears
overswell
overswelled
overswelling
overswells
overswim
overswimming
overswims
overswollen
overswore
oversworn
overswum
overt
overtake
overtaken
overtakes
overtaking
overtalk
overtalked
overtalking
overtalks
overtask
overtasked
overtasking
overtasks
overtax
overtaxed
overtaxes
overtaxing
overtedious
overteem
overteemed
overteeming
overteems
overthrew
overthrow
overthrower
overthrowers
overthrowing
overthrown
overthrows
overthrust
overthrusts
overthwart
overthwarted
overthwarting
overthwarts
overtime
overtimed
overtimely
overtimer
overtimers
overtimes
overtiming
overtire
overtired
overtires
overtiring
overtly
overtoil
overtoiled
overtoiling
overtoils
overtone
overtones
overtook
overtop
overtopped
overtopping
overtops
overtower
overtowered
overtowering
overtowers
overtrain
overtrained
overtraining
overtrains
overtrick
overtricks
overtrip
overtripped
overtripping
overtrips
overtrump
overtrumped
overtrumping
overtrumps
overtrust
overtrusted
overtrusting
overtrusts
overture
overtured
overtures
overturing
overturn
overturned
overturner
overturners
overturning
overturns
overtype
overtyped
overtypes
overtyping
overuse
overused
overuses
overusing
overvaluation
overvaluations
overvalue
overvalued
overvalues
overvaluing
overveil
overveiled
overveiling
overveils
overview
overviews
overviolent
overwash
overwashes
overwatch
overwatched
overwatches
overwatching
overwear
overwearied
overwearies
overwearing
overwears
overweary
overwearying
overweather
overweathered
overweathering
overweathers
overween
overweened
overweening
overweenings
overweens
overweigh
overweighed
overweighing
overweighs
overweight
overweighted
overweighting
overweights
overwent
overwhelm
overwhelmed
overwhelming
overwhelmingly
overwhelmings
overwhelms
overwind
overwinding
overwinds
overwing
overwinged
overwinging
overwings
overwinter
overwintered
overwintering
overwinters
overwise
overwisely
overword
overwords
overwore
overwork
overworked
overworking
overworks
overworn
overwound
overwrest
overwrested
overwresting
overwrestle
overwrestled
overwrestles
overwrestling
overwrests
overwrite
overwrites
overwriting
overwritten
overwrote
overwrought
overyear
overyeared
overyearing
overyears
ovibos
oviboses
ovibovine
ovicide
ovicides
oviducal
oviduct
oviductal
oviducts
oviferous
oviform
ovigerous
ovine
oviparities
oviparity
oviparous
oviparously
oviposit
oviposited
ovipositing
oviposition
ovipositions
ovipositor
ovipositors
oviposits
oviraptor
oviraptors
ovisac
ovisacs
ovist
ovists
ovoid
ovoidal
ovoids
ovoli
ovolo
ovotestes
ovotestis
ovoviviparous
ovular
ovulate
ovulated
ovulates
ovulating
ovulation
ovulations
ovule
ovules
ovuliferous
ovum
ow
owche
owches
owe
owed
owelties
owelty
ower
owerby
owerloup
owerloupen
owerlouping
owerloupit
owerloups
owes
owing
owl
owled
owler
owleries
owlers
owlery
owlet
owlets
owlier
owliest
owling
owlish
owlishness
owlishnesses
owls
owly
own
owned
owner
ownerless
owners
ownership
ownerships
owning
owns
owre
owrecome
owrecomes
owrelay
owrelays
owres
owreword
owrewords
owrie
owrier
owriest
owsen
owt
owts
ox
oxalate
oxalates
oxalic
oxalis
oxalises
oxazine
oxazines
oxblood
oxbloods
oxen
oxer
oxers
oxford
oxfords
oxgang
oxgangs
oxgate
oxgates
oxhead
oxheads
oxidant
oxidants
oxidase
oxidases
oxidate
oxidated
oxidates
oxidating
oxidation
oxidations
oxide
oxides
oxidisable
oxidise
oxidised
oxidiser
oxidisers
oxidises
oxidising
oxidizable
oxidize
oxidized
oxidizer
oxidizers
oxidizes
oxidizing
oxime
oximes
oximeter
oximeters
oxland
oxlands
oxlip
oxlips
oxonium
oxoniums
oxslip
oxslips
oxtail
oxtails
oxter
oxtered
oxtering
oxters
oxygen
oxygenate
oxygenated
oxygenates
oxygenating
oxygenation
oxygenations
oxygenator
oxygenators
oxygenise
oxygenised
oxygenises
oxygenising
oxygenize
oxygenized
oxygenizes
oxygenizing
oxygenous
oxygens
oxyhaemoglobin
oxyhaemoglobins
oxymel
oxymels
oxymoron
oxymoronic
oxymorons
oxyrhynchi
oxyrhynchus
oxyrhynchuses
oxytocic
oxytocics
oxytocin
oxytocins
oxytone
oxytones
oy
oye
oyer
oyers
oyes
oyeses
oyez
oyezes
oys
oyster
oysters
oystrige
oystriges
ozaena
ozaenas
ozeki
ozekis
ozocerite
ozocerites
ozokerite
ozokerites
ozonation
ozonations
ozone
ozones
ozoniferous
ozonisation
ozonisations
ozonise
ozonised
ozoniser
ozonisers
ozonises
ozonising
ozonization
ozonizations
ozonize
ozonized
ozonizer
ozonizers
ozonizes
ozonizing
ozonosphere
ozonospheres
