yabber
yabbered
yabbering
yabbers
yabbie
yabbies
yabby
yacca
yaccas
yacht
yachted
yachter
yachters
yachtie
yachties
yachting
yachtings
yachts
yachtsman
yachtsmanship
yachtsmanships
yachtsmen
yachtswoman
yachtswomen
yack
yacked
yacker
yackers
yacking
yacks
yaff
yaffed
yaffing
yaffingale
yaffingales
yaffle
yaffles
yaffs
yager
yagers
yagger
yaggers
yah
yahoo
yahoos
yahs
yak
yakhdan
yakhdans
yakimono
yakimonos
yakitori
yakitoris
yakka
yakkas
yakked
yakker
yakkers
yakking
yakow
yakows
yaks
yakuza
yald
yale
yales
yam
yamen
yamens
yammer
yammered
yammering
yammerings
yammers
yams
yamulka
yamulkas
yang
yangs
yank
yanked
yanker
yankers
yankie
yankies
yanking
yanks
yaourt
yaourts
yap
yapock
yapocks
yapok
yapoks
yapon
yapons
yapp
yapped
yapper
yappers
yappie
yappier
yappies
yappiest
yapping
yapps
yappy
yaps
yapster
yapsters
yaqona
yaqonas
yard
yardage
yardages
yardang
yardangs
yardbird
yardbirds
yarded
yarding
yardland
yardlands
yardman
yardmen
yards
yardstick
yardsticks
yardwand
yardwands
yare
yarely
yarer
yarest
yarfa
yarfas
yarmulka
yarmulkas
yarmulke
yarmulkes
yarn
yarned
yarning
yarns
yarpha
yarphas
yarr
yarraman
yarramans
yarrow
yarrows
yarrs
yarta
yartas
yarto
yartos
yashmak
yashmaks
yatagan
yatagans
yataghan
yataghans
yate
yates
yatter
yattered
yattering
yatteringly
yatterings
yatters
yaud
yauds
yauld
yaup
yaupon
yaupons
yaw
yawed
yawey
yawing
yawl
yawled
yawling
yawls
yawn
yawned
yawnier
yawniest
yawning
yawningly
yawnings
yawns
yawny
yawp
yawped
yawper
yawpers
yawping
yawps
yaws
yawy
ybet
yblent
ybore
ybound
ybounden
ybrent
yclad
ycled
ycleepe
ycleeped
ycleepes
ycleeping
ycleped
yclept
ycond
ydrad
ydred
ye
yea
yead
yeading
yeads
yeah
yealdon
yealdons
yealm
yealmed
yealming
yealms
yean
yeaned
yeaning
yeanling
yeanlings
yeans
year
yearbook
yearbooks
yeard
yearded
yearding
yeards
yearlies
yearling
yearlings
yearlong
yearly
yearn
yearned
yearner
yearners
yearning
yearningly
yearnings
yearns
years
yeas
yeast
yeasted
yeastier
yeastiest
yeastiness
yeastinesses
yeasting
yeastlike
yeasts
yeasty
yech
yede
yedes
yeding
yeed
yeeding
yeeds
yegg
yeggman
yeggmen
yeggs
yeld
yeldring
yeldrings
yeldrock
yeldrocks
yelk
yelks
yell
yelled
yelling
yellings
yelloch
yelloched
yelloching
yellochs
yellow
yellowback
yellowbacks
yellowbird
yellowbirds
yellowcake
yellowcakes
yellowed
yellower
yellowest
yellowhammer
yellowhammers
yellowhead
yellowheads
yellowier
yellowiest
yellowing
yellowish
yellowishness
yellowishnesses
yellowness
yellownesses
yellows
yellowy
yells
yelm
yelmed
yelming
yelms
yelp
yelped
yelper
yelpers
yelping
yelpings
yelps
yelt
yelts
yen
yenned
yenning
yens
yenta
yentas
yeoman
yeomanly
yeomanries
yeomanry
yeomen
yep
yeps
yerba
yerbas
yerd
yerded
yerding
yerds
yerk
yerked
yerking
yerks
yersinia
yersiniae
yersinias
yersinioses
yersiniosis
yes
yeses
yeshiva
yeshivah
yeshivahs
yeshivas
yeshivot
yeshivoth
yesk
yesked
yesking
yesks
yesses
yest
yester
yesterday
yesterdays
yestereve
yestereven
yesterevening
yesterevenings
yesterevens
yestereves
yestermorn
yestermorning
yestermornings
yestermorns
yestern
yesternight
yesternights
yesteryear
yesteryears
yestreen
yests
yesty
yet
yeti
yetis
yett
yetts
yeuk
yeuked
yeuking
yeuks
yeve
yeven
yeves
yeving
yew
yewen
yews
yex
yexed
yexes
yexing
yfere
yglaunst
ygo
ygoe
yibbles
yicker
yickered
yickering
yickers
yield
yieldable
yieldableness
yieldablenesses
yielded
yielder
yielders
yielding
yieldingly
yieldingness
yieldingnesses
yieldings
yields
yike
yikes
yikker
yikkered
yikkering
yikkers
yill
yills
yin
yince
yins
yip
yipped
yippee
yipper
yippers
yippies
yipping
yippy
yips
yird
yirded
yirding
yirds
yirk
yirked
yirking
yirks
yite
yites
ylem
ylems
ylike
ylke
ylkes
ymolt
ymolten
ympe
ympes
ymping
ympt
ynambu
ynambus
yo
yob
yobberies
yobbery
yobbish
yobbishly
yobbism
yobbisms
yobbo
yobboes
yobbos
yobs
yock
yocked
yocking
yocks
yod
yode
yodel
yodelled
yodeller
yodellers
yodelling
yodels
yodle
yodled
yodler
yodlers
yodles
yodling
yoga
yogas
yogh
yoghourt
yoghourts
yoghs
yoghurt
yoghurts
yogi
yogic
yogin
yogini
yoginis
yogins
yogis
yogism
yogisms
yogurt
yogurts
yohimbine
yohimbines
yoick
yoicked
yoicking
yoicks
yoicksed
yoickses
yoicksing
yojan
yojana
yojanas
yojans
yok
yoke
yoked
yokel
yokelish
yokels
yokes
yoking
yokings
yokked
yokking
yokozuna
yokozunas
yoks
yokul
yold
yoldring
yoldrings
yolk
yolked
yolkier
yolkiest
yolks
yolky
yomp
yomped
yomping
yomps
yon
yond
yonder
yonderly
yonders
yongthly
yoni
yonis
yonker
yonkers
yonks
yont
yoof
yoofs
yoop
yoops
yopper
yoppers
yore
yores
york
yorked
yorker
yorkers
yorkie
yorkies
yorking
yorks
yos
you
youk
youked
youking
youks
young
youngberries
youngberry
younger
youngest
youngish
youngling
younglings
youngly
youngness
youngnesses
youngs
youngster
youngsters
youngth
youngthly
youngths
younker
younkers
your
yourn
yours
yourself
yourselves
yourt
yourts
youth
youthful
youthfully
youthfulness
youthfulnesses
youthhead
youthheads
youthhood
youthhoods
youthier
youthiest
youthly
youths
youthsome
youthy
yow
yowe
yowes
yowie
yowies
yowl
yowled
yowley
yowleys
yowling
yowlings
yowls
yows
ypight
yplast
yplight
ypsiliform
ypsiloid
ypsilon
ypsilons
yrapt
yravished
yrent
yrivd
yrneh
yrnehs
ysame
yshend
yshending
yshends
yshent
yslaked
ythundered
ytost
ytterbia
ytterbias
ytterbium
ytterbiums
yttria
yttrias
yttric
yttriferous
yttrious
yttrium
yttriums
yu
yuan
yuca
yucas
yucca
yuccas
yuck
yucked
yucker
yuckers
yuckier
yuckiest
yucking
yucks
yucky
yuft
yufts
yug
yuga
yugas
yugs
yuk
yukata
yukatas
yuke
yuked
yukes
yukier
yukiest
yuking
yukkier
yukkiest
yukky
yuko
yukos
yuks
yuky
yulan
yulans
yule
yules
yuletide
yuletides
yummier
yummiest
yummy
yump
yumped
yumpie
yumpies
yumping
yumps
yunx
yunxes
yup
yupon
yupons
yuppie
yuppiedom
yuppiedoms
yuppies
yuppification
yuppifications
yuppified
yuppifies
yuppify
yuppifying
yuppy
yups
yurt
yurts
yus
ywis
ywroke
