zabaglione
zabagliones
zabaione
zabaiones
zabra
zabras
zabtieh
zabtiehs
zack
zacks
zaddik
zaddikim
zaddiks
zaffer
zaffers
zaffre
zaffres
zag
zagged
zagging
zags
zaire
zaitech
zaitechs
zakat
zakats
zakuska
zakuski
zalambdodont
zalambdodonts
zaman
zamang
zamangs
zamans
zambo
zambomba
zambombas
zamboorak
zambooraks
zambos
zambuck
zambucks
zambuk
zambuks
zamia
zamias
zamindar
zamindari
zamindaries
zamindaris
zamindars
zamindary
zamouse
zamouses
zampogna
zampognas
zampone
zamponi
zander
zanders
zanella
zanellas
zanied
zanier
zanies
zaniest
zaniness
zaninesses
zanja
zanjas
zanjero
zanjeros
zante
zantedeschia
zantedeschias
zantes
zanthoxyl
zanthoxyls
zany
zanying
zanyism
zanyisms
zanze
zanzes
zap
zapata
zapateado
zapateados
zapotilla
zapotillas
zapped
zapper
zappers
zappier
zappiest
zapping
zappy
zaps
zaptiah
zaptiahs
zaptieh
zaptiehs
zarape
zarapes
zaratite
zaratites
zareba
zarebas
zareeba
zareebas
zarf
zarfs
zariba
zaribas
zarnec
zarnecs
zarnich
zarnichs
zarzuela
zarzuelas
zastruga
zastrugi
zati
zatis
zax
zaxes
zea
zeal
zealant
zealants
zealful
zealless
zealot
zealotism
zealotisms
zealotries
zealotry
zealots
zealous
zealously
zealousness
zealousnesses
zeals
zeas
zebec
zebeck
zebecks
zebecs
zebra
zebras
zebrass
zebrasses
zebrina
zebrinas
zebrine
zebrinnies
zebrinny
zebroid
zebrula
zebrulas
zebrule
zebrules
zebu
zebub
zebubs
zebus
zecchine
zecchines
zecchini
zecchino
zecchinos
zed
zedoaries
zedoary
zeds
zee
zees
zein
zeins
zeitgeist
zeitgeists
zek
zeks
zel
zelant
zelants
zelator
zelators
zelatrice
zelatrices
zelatrix
zelatrixes
zelophobia
zelophobias
zelophobic
zelophobics
zeloso
zelotypia
zelotypias
zels
zemindar
zemindari
zemindaries
zemindaris
zemindars
zemindary
zemstva
zemstvo
zemstvos
zenana
zenanas
zendik
zendiks
zenith
zenithal
zeniths
zeolite
zeolites
zeolitic
zeolitiform
zephyr
zephyrs
zeppelin
zeppelins
zerda
zerdas
zereba
zerebas
zeriba
zeribas
zero
zeroed
zeroing
zeros
zeroth
zerumbet
zerumbets
zest
zested
zester
zesters
zestful
zestfully
zestfulness
zestfulnesses
zestier
zestiest
zesting
zests
zesty
zeta
zetas
zetetic
zetetics
zeuglodont
zeuglodonts
zeugma
zeugmas
zeugmatic
zeuxite
zeuxites
zex
zexes
zeze
zezes
zho
zhomo
zhomos
zhos
zibeline
zibelines
zibelline
zibellines
zibet
zibets
zidovudine
zidovudines
ziff
ziffius
ziffiuses
ziffs
zig
zigan
ziganka
zigankas
zigans
zigged
zigging
ziggurat
ziggurats
zigs
zigzag
zigzagged
zigzaggeries
zigzaggery
zigzagging
zigzaggy
zigzags
zikkurat
zikkurats
zila
zilas
zilch
zilches
zillah
zillahs
zillion
zillions
zillionth
zillionths
zimb
zimbi
zimbis
zimbs
zimmer
zimmers
zimocca
zimoccas
zinc
zinced
zincier
zinciest
zinciferous
zincification
zincifications
zincified
zincifies
zincify
zincifying
zincing
zincite
zincites
zincked
zinckier
zinckiest
zinckification
zinckifications
zinckified
zinckifies
zinckify
zinckifying
zincking
zincky
zinco
zincode
zincodes
zincograph
zincographer
zincographers
zincographic
zincographical
zincographies
zincographs
zincography
zincoid
zincolyses
zincolysis
zincos
zincous
zincs
zincy
zine
zineb
zinebs
zines
zinfandel
zinfandels
zing
zinged
zingel
zingels
zinger
zingers
zingiber
zingiberaceous
zingibers
zingier
zingiest
zinging
zings
zingy
zinke
zinked
zinkenite
zinkenites
zinkes
zinkier
zinkiest
zinkiferous
zinkification
zinkifications
zinkified
zinkifies
zinkify
zinkifying
zinking
zinky
zinnia
zinnias
zinziberaceous
zip
ziplock
zipped
zipper
zippered
zippers
zippier
zippiest
zipping
zippo
zippos
zippy
zips
ziptop
zircaloy
zircaloys
zircon
zirconia
zirconias
zirconic
zirconium
zirconiums
zircons
zit
zite
zither
zithern
zitherns
zithers
ziti
zits
ziz
zizania
zizanias
zizel
zizels
zizyphus
zizyphuses
zizz
zizzed
zizzes
zizzing
zloty
zlotys
zo
zoa
zoantharian
zoantharians
zoanthropic
zoanthropies
zoanthropy
zoaria
zoarium
zobo
zobos
zobu
zobus
zocco
zoccolo
zoccolos
zoccos
zodiac
zodiacal
zodiacs
zoea
zoeae
zoeal
zoeas
zoechrome
zoechromes
zoeform
zoetic
zoetrope
zoetropes
zoetropic
zoiatria
zoiatrias
zoiatrics
zoic
zoisite
zoisites
zoism
zoisms
zoist
zoists
zombi
zombie
zombies
zombified
zombifies
zombify
zombifying
zombiism
zombiisms
zombis
zomboruk
zomboruks
zona
zonae
zonal
zonary
zonate
zonated
zonation
zonations
zonda
zondas
zone
zoned
zoneless
zones
zoning
zonings
zonk
zonked
zonking
zonks
zonoid
zonula
zonulae
zonular
zonulas
zonule
zonules
zonulet
zonulets
zonure
zonures
zoo
zoobiotic
zooblast
zooblasts
zoocephalic
zoochemical
zoochemistries
zoochemistry
zoochore
zoochores
zoochories
zoochorous
zoochory
zooculture
zoocultures
zoocytia
zoocytium
zoodendria
zoodendrium
zoodendriums
zooea
zooeae
zooeal
zooeas
zooecia
zooecium
zoogamete
zoogametes
zoogamies
zoogamous
zoogamy
zoogenic
zoogenies
zoogenous
zoogeny
zoogeographer
zoogeographers
zoogeographic
zoogeographical
zoogeographies
zoogeography
zoogloea
zoogloeae
zoogloeas
zoogloeic
zoogloeoid
zoogonidia
zoogonidium
zoogonies
zoogonous
zoogony
zoograft
zoografting
zoograftings
zoografts
zoographer
zoographers
zoographic
zoographical
zoographies
zoographist
zoographists
zoography
zooid
zooidal
zooids
zooks
zoolater
zoolaters
zoolatria
zoolatrias
zoolatries
zoolatrous
zoolatry
zoolite
zoolites
zoolith
zoolithic
zooliths
zoolitic
zoological
zoologically
zoologies
zoologist
zoologists
zoology
zoom
zoomagnetic
zoomagnetism
zoomagnetisms
zoomancies
zoomancy
zoomantic
zoomed
zoometric
zoometries
zoometry
zooming
zoomorph
zoomorphic
zoomorphies
zoomorphism
zoomorphisms
zoomorphs
zoomorphy
zooms
zoon
zoonal
zoonic
zoonite
zoonites
zoonitic
zoonomia
zoonomias
zoonomic
zoonomies
zoonomist
zoonomists
zoonomy
zoonoses
zoonosis
zoonotic
zoons
zoopathies
zoopathologies
zoopathology
zoopathy
zooperal
zooperies
zooperist
zooperists
zoopery
zoophagan
zoophagans
zoophagies
zoophagous
zoophagy
zoophile
zoophiles
zoophilia
zoophilias
zoophilies
zoophilism
zoophilisms
zoophilist
zoophilists
zoophilous
zoophily
zoophobia
zoophobias
zoophobous
zoophori
zoophoric
zoophorus
zoophysiologies
zoophysiologist
zoophysiologists
zoophysiology
zoophyte
zoophytes
zoophytic
zoophytical
zoophytoid
zoophytological
zoophytologies
zoophytologist
zoophytologists
zoophytology
zooplankton
zooplanktons
zooplastic
zooplasties
zooplasty
zoopsychologies
zoopsychology
zoos
zooscopic
zooscopies
zooscopy
zoosperm
zoospermatic
zoospermia
zoospermium
zoosperms
zoosporangia
zoosporangium
zoospore
zoospores
zoosporic
zoosporous
zootaxies
zootaxy
zootechnics
zootechnies
zootechny
zoothapses
zoothapsis
zoothecia
zoothecial
zoothecium
zootheism
zootheisms
zootheistic
zootherapies
zootherapy
zoothome
zoothomes
zootomic
zootomical
zootomically
zootomies
zootomist
zootomists
zootomy
zootoxin
zootoxins
zootrope
zootropes
zootrophic
zootrophies
zootrophy
zootsuiter
zootsuiters
zootype
zootypes
zootypic
zoozoo
zoozoos
zopilote
zopilotes
zoppa
zoppo
zorgite
zorgites
zori
zoril
zorille
zorilles
zorillo
zorillos
zorils
zorino
zorinos
zoris
zorro
zorros
zos
zoster
zosters
zouk
zouks
zounds
zowie
zucchetto
zucchettos
zucchini
zucchinis
zuchetta
zuchettas
zuchetto
zuchettos
zuffoli
zuffolo
zufoli
zufolo
zugzwang
zugzwangs
zulu
zulus
zumbooruck
zumboorucks
zumbooruk
zumbooruks
zupa
zupan
zupans
zupas
zurf
zurfs
zuz
zuzim
zwischenzug
zwischenzugs
zwitterion
zwitterions
zydeco
zydecos
zyga
zygaenid
zygaenine
zygaenoid
zygal
zygantra
zygantrum
zygantrums
zygapophyseal
zygapophyses
zygapophysial
zygapophysis
zygobranch
zygobranchiate
zygobranchiates
zygobranchs
zygocacti
zygocactus
zygocactuses
zygocardiac
zygodactyl
zygodactylic
zygodactylism
zygodactylisms
zygodactylous
zygodont
zygoma
zygomas
zygomata
zygomatic
zygomorphic
zygomorphies
zygomorphism
zygomorphisms
zygomorphous
zygomorphy
zygomycete
zygomycetes
zygomycetous
zygon
zygophyllaceous
zygophyte
zygophytes
zygopleural
zygose
zygoses
zygosis
zygosperm
zygosperms
zygosphene
zygosphenes
zygospore
zygospores
zygote
zygotes
zygotic
zylonite
zylonites
zymase
zymases
zyme
zymes
zymic
zymite
zymites
zymogen
zymogenic
zymogens
zymoid
zymologic
zymological
zymologies
zymologist
zymologists
zymology
zymolyses
zymolysis
zymolytic
zymome
zymomes
zymometer
zymometers
zymoses
zymosimeter
zymosimeters
zymosis
zymotechnic
zymotechnical
zymotechnics
zymotic
zymotically
zymotics
zymurgies
zymurgy
zythum
zythums
