ka
kaama
kaamas
kabab
kababbed
kababbing
kababs
kabaddi
kabaddis
kabala
kabalas
kabaya
kabayas
kabbala
kabbalah
kabbalahs
kabbalas
kabele
kabeles
kabeljou
kabeljous
kabeljouw
kabeljouws
kabob
kabobbed
kabobbing
kabobs
kabuki
kabukis
kaccha
kacchas
kacha
kachahri
kachahris
kachcha
kacheri
kacheris
kachina
kachinas
kade
kades
kadi
kadis
kae
kaed
kaeing
kaes
kaffiyeh
kaffiyehs
kafila
kafilas
kaftan
kaftans
kago
kagool
kagools
kagos
kagoul
kagoule
kagoules
kagouls
kahal
kahals
kahawai
kahawais
kai
kaiak
kaiaked
kaiaking
kaiaks
kaid
kaids
kaie
kaies
kaif
kaifs
kaikai
kaikais
kail
kails
kailyaird
kailyairds
kailyard
kailyards
kaim
kaimakam
kaimakams
kaims
kain
kaing
kainite
kainites
kainogeneses
kainogenesis
kains
kais
kaiser
kaiserdom
kaiserdoms
kaiserin
kaiserins
kaiserism
kaiserisms
kaisers
kaisership
kaiserships
kaizen
kaizens
kajawah
kajawahs
kaka
kakapo
kakapos
kakas
kakemono
kakemonos
kaki
kakiemon
kakiemons
kakis
kakistocracies
kakistocracy
kakodyl
kakodyls
kalamdan
kalamdans
kalamkari
kalamkaris
kalanchoe
kalanchoes
kalashnikov
kalashnikovs
kale
kaleidophone
kaleidophones
kaleidoscope
kaleidoscopes
kaleidoscopic
kaleidoscopically
kalendar
kalendared
kalendaring
kalendars
kalends
kales
kali
kalian
kalians
kalif
kalifs
kalinite
kalinites
kalis
kalium
kaliums
kallitype
kallitypes
kalmia
kalmias
kalong
kalongs
kalotype
kalotypes
kalpa
kalpak
kalpaks
kalpas
kalpis
kalpises
kalsomine
kalsomined
kalsomines
kalsomining
kalumpit
kalumpits
kalyptra
kalyptras
kam
kama
kamacite
kamacites
kamala
kamalas
kamas
kame
kamees
kameeses
kameez
kameezes
kamela
kamelas
kamelaukion
kamelaukions
kamerad
kameraded
kamerading
kamerads
kames
kami
kamichi
kamichis
kamik
kamikaze
kamikazes
kamiks
kamila
kamilas
kamis
kamises
kamme
kampong
kampongs
kamseen
kamseens
kamsin
kamsins
kana
kanaka
kanakas
kanas
kandies
kandy
kaneh
kanehs
kang
kanga
kangaroo
kangarooed
kangarooing
kangaroos
kangas
kangha
kanghas
kangs
kanji
kanjis
kans
kanses
kant
kantar
kantars
kanted
kantela
kantelas
kantele
kanteles
kanten
kantens
kantha
kanthas
kantikoy
kantikoyed
kantikoying
kantikoys
kanting
kants
kanzu
kanzus
kaoliang
kaoliangs
kaolin
kaoline
kaolines
kaolinise
kaolinised
kaolinises
kaolinising
kaolinite
kaolinites
kaolinitic
kaolinize
kaolinized
kaolinizes
kaolinizing
kaolinoses
kaolinosis
kaolins
kaon
kaons
kapellmeister
kapellmeisters
kapok
kapoks
kappa
kappas
kaput
kaputt
kara
karabiner
karabiners
karaism
karaisms
karait
karaits
karaka
karakas
karakul
karakuls
karaoke
karaokes
karas
karat
karate
karateist
karateists
karateka
karatekas
karates
karats
karite
karites
kark
karked
karking
karks
karma
karmas
karmic
kaross
karosses
karri
karris
karsey
karseys
karsies
karst
karstic
karstification
karstifications
karstified
karstifies
karstify
karstifying
karsts
karsy
kart
karter
karters
karting
kartings
karts
karyogamies
karyogamy
karyogram
karyograms
karyokineses
karyokinesis
karyologies
karyology
karyolymph
karyolymphs
karyolyses
karyolysis
karyon
karyons
karyoplasm
karyoplasms
karyosome
karyosomes
karyotin
karyotins
karyotype
karyotyped
karyotypes
karyotypic
karyotyping
karzies
karzy
kas
kasbah
kasbahs
kasha
kashas
kashmir
kashmirs
kashrus
kashruses
kashrut
kashruth
kashruths
kashruts
kat
kata
katabases
katabasis
katabatic
katabolism
katabolisms
katabothron
katabothrons
katadromous
katakana
katakanas
katas
katathermometer
katathermometers
katavothron
katavothrons
kathak
kathakali
kathakalis
kathaks
katharevousa
katharevousas
katharometer
katharometers
katharses
katharsis
kathode
kathodes
kati
kation
kations
katipo
katipos
katis
kats
katti
kattis
katydid
katydids
katzenjammer
katzenjammers
kaugh
kaughs
kauri
kaurigum
kaurigums
kauris
kava
kavas
kavass
kavasses
kaw
kawed
kawing
kaws
kay
kayak
kayaked
kayaking
kayaks
kayle
kayles
kayo
kayoed
kayoes
kayoing
kayoings
kayos
kays
kazatzka
kazatzkas
kazi
kazis
kazoo
kazoos
kea
keas
keasar
keasars
keavie
keavies
keb
kebab
kebabbed
kebabbing
kebabs
kebbed
kebbie
kebbies
kebbing
kebbock
kebbocks
kebbuck
kebbucks
kebele
kebeles
keblah
keblahs
kebob
kebobbed
kebobbing
kebobs
kebs
keck
kecked
kecking
keckle
keckled
keckles
keckling
kecklings
kecks
keckses
kecksies
kecksy
ked
keddah
keddahs
kedge
kedged
kedger
kedgeree
kedgerees
kedgers
kedges
kedgier
kedgiest
kedging
kedgy
keds
keech
keeches
keek
keeked
keeker
keekers
keeking
keeks
keel
keelage
keelages
keelboat
keelboats
keeled
keeler
keelers
keelhaul
keelhauled
keelhauling
keelhaulings
keelhauls
keelie
keelies
keeling
keelings
keelivine
keelivines
keelman
keelmen
keels
keelson
keelsons
keelyvine
keelyvines
keen
keened
keener
keeners
keenest
keening
keenings
keenly
keenness
keennesses
keens
keep
keeper
keeperless
keepers
keepership
keeperships
keeping
keepings
keepnet
keepnets
keeps
keepsake
keepsakes
keepsaky
keeshond
keeshonden
keeshonds
keeve
keeves
kef
keffel
keffels
keffiyeh
keffiyehs
kefir
kefirs
kefs
kefuffle
kefuffled
kefuffles
kefuffling
keg
kegs
keight
keir
keirs
keister
keisters
keitloa
keitloas
keks
keksye
keksyes
kelim
kelims
kell
kellaut
kellauts
kellies
kells
kelly
keloid
keloidal
keloids
kelp
kelper
kelpers
kelpie
kelpies
kelps
kelpy
kelson
kelsons
kelt
kelter
kelters
keltie
kelties
kelts
kelty
kelvin
kelvins
kemb
kembed
kembing
kembo
kemboed
kemboing
kembos
kembs
kemp
kemped
kemper
kempers
kemping
kempings
kemple
kemples
kemps
kempt
ken
kenaf
kenafs
kendo
kendos
kenned
kennel
kennelled
kennelling
kennels
kenner
kenners
kennet
kennets
kenning
kennings
keno
kenophobia
kenophobias
kenos
kenoses
kenosis
kenotic
kenoticist
kenoticists
kens
kenspeck
kenspeckle
kent
kented
kentia
kentias
kenting
kentledge
kentledges
kents
kep
kephalic
kephalics
kephalin
kephalins
kephir
kephirs
kepi
kepis
kepping
keppit
keps
kept
keramic
keramics
keratin
keratinisation
keratinisations
keratinise
keratinised
keratinises
keratinising
keratinization
keratinizations
keratinize
keratinized
keratinizes
keratinizing
keratinous
keratins
keratitis
keratitises
keratogenous
keratoid
keratometer
keratometers
keratophyre
keratophyres
keratoplasties
keratoplasty
keratose
keratoses
keratosis
keratotomies
keratotomy
keraunograph
keraunographs
kerb
kerbs
kerbside
kerbsides
kerbstone
kerbstones
kerchief
kerchiefed
kerchiefing
kerchiefs
kerf
kerfs
kerfuffle
kerfuffled
kerfuffles
kerfuffling
kermes
kermesite
kermesites
kermesse
kermesses
kermis
kermises
kern
kerne
kerned
kernel
kernelled
kernelling
kernelly
kernels
kernes
kernicterus
kernicteruses
kerning
kernings
kernish
kernite
kernites
kerns
kerogen
kerogens
kerosene
kerosenes
kerosine
kerosines
kerria
kerrias
kersantite
kersantites
kersey
kerseymere
kerseymeres
kerseys
kerve
kerved
kerves
kerving
kerygma
kerygmas
kerygmata
kerygmatic
kesar
kesars
kesh
keshes
kest
kesting
kestrel
kestrels
kests
ket
keta
ketamine
ketamines
ketas
ketch
ketches
ketching
ketchup
ketchups
ketone
ketones
ketonuria
ketonurias
ketose
ketoses
ketosis
kets
kettle
kettledrum
kettledrummer
kettledrummers
kettledrums
kettleful
kettlefuls
kettles
kettlestitch
kettlestitches
kevel
kevels
kex
kexes
key
keyboard
keyboarded
keyboarder
keyboarders
keyboarding
keyboards
keybugle
keybugles
keyed
keyhole
keyholes
keying
keyless
keyline
keylines
keynote
keynoted
keynotes
keynoting
keypad
keypads
keypunch
keypunched
keypunches
keypunching
keys
keystone
keystoned
keystones
keystoning
keystroke
keystrokes
keystroking
keystrokings
keyword
keywords
kgotla
kgotlas
khaddar
khaddars
khadi
khadis
khaki
khakis
khalat
khalats
khalif
khalifa
khalifah
khalifahs
khalifas
khalifat
khalifate
khalifates
khalifats
khalifs
khamsin
khamsins
khan
khanate
khanates
khanga
khangas
khanjar
khanjars
khans
khansama
khansamah
khansamahs
khansamas
khanum
khanums
kharif
kharifs
khat
khats
khaya
khayas
kheda
khedas
khediva
khedival
khedivas
khedivate
khedivates
khedive
khedives
khedivial
khediviate
khediviates
khidmutgar
khidmutgars
khilafat
khilafats
khilat
khilats
khilim
khilims
khitmutgar
khitmutgars
khodja
khodjas
khoja
khojas
khor
khors
khotbah
khotbahs
khotbeh
khotbehs
khud
khuds
khurta
khurtas
khuskhus
khuskhuses
khutbah
khutbahs
kiang
kiangs
kiaugh
kiaughs
kibble
kibbled
kibbles
kibbling
kibbutz
kibbutzim
kibbutznik
kibbutzniks
kibe
kibes
kibitka
kibitkas
kibitz
kibitzed
kibitzer
kibitzers
kibitzes
kibitzing
kiblah
kiblahs
kibosh
kiboshed
kiboshes
kiboshing
kick
kickable
kickback
kickbacks
kickball
kickballs
kickdown
kickdowns
kicked
kicker
kickers
kicking
kicks
kickshaw
kickshaws
kickshawses
kicksorter
kicksorters
kickstand
kickstands
kid
kidded
kidder
kidders
kiddied
kiddier
kiddiers
kiddies
kiddiewink
kiddiewinkie
kiddiewinkies
kiddiewinks
kidding
kiddle
kiddles
kiddo
kiddos
kiddush
kiddushes
kiddy
kiddying
kiddywink
kiddywinks
kidel
kidels
kidge
kidgie
kidgier
kidgiest
kidlet
kidlets
kidling
kidlings
kidnap
kidnapped
kidnapper
kidnappers
kidnapping
kidnaps
kidney
kidneys
kidologies
kidologist
kidologists
kidology
kids
kidskin
kidskins
kidstakes
kidult
kidults
kidvid
kidvids
kier
kierie
kieries
kiers
kieselguhr
kieselguhrs
kieserite
kieserites
kieve
kieves
kif
kifs
kight
kights
kike
kikes
kikoi
kikois
kikumon
kikumons
kikuyu
kikuyus
kild
kilderkin
kilderkins
kilerg
kilergs
kiley
kileys
kilim
kilims
kill
killadar
killadars
killas
killases
killcow
killcows
killcrop
killcrops
killdee
killdeer
killdeers
killdees
killed
killer
killers
killick
killicks
killifish
killifishes
killikinick
killikinicks
killing
killings
killjoy
killjoys
killock
killocks
killogie
killogies
kills
killut
killuts
kiln
kilned
kilning
kilns
kilo
kilobar
kilobars
kilobit
kilobits
kilobyte
kilobytes
kilocalorie
kilocalories
kilocycle
kilocycles
kilogram
kilogramme
kilogrammes
kilograms
kilogray
kilograys
kilohertz
kilohertzes
kilojoule
kilojoules
kilometre
kilometres
kilos
kiloton
kilotons
kilovolt
kilovolts
kilowatt
kilowatts
kilp
kilps
kilt
kilted
kilter
kilters
kiltie
kilties
kilting
kilts
kilty
kimberlite
kimberlites
kimbo
kimboed
kimboing
kimbos
kimchi
kimchis
kimmer
kimmers
kimono
kimonos
kin
kina
kinaestheses
kinaesthesia
kinaesthesias
kinaesthesis
kinaesthetic
kinakina
kinakinas
kinas
kinase
kinases
kinchin
kinchins
kincob
kincobs
kind
kinda
kinded
kinder
kindergarten
kindergartener
kindergarteners
kindergartens
kindergartner
kindergartners
kinders
kinderspiel
kinderspiels
kindest
kindies
kinding
kindle
kindled
kindler
kindlers
kindles
kindless
kindlier
kindliest
kindlily
kindliness
kindlinesses
kindling
kindlings
kindly
kindness
kindnesses
kindred
kindredness
kindrednesses
kindreds
kindredship
kindredships
kinds
kindy
kine
kinema
kinemas
kinematic
kinematical
kinematics
kinematograph
kinematographs
kinescope
kinescopes
kineses
kinesiatric
kinesiatrics
kinesics
kinesiologies
kinesiologist
kinesiologists
kinesiology
kinesipath
kinesipathic
kinesipathies
kinesipathist
kinesipathists
kinesipaths
kinesipathy
kinesis
kinesitherapies
kinesitherapy
kinestheses
kinesthesia
kinesthesias
kinesthesis
kinesthetic
kinetheodolite
kinetheodolites
kinetic
kinetical
kinetics
kinetochore
kinetochores
kinetograph
kinetographs
kinetoscope
kinetoscopes
kinfolk
kinfolks
king
kingcraft
kingcrafts
kingcup
kingcups
kingdom
kingdomed
kingdomless
kingdoms
kinged
kingfish
kingfisher
kingfishers
kingfishes
kinghood
kinghoods
kinging
kingklip
kingklips
kingle
kingles
kingless
kinglet
kinglets
kinglier
kingliest
kinglihood
kinglihoods
kingliness
kinglinesses
kingling
kinglings
kingly
kingmaker
kingmakers
kingpost
kingposts
kings
kingship
kingships
kingwood
kingwoods
kinin
kinins
kink
kinkajou
kinkajous
kinked
kinkier
kinkiest
kinkily
kinking
kinkle
kinkles
kinks
kinky
kinless
kinnikinick
kinnikinicks
kino
kinone
kinones
kinos
kinred
kinreds
kins
kinsfolk
kinsfolks
kinship
kinships
kinsman
kinsmen
kinswoman
kinswomen
kintledge
kintledges
kiosk
kiosks
kip
kipe
kipes
kipp
kippa
kippage
kippages
kippas
kipped
kipper
kippered
kipperer
kipperers
kippering
kippers
kipping
kipps
kips
kir
kirbeh
kirbehs
kirbigrip
kirbigrips
kirimon
kirimons
kirk
kirked
kirking
kirkings
kirks
kirkton
kirktons
kirkward
kirkyaird
kirkyairds
kirkyard
kirkyards
kirmess
kirmesses
kirn
kirns
kirpan
kirpans
kirri
kirris
kirs
kirsch
kirsches
kirschwasser
kirschwassers
kirtle
kirtled
kirtles
kisan
kisans
kish
kishes
kishke
kishkes
kismet
kismets
kiss
kissable
kissagram
kissagrams
kissed
kissel
kissels
kisser
kissers
kisses
kissing
kissogram
kissograms
kist
kisted
kisting
kists
kistvaen
kistvaens
kit
kitchen
kitchendom
kitchendoms
kitchened
kitchener
kitcheners
kitchenette
kitchenettes
kitchening
kitchens
kitchenware
kitchenwares
kite
kited
kitenge
kitenges
kites
kith
kithara
kitharas
kithe
kithed
kithes
kithing
kiths
kiting
kitings
kitling
kitlings
kits
kitsch
kitsches
kitschier
kitschiest
kitschily
kitschy
kitted
kitten
kittened
kittening
kittenish
kittenishness
kittenishnesses
kittens
kitteny
kitties
kitting
kittiwake
kittiwakes
kittle
kittled
kittler
kittles
kittlest
kittlier
kittliest
kittling
kittly
kittul
kittuls
kitty
kiva
kivas
kiwi
kiwis
klang
klangfarbe
klangfarbes
klangs
klatch
klatches
klatsch
klatsches
klavier
klaviers
klaxon
klaxoned
klaxoning
klaxons
klebsiella
klebsiellas
klendusic
klendusities
klendusity
klepht
klephtic
klephtism
klephtisms
klephts
kleptocracies
kleptocracy
kleptocratic
kleptomania
kleptomaniac
kleptomaniacs
kleptomanias
klezmer
klezmorim
klinker
klinkers
klinostat
klinostats
klipdas
klipdases
klipspringer
klipspringers
klondike
klondiked
klondiker
klondikers
klondikes
klondiking
klondyke
klondyked
klondyker
klondykers
klondykes
klondyking
klooch
klooches
kloochman
kloochmans
kloochmen
kloof
kloofs
klootch
klootches
klootchman
klootchmans
klootchmen
kludge
kludges
klutz
klutzes
klystron
klystrons
knack
knacker
knackered
knackeries
knackering
knackers
knackery
knackier
knackiest
knackiness
knackinesses
knackish
knacks
knackwurst
knackwursts
knacky
knag
knaggier
knaggiest
knagginess
knagginesses
knaggy
knags
knaidel
knaidloch
knap
knapped
knapper
knappers
knapping
knapple
knappled
knapples
knappling
knaps
knapsack
knapsacks
knapscal
knapscals
knapscull
knapsculls
knapskull
knapskulls
knapweed
knapweeds
knar
knarl
knarls
knarred
knarring
knars
knave
knaveries
knavery
knaves
knaveship
knaveships
knavish
knavishly
knavishness
knavishnesses
knawel
knawels
knead
kneaded
kneader
kneaders
kneading
kneads
knee
kneecap
kneecapped
kneecapping
kneecappings
kneecaps
kneed
kneehole
kneeholes
kneeing
kneel
kneeled
kneeler
kneelers
kneeling
kneels
knees
kneidlach
knell
knelled
knelling
knells
knelt
knevell
knevelled
knevelling
knevells
knew
knicker
knickerbocker
knickerbockers
knickered
knickers
knickpoint
knickpoints
knicks
knife
knifed
knifeless
knifes
knifing
knifings
knight
knightage
knightages
knighted
knighthood
knighthoods
knighting
knightless
knightlier
knightliest
knightliness
knightlinesses
knightly
knights
kniphofia
kniphofias
knish
knishes
knit
knitch
knitches
knits
knitted
knitter
knitters
knitting
knittings
knittle
knittles
knitwear
knitwears
knive
knived
knives
kniving
knob
knobbed
knobber
knobbers
knobbier
knobbiest
knobbiness
knobbinesses
knobble
knobbled
knobbles
knobblier
knobbliest
knobbling
knobbly
knobby
knobkerrie
knobkerries
knobs
knock
knockabout
knockabouts
knocked
knocker
knockers
knocking
knockings
knockout
knockouts
knocks
knockwurst
knockwursts
knoll
knolled
knolling
knolls
knop
knops
knosp
knosps
knot
knotgrass
knotgrasses
knotless
knots
knotted
knotter
knotters
knottier
knottiest
knottiness
knottinesses
knotting
knottings
knotty
knotweed
knotweeds
knotwork
knotworks
knout
knouted
knouting
knouts
know
knowable
knowableness
knowablenesses
knowe
knower
knowers
knowes
knowhow
knowhows
knowing
knowingly
knowingness
knowingnesses
knowledgabilities
knowledgability
knowledgable
knowledgably
knowledge
knowledgeabilities
knowledgeability
knowledgeable
knowledgeably
knowledged
knowledges
knowledging
known
knowns
knows
knub
knubbier
knubbiest
knubble
knubbled
knubbles
knubblier
knubbliest
knubbling
knubbly
knubby
knubs
knuckle
knuckled
knuckleduster
knuckledusters
knuckles
knucklier
knuckliest
knuckling
knuckly
knur
knurl
knurled
knurlier
knurliest
knurling
knurlings
knurls
knurly
knurr
knurrs
knurs
knut
knuts
ko
koa
koala
koalas
koan
koans
koas
kob
koban
kobang
kobangs
kobans
kobold
kobolds
kobs
koff
koffs
kofta
koftas
koftgar
koftgari
koftgaris
koftgars
koftwork
koftworks
kohl
kohlrabi
kohlrabis
kohls
koi
koine
koines
kokanee
kokanees
koker
kokers
kokra
kokras
kokum
kokums
kola
kolas
kolinskies
kolinsky
kolkhoz
kolkhozes
kolo
kolos
komatik
komatiks
kombu
kombus
komissar
komissars
komitaji
komitajis
kon
kond
konfyt
konfyts
konimeter
konimeters
koniologies
koniology
koniscope
koniscopes
konk
konked
konking
konks
konning
kons
koodoo
koodoos
kook
kookaburra
kookaburras
kooked
kookie
kookier
kookiest
kooking
kooks
kooky
koolah
koolahs
koori
kooris
kop
kopasetic
kopeck
kopecks
koph
kophs
kopje
kopjes
koppa
koppas
koppie
koppies
kops
kora
koras
kore
korero
koreros
kores
korfball
korfballs
korkir
korkirs
korma
kormas
korora
kororas
koruna
korunas
kos
koses
kosher
koshered
koshering
koshers
kosmos
kosmoses
koss
kosses
koto
kotos
kotow
kotowed
kotowing
kotows
kottabos
kottaboses
kotwal
kotwals
koulan
koulans
koumiss
koumisses
kouprey
koupreys
kourbash
kourbashed
kourbashes
kourbashing
kouroi
kouros
kouskous
kouskouses
kow
kowhai
kowhais
kows
kowtow
kowtowed
kowtowing
kowtows
kraal
kraaled
kraaling
kraals
krab
krabs
kraft
krafts
krait
kraits
kraken
krakens
krakowiak
krakowiaks
krameria
kramerias
krang
krangs
krans
kranses
krantz
krantzes
kranz
kranzes
krater
kraters
kraut
krauts
kreasote
kreasoted
kreasotes
kreasoting
kreatine
kreatines
kreese
kreesed
kreeses
kreesing
kremlin
kremlins
kreng
krengs
kreosote
kreosoted
kreosotes
kreosoting
kreplach
kreutzer
kreutzers
kriegspiel
kriegspiels
kriegsspiel
kriegsspiels
krill
krills
krimmer
krimmers
kris
krised
krises
krising
kromeskies
kromesky
krona
krone
kronen
kroner
kronor
kronur
krugerrand
krugerrands
kruller
krullers
krumhorn
krumhorns
krummhorn
krummhorns
kryometer
kryometers
krypses
krypsis
krypton
kryptons
krytron
krytrons
ksar
ksars
kuchcha
kudos
kudoses
kudu
kudus
kudzu
kudzus
kufiyah
kufiyahs
kukri
kukris
kuku
kukus
kulan
kulans
kumara
kumaras
kumari
kumaris
kumiss
kumisses
kummel
kummels
kumquat
kumquats
kunkar
kunkars
kunkur
kunkurs
kunzite
kunzites
kurbash
kurbashed
kurbashes
kurbashing
kurchatovium
kurchatoviums
kurgan
kurgans
kuri
kuris
kurrajong
kurrajongs
kurre
kurres
kursaal
kursaals
kurta
kurtas
kurtoses
kurtosis
kuru
kurus
kurvey
kurveyed
kurveying
kurveyor
kurveyors
kurveys
kutch
kutcha
kutches
kuzu
kuzus
kvass
kvasses
kvetch
kvetched
kvetcher
kvetchers
kvetches
kvetching
kwacha
kwachas
kwanza
kwanzas
kwashiorkor
kwashiorkors
kwela
kwelas
ky
kyang
kyangs
kyanise
kyanised
kyanises
kyanising
kyanite
kyanites
kyanize
kyanized
kyanizes
kyanizing
kyat
kyats
kybosh
kyboshed
kyboshes
kyboshing
kydst
kye
kyle
kyles
kylices
kylie
kylies
kylin
kylins
kylix
kylloses
kyllosis
kyloe
kyloes
kymogram
kymograms
kymograph
kymographic
kymographies
kymographs
kymography
kynd
kynde
kynded
kyndes
kynding
kynds
kyne
kyogen
kyogens
kyphoses
kyphosis
kyphotic
kyrielle
kyrielles
kyte
kytes
kythe
kythed
kythes
kything
kyu
kyus
