qabalah
qabalahs
qadi
qadis
qaimaqam
qaimaqams
qalamdan
qalamdans
qanat
qanats
qasida
qasidas
qat
qats
qawwal
qawwali
qawwalis
qawwals
qi
qibla
qiblas
qigong
qigongs
qindar
qindars
qinghaosu
qinghaosus
qintar
qintars
qis
qiviut
qiviuts
qoph
qophs
qua
quack
quacked
quacker
quackeries
quackers
quackery
quacking
quackle
quackled
quackles
quackling
quacks
quacksalver
quacksalvers
quacksalving
quad
quadded
quadding
quadragenarian
quadragenarians
quadragesimal
quadrangle
quadrangles
quadrangular
quadrangularly
quadrans
quadrant
quadrantal
quadrantes
quadrants
quadraphonic
quadraphonics
quadraphonies
quadraphony
quadraplegia
quadraplegias
quadraplegic
quadraplegics
quadrat
quadrate
quadrated
quadrates
quadratic
quadratical
quadratics
quadrating
quadratrices
quadratrix
quadrats
quadratura
quadrature
quadratures
quadratus
quadratuses
quadrella
quadrellas
quadrennia
quadrennial
quadrennially
quadrennials
quadrennium
quadric
quadricentennial
quadricentennials
quadriceps
quadricepses
quadricipital
quadricone
quadricones
quadrics
quadriennia
quadriennial
quadriennially
quadriennials
quadriennium
quadrifarious
quadrifid
quadrifoliate
quadriform
quadriga
quadrigae
quadrigeminal
quadrigeminate
quadrigeminous
quadrilateral
quadrilaterals
quadrilingual
quadriliteral
quadriliterals
quadrille
quadrilled
quadriller
quadrillers
quadrilles
quadrilling
quadrillion
quadrillions
quadrillionth
quadrillionths
quadrilocular
quadringenaries
quadringenary
quadrinomial
quadrinomials
quadripartite
quadripartition
quadripartitions
quadriplegia
quadriplegias
quadriplegic
quadriplegics
quadripole
quadripoles
quadrireme
quadriremes
quadrisect
quadrisected
quadrisecting
quadrisection
quadrisections
quadrisects
quadrisyllabic
quadrisyllable
quadrisyllables
quadrivalence
quadrivalences
quadrivalent
quadrivalents
quadrivia
quadrivial
quadrivium
quadriviums
quadroon
quadroons
quadrophonic
quadrophonics
quadrophonies
quadrophony
quadruman
quadrumane
quadrumanes
quadrumanous
quadrumans
quadrumvir
quadrumvirate
quadrumvirates
quadrumvirs
quadruped
quadrupedal
quadrupeds
quadruple
quadrupled
quadruples
quadruplet
quadruplets
quadruplex
quadruplexed
quadruplexes
quadruplexing
quadruplicate
quadruplicated
quadruplicates
quadruplicating
quadruplication
quadruplications
quadruplicities
quadruplicity
quadruplies
quadrupling
quadruply
quads
quaere
quaered
quaereing
quaeres
quaeritur
quaesitum
quaesitums
quaestionaries
quaestionary
quaestor
quaestorial
quaestors
quaestorship
quaestorships
quaestuaries
quaestuary
quaff
quaffed
quaffer
quaffers
quaffing
quaffs
quag
quagga
quaggas
quaggier
quaggiest
quagginess
quagginesses
quaggy
quagmire
quagmired
quagmires
quagmirier
quagmiriest
quagmiring
quagmiry
quags
quahaug
quahaugs
quahog
quahogs
quaich
quaichs
quaigh
quaighs
quail
quailed
quailing
quailings
quails
quaint
quainter
quaintest
quaintly
quaintness
quaintnesses
quair
quairs
quake
quaked
quaker
quakers
quakes
quakier
quakiest
quakiness
quakinesses
quaking
quakingly
quakings
quaky
quale
qualia
qualifiable
qualification
qualifications
qualificative
qualificatives
qualificator
qualificators
qualificatory
qualified
qualifiedly
qualifier
qualifiers
qualifies
qualify
qualifying
qualifyings
qualitative
qualitatively
qualitied
qualities
quality
qualm
qualmier
qualmiest
qualming
qualmish
qualmishly
qualmishness
qualmishnesses
qualmless
qualms
qualmy
quamash
quamashes
quandang
quandangs
quandaries
quandary
quandong
quandongs
quango
quangos
quannet
quannets
quant
quanta
quantal
quanted
quantic
quantical
quantics
quantifiable
quantification
quantifications
quantified
quantifier
quantifiers
quantifies
quantify
quantifying
quanting
quantisation
quantisations
quantise
quantised
quantises
quantising
quantitative
quantitatively
quantities
quantitive
quantitively
quantity
quantivalence
quantivalences
quantivalent
quantization
quantizations
quantize
quantized
quantizes
quantizing
quantometer
quantometers
quantong
quantongs
quants
quantum
quaquaversal
quaquaversally
quarantine
quarantined
quarantines
quarantining
quare
quarenden
quarendens
quarender
quarenders
quarer
quarest
quark
quarks
quarrel
quarrelled
quarreller
quarrellers
quarrelling
quarrellings
quarrellous
quarrels
quarrelsome
quarrelsomely
quarrelsomeness
quarrelsomenesses
quarrender
quarrenders
quarriable
quarried
quarrier
quarriers
quarries
quarrington
quarringtons
quarry
quarrying
quarryman
quarrymaster
quarrymasters
quarrymen
quart
quartan
quartans
quartation
quartations
quarte
quarter
quarterage
quarterages
quarterback
quarterbacks
quarterdeck
quarterdecker
quarterdeckers
quarterdecks
quartered
quartering
quarterings
quarterlies
quarterlight
quarterlights
quarterly
quartermaster
quartermasters
quartermistress
quartermistresses
quartern
quarterns
quarteroon
quarteroons
quarters
quarterstaff
quarterstaffs
quarterstaves
quartes
quartet
quartets
quartett
quartette
quartettes
quartetti
quartetto
quartetts
quartic
quartics
quartier
quartiers
quartile
quartiles
quarto
quartodeciman
quartodecimans
quartos
quarts
quartz
quartzes
quartzier
quartziest
quartziferous
quartzite
quartzites
quartzitic
quartzose
quartzy
quasar
quasars
quash
quashed
quashee
quashees
quashes
quashie
quashies
quashing
quasi
quassia
quassias
quat
quatch
quatched
quatches
quatching
quatercentenaries
quatercentenary
quaternaries
quaternary
quaternate
quaternion
quaternionist
quaternionists
quaternions
quaternities
quaternity
quatorzain
quatorzains
quatorze
quatorzes
quatrain
quatrains
quatrefeuille
quatrefeuilles
quatrefoil
quatrefoils
quats
quattrocentism
quattrocentisms
quattrocentist
quattrocentists
quattrocento
quattrocentos
quaver
quavered
quaverer
quaverers
quaverier
quaveriest
quavering
quaveringly
quaverings
quavers
quavery
quay
quayage
quayages
quayd
quays
quayside
quaysides
queach
queaches
queachier
queachiest
queachy
quean
queans
queasier
queasiest
queasily
queasiness
queasinesses
queasy
queazier
queaziest
queazy
quebracho
quebrachos
queechier
queechiest
queechy
queen
queencraft
queencrafts
queendom
queendoms
queened
queenhood
queenhoods
queenie
queenier
queenies
queeniest
queening
queenings
queenite
queenites
queenless
queenlet
queenlets
queenlier
queenliest
queenliness
queenlinesses
queenly
queens
queenship
queenships
queeny
queer
queercore
queercores
queerdom
queerdoms
queered
queerer
queerest
queering
queerish
queerities
queerity
queerly
queerness
queernesses
queers
queest
queests
queint
quelch
quelched
quelches
quelching
quelea
queleas
quell
quelled
queller
quellers
quelling
quells
queme
quemed
quemes
queming
quena
quenas
quench
quenchable
quenched
quencher
quenchers
quenches
quenching
quenchings
quenchless
quenchlessly
quenelle
quenelles
quep
quercetin
quercetins
quercetum
quercetums
quercitron
quercitrons
queried
queries
querimonies
querimonious
querimoniously
querimony
querist
querists
quern
querns
quernstone
quernstones
quersprung
quersprungs
querulous
querulously
querulousness
querulousnesses
query
querying
queryingly
queryings
quesadilla
quesadillas
quest
questant
questants
quested
quester
questers
questing
questingly
questings
question
questionabilities
questionability
questionable
questionableness
questionablenesses
questionably
questionaries
questionary
questioned
questionee
questionees
questioner
questioners
questioning
questioningly
questionings
questionist
questionists
questionless
questionnaire
questionnaires
questions
questor
questors
questrist
questrists
quests
quetch
quetched
quetches
quetching
quethe
quethes
quething
quetsch
quetsches
quetzal
quetzales
quetzals
queue
queued
queueing
queueings
queues
queuing
queuings
quey
queyn
queynie
queynies
queyns
queys
quibble
quibbled
quibbler
quibblers
quibbles
quibbling
quibblingly
quibblings
quiblin
quiblins
quich
quiche
quiched
quiches
quiching
quick
quickbeam
quickbeams
quicken
quickened
quickener
quickeners
quickening
quickenings
quickens
quicker
quickest
quickie
quickies
quicklime
quicklimes
quickly
quickness
quicknesses
quicks
quicksand
quicksands
quickset
quicksets
quicksilver
quicksilvered
quicksilvering
quicksilverings
quicksilverish
quicksilvers
quicksilvery
quickstep
quickstepped
quickstepping
quicksteps
quickthorn
quickthorns
quid
quidam
quidams
quiddanies
quiddany
quiddit
quidditative
quiddities
quiddits
quiddity
quiddle
quiddled
quiddler
quiddlers
quiddles
quiddling
quidnunc
quidnuncs
quids
quiesce
quiesced
quiescence
quiescences
quiescencies
quiescency
quiescent
quiescently
quiesces
quiescing
quiet
quieted
quieten
quietened
quietening
quietenings
quietens
quieter
quieters
quietest
quieting
quietings
quietism
quietisms
quietist
quietistic
quietists
quietive
quietives
quietly
quietness
quietnesses
quiets
quietsome
quietude
quietudes
quietus
quietuses
quiff
quiffs
quight
quighted
quighting
quights
quill
quillai
quillais
quilled
quillet
quillets
quilling
quillings
quillman
quillmen
quillon
quillons
quills
quillwort
quillworts
quilt
quilted
quilter
quilters
quilting
quiltings
quilts
quim
quims
quin
quina
quinacrine
quinacrines
quinaquina
quinaquinas
quinaries
quinary
quinas
quinate
quince
quincentenaries
quincentenary
quincentennial
quincentennials
quinces
quinche
quinched
quinches
quinching
quincuncial
quincuncially
quincunx
quincunxes
quine
quinella
quinellas
quines
quingentenaries
quingentenary
quinic
quinidine
quinidines
quinie
quinies
quinine
quinines
quinnat
quinnats
quinoa
quinoas
quinoid
quinoidal
quinoids
quinol
quinoline
quinolines
quinolone
quinolones
quinols
quinone
quinones
quinonoid
quinquagenarian
quinquagenarians
quinquagesimal
quinquecostate
quinquefarious
quinquefoliate
quinquennia
quinquenniad
quinquenniads
quinquennial
quinquennially
quinquennials
quinquennium
quinquereme
quinqueremes
quinquevalence
quinquevalences
quinquevalent
quinquina
quinquinas
quinquivalent
quins
quinsied
quinsies
quinsy
quint
quinta
quintain
quintains
quintal
quintals
quintan
quintas
quinte
quintes
quintessence
quintessences
quintessential
quintessentialise
quintessentialised
quintessentialises
quintessentialising
quintessentialize
quintessentialized
quintessentializes
quintessentializing
quintessentially
quintet
quintets
quintett
quintette
quintettes
quintetti
quintetto
quintetts
quintic
quintile
quintiles
quintillion
quintillions
quintillionth
quintillionths
quintroon
quintroons
quints
quintuple
quintupled
quintuples
quintuplet
quintuplets
quintuplicate
quintuplicated
quintuplicates
quintuplicating
quintuplication
quintuplications
quintupling
quinze
quinzes
quip
quipo
quipos
quipped
quipping
quippish
quips
quipster
quipsters
quipu
quipus
quire
quired
quires
quiring
quirister
quiristers
quirk
quirked
quirkier
quirkiest
quirkily
quirkiness
quirkinesses
quirking
quirkish
quirks
quirky
quirt
quirted
quirting
quirts
quisling
quislings
quist
quists
quit
quitch
quitched
quitches
quitching
quitclaim
quitclaimed
quitclaiming
quitclaims
quite
quited
quites
quiting
quits
quittal
quittals
quittance
quittanced
quittances
quittancing
quitted
quitter
quitters
quitting
quittor
quittors
quiver
quivered
quiverful
quiverfuls
quiverier
quiveriest
quivering
quiveringly
quiverings
quiverish
quivers
quivery
quixotic
quixotically
quixotism
quixotisms
quixotries
quixotry
quiz
quizmaster
quizmasters
quizzed
quizzer
quizzeries
quizzers
quizzery
quizzes
quizzical
quizzicalities
quizzicality
quizzically
quizzification
quizzifications
quizzified
quizzifies
quizzify
quizzifying
quizziness
quizzinesses
quizzing
quizzings
quoad
quod
quodded
quodding
quodlibet
quodlibetarian
quodlibetarians
quodlibetic
quodlibetical
quodlibets
quodlin
quodlins
quods
quoif
quoifed
quoifing
quoifs
quoin
quoined
quoining
quoins
quoist
quoists
quoit
quoited
quoiter
quoiters
quoiting
quoits
quokka
quokkas
quoll
quolls
quondam
quonk
quonked
quonking
quonks
quooke
quop
quopped
quopping
quops
quorate
quorum
quorums
quota
quotabilities
quotability
quotable
quotableness
quotablenesses
quotably
quotas
quotation
quotations
quotatious
quotative
quotatives
quote
quoted
quoter
quoters
quotes
quoteworthy
quoth
quotha
quotidian
quotidians
quotient
quotients
quoting
quotition
quotitions
quotum
quotums
quyte
quyted
quytes
quyting
qwerties
qwerty
qwertys
