vac
vacance
vacances
vacancies
vacancy
vacant
vacantly
vacantness
vacantnesses
vacate
vacated
vacates
vacating
vacation
vacationed
vacationer
vacationers
vacationing
vacationist
vacationists
vacationless
vacations
vacatur
vacaturs
vaccinal
vaccinate
vaccinated
vaccinates
vaccinating
vaccination
vaccinations
vaccinator
vaccinators
vaccinatory
vaccine
vaccines
vaccinia
vaccinial
vaccinias
vaccinium
vacciniums
vacherin
vacherins
vacillant
vacillate
vacillated
vacillates
vacillating
vacillatingly
vacillation
vacillations
vacillatory
vacked
vacking
vacs
vacua
vacuate
vacuated
vacuates
vacuating
vacuation
vacuations
vacuist
vacuists
vacuities
vacuity
vacuolar
vacuolate
vacuolated
vacuolation
vacuolations
vacuole
vacuoles
vacuolisation
vacuolisations
vacuolization
vacuolizations
vacuous
vacuously
vacuousness
vacuousnesses
vacuum
vacuumed
vacuuming
vacuums
vade
vaded
vades
vading
vadose
vae
vaes
vagabond
vagabondage
vagabondages
vagabonded
vagabonding
vagabondise
vagabondised
vagabondises
vagabondish
vagabondising
vagabondism
vagabondisms
vagabondize
vagabondized
vagabondizes
vagabondizing
vagabonds
vagal
vagaries
vagarious
vagarish
vagary
vagi
vagile
vagilities
vagility
vagina
vaginae
vaginal
vaginally
vaginant
vaginas
vaginate
vaginated
vaginicoline
vaginicolous
vaginismus
vaginismuses
vaginitis
vaginitises
vaginula
vaginulae
vaginule
vaginules
vagitus
vagituses
vagrancies
vagrancy
vagrant
vagrants
vagrom
vague
vagued
vaguely
vagueness
vaguenesses
vaguer
vagues
vaguest
vaguing
vagus
vahine
vahines
vail
vailed
vailing
vails
vain
vainer
vainesse
vainesses
vainest
vaingloried
vainglories
vainglorious
vaingloriously
vaingloriousness
vaingloriousnesses
vainglory
vainglorying
vainly
vainness
vainnesses
vair
vaire
vairier
vairiest
vairs
vairy
vaivode
vaivodes
vaivodeship
vaivodeships
vakass
vakasses
vakeel
vakeels
vakil
vakils
valance
valanced
valances
vale
valediction
valedictions
valedictorian
valedictorians
valedictories
valedictory
valence
valences
valencies
valency
valentine
valentines
valerian
valerianaceous
valerianic
valerians
vales
valet
valeta
valetas
valete
valeted
valetes
valeting
valetings
valets
valetudinarian
valetudinarianism
valetudinarianisms
valetudinarians
valetudinaries
valetudinary
valgous
valgus
valguses
vali
valiance
valiances
valiancies
valiancy
valiant
valiantly
valiants
valid
validate
validated
validates
validating
validation
validations
valider
validest
validities
validity
validly
validness
validnesses
valine
valines
valis
valise
valises
vallar
vallary
vallecula
valleculae
vallecular
valleculate
valley
valleys
vallonia
vallonias
vallum
vallums
valonea
valoneas
valonia
valonias
valor
valorisation
valorisations
valorise
valorised
valorises
valorising
valorization
valorizations
valorize
valorized
valorizes
valorizing
valorous
valorously
valors
valour
valours
valse
valsed
valses
valsing
valuable
valuableness
valuablenesses
valuables
valuably
valuate
valuated
valuates
valuating
valuation
valuational
valuations
valuator
valuators
value
valued
valueless
valuer
valuers
values
valuing
valuta
valutas
valval
valvar
valvassor
valvassors
valvate
valve
valved
valveless
valvelet
valvelets
valves
valving
valvula
valvulae
valvular
valvule
valvules
valvulitis
valvulitises
vambrace
vambraced
vambraces
vamoose
vamoosed
vamooses
vamoosing
vamose
vamosed
vamoses
vamosing
vamp
vamped
vamper
vampers
vamping
vampings
vampire
vampired
vampires
vampiric
vampiring
vampirise
vampirised
vampirises
vampirising
vampirism
vampirisms
vampirize
vampirized
vampirizes
vampirizing
vampish
vamplate
vamplates
vamps
van
vanadate
vanadates
vanadic
vanadinite
vanadinites
vanadium
vanadiums
vanadous
vandal
vandalise
vandalised
vandalises
vandalising
vandalism
vandalisms
vandalize
vandalized
vandalizes
vandalizing
vandals
vandyke
vandyked
vandykes
vandyking
vane
vaned
vaneless
vanes
vanessa
vanessas
vang
vangs
vanguard
vanguardism
vanguardisms
vanguards
vanilla
vanillas
vanillin
vanillins
vanish
vanished
vanisher
vanishers
vanishes
vanishing
vanishingly
vanishings
vanishment
vanishments
vanitas
vanitases
vanities
vanitories
vanitory
vanity
vanned
vanner
vanners
vanning
vannings
vanquish
vanquishable
vanquished
vanquisher
vanquishers
vanquishes
vanquishing
vanquishment
vanquishments
vans
vant
vantage
vantaged
vantageless
vantages
vantaging
vantbrace
vantbraces
vants
vanward
vapid
vapider
vapidest
vapidities
vapidity
vapidly
vapidness
vapidnesses
vapor
vaporable
vapored
vaporetti
vaporetto
vaporettos
vaporific
vaporiform
vaporimeter
vaporimeters
vaporing
vaporisable
vaporisation
vaporisations
vaporise
vaporised
vaporiser
vaporisers
vaporises
vaporising
vaporizable
vaporization
vaporizations
vaporize
vaporized
vaporizer
vaporizers
vaporizes
vaporizing
vaporosities
vaporosity
vaporous
vaporously
vaporousness
vaporousnesses
vapors
vaporware
vaporwares
vapour
vapoured
vapourer
vapourers
vapouring
vapouringly
vapourings
vapourish
vapourishness
vapourishnesses
vapours
vapourware
vapourwares
vapoury
vapulate
vapulated
vapulates
vapulating
vapulation
vapulations
vaquero
vaqueros
vara
varactor
varactors
varan
varans
varas
vardies
vardy
vare
varec
varech
varechs
varecs
vares
vareuse
vareuses
vargueno
varguenos
variabilities
variability
variable
variableness
variablenesses
variables
variably
variance
variances
variant
variants
variate
variated
variates
variating
variation
variational
variationist
variationists
variations
variative
varicella
varicellar
varicellas
varicelloid
varicellous
varices
varicocele
varicoceles
varicoloured
varicose
varicosities
varicosity
varicotomies
varicotomy
varied
variedly
variegate
variegated
variegates
variegating
variegation
variegations
variegator
variegators
varier
variers
varies
varietal
varietally
varietals
varieties
variety
varifocal
varifocals
variform
variola
variolar
variolas
variolate
variolated
variolates
variolating
variolation
variolations
variolator
variolators
variole
varioles
variolite
variolites
variolitic
varioloid
varioloids
variolous
variometer
variometers
variorum
variorums
various
variously
variousness
variousnesses
variscite
variscites
varistor
varistors
varitypist
varitypists
varix
varlet
varletess
varletesses
varletries
varletry
varlets
varletto
varlettos
varment
varments
varmint
varmints
varna
varnas
varnish
varnished
varnisher
varnishers
varnishes
varnishing
varnishings
varroa
varroas
varsal
varsities
varsity
varsovienne
varsoviennes
vartabed
vartabeds
varus
varuses
varve
varved
varvel
varvelled
varvels
varves
vary
varying
varyings
vas
vasa
vasal
vascula
vascular
vascularisation
vascularisations
vascularise
vascularised
vascularises
vascularising
vascularities
vascularity
vascularization
vascularizations
vascularize
vascularized
vascularizes
vascularizing
vascularly
vasculature
vasculatures
vasculiform
vasculum
vasculums
vase
vasectomies
vasectomy
vases
vasiform
vasoconstriction
vasoconstrictions
vasoconstrictor
vasoconstrictors
vasoconstrictory
vasodilatation
vasodilatations
vasodilatatory
vasodilator
vasodilators
vasodilatory
vasomotor
vasopressin
vasopressins
vasopressor
vasopressors
vassail
vassails
vassal
vassalage
vassalages
vassaless
vassalesses
vassalled
vassalling
vassalries
vassalry
vassals
vast
vaster
vastest
vastidities
vastidity
vastier
vastiest
vastities
vastitude
vastitudes
vastity
vastly
vastness
vastnesses
vasts
vasty
vat
vatable
vatful
vatfuls
vatic
vaticide
vaticides
vaticinal
vaticinate
vaticinated
vaticinates
vaticinating
vaticination
vaticinations
vaticinator
vaticinators
vatman
vatmen
vats
vatted
vatter
vatters
vatting
vatu
vatus
vau
vaudeville
vaudevillean
vaudevilleans
vaudevilles
vaudevillian
vaudevillians
vaudevillist
vaudevillists
vaudoo
vaudoos
vaudoux
vault
vaultage
vaultages
vaulted
vaulter
vaulters
vaulting
vaultings
vaults
vaulty
vaunce
vaunced
vaunces
vauncing
vaunt
vauntage
vauntages
vaunted
vaunter
vaunteries
vaunters
vauntery
vauntful
vauntier
vauntiest
vaunting
vauntingly
vauntings
vaunts
vaunty
vaus
vaut
vaute
vauted
vautes
vauting
vauts
vavasories
vavasory
vavasour
vavasours
vaward
vawards
vawte
vawted
vawtes
vawting
veal
veale
vealer
vealers
veales
vealier
vealiest
veals
vealy
vectograph
vectographs
vector
vectored
vectorial
vectorially
vectoring
vectorings
vectorisation
vectorisations
vectorise
vectorised
vectorises
vectorising
vectorization
vectorizations
vectorize
vectorized
vectorizes
vectorizing
vectors
vectorscope
vectorscopes
vedalia
vedalias
vedette
vedettes
veduta
vedute
vedutista
vedutisti
vee
veena
veenas
veep
veeps
veer
veered
veeries
veering
veeringly
veerings
veers
veery
vees
veg
vega
vegan
veganic
veganism
veganisms
vegans
vegas
vegeburger
vegeburgers
vegelate
vegelates
veges
vegetable
vegetables
vegetably
vegetal
vegetals
vegetant
vegetarian
vegetarianism
vegetarianisms
vegetarians
vegetate
vegetated
vegetates
vegetating
vegetatings
vegetation
vegetations
vegetative
vegetatively
vegetativeness
vegetativenesses
vegete
vegetive
vegetives
vegged
vegges
veggie
veggies
vegging
vegie
vegies
vehemence
vehemences
vehemencies
vehemency
vehement
vehemently
vehicle
vehicles
vehicular
vehm
vehme
vehmic
vehmique
veil
veiled
veilier
veiliest
veiling
veilings
veilless
veilleuse
veilleuses
veils
veily
vein
veined
veinier
veiniest
veining
veinings
veinlet
veinlets
veinous
veins
veinstone
veinstones
veinstuff
veinstuffs
veiny
vela
velamen
velamina
velar
velaria
velaric
velarisation
velarisations
velarise
velarised
velarises
velarising
velarium
velarization
velarizations
velarize
velarized
velarizes
velarizing
velars
velate
velated
velatura
velaturas
veld
velds
veldschoen
veldschoens
veldskoen
veldskoens
veldt
veldts
vele
veles
veleta
veletas
veliger
veligers
velitation
velitations
vell
velleities
velleity
vellenage
vellenages
vellet
vellets
vellicate
vellicated
vellicates
vellicating
vellication
vellications
vellon
vellons
vells
vellum
vellums
veloce
velocimeter
velocimeters
velocimetries
velocimetry
velocipede
velocipedean
velocipedeans
velocipeded
velocipeder
velocipeders
velocipedes
velocipedestrian
velocipedestrians
velocipedian
velocipedians
velocipeding
velocipedist
velocipedists
velociraptor
velociraptors
velocities
velocity
velodrome
velodromes
velour
velours
veloute
veloutes
veloutine
veloutines
velskoen
velskoens
velum
velure
velured
velures
veluring
velutinous
velveret
velverets
velvet
velveted
velveteen
velveteens
velvetier
velvetiest
velvetiness
velvetinesses
velveting
velvetings
velvets
velvety
vena
venae
venal
venalities
venality
venally
venatic
venatical
venatically
venation
venational
venations
venator
venatorial
venators
vend
vendace
vendaces
vendage
vendages
vendange
vendanges
vended
vendee
vendees
vender
venders
vendetta
vendettas
vendeuse
vendeuses
vendibilities
vendibility
vendible
vendibleness
vendiblenesses
vendibles
vendibly
vending
vendis
vendises
vendiss
vendisses
venditation
venditations
vendition
venditions
vendor
vendors
vends
vendue
vendues
veneer
veneered
veneerer
veneerers
veneering
veneerings
veneers
venefic
venefical
venefically
veneficious
veneficiously
veneficous
veneficously
venepuncture
venepunctures
venerable
venerableness
venerablenesses
venerably
venerate
venerated
venerates
venerating
veneration
venerations
venerator
venerators
venereal
venerean
venereans
venereological
venereologies
venereologist
venereologists
venereology
venereous
venerer
venerers
veneries
venery
venesection
venesections
venewe
venewes
veney
veneys
venge
vengeable
vengeably
vengeance
vengeances
venged
vengeful
vengefully
vengefulness
vengefulnesses
vengement
vengements
venger
vengers
venges
venging
venial
venialities
veniality
venially
venidium
venidiums
venin
venins
venipuncture
venipunctures
venire
venireman
veniremen
venires
venisection
venisections
venison
venisons
venite
venites
vennel
vennels
venographic
venographical
venographies
venography
venom
venomed
venoming
venomous
venomously
venomousness
venomousnesses
venoms
venose
venosities
venosity
venous
vent
ventage
ventages
ventail
ventaile
ventailes
ventails
ventana
ventanas
ventayle
ventayles
vented
venter
ventered
ventering
venters
ventiduct
ventiducts
ventifact
ventifacts
ventige
ventiges
ventil
ventilable
ventilate
ventilated
ventilates
ventilating
ventilation
ventilations
ventilative
ventilator
ventilators
ventils
venting
ventings
ventose
ventosities
ventosity
ventral
ventrally
ventrals
ventre
ventred
ventres
ventricle
ventricles
ventricose
ventricous
ventricular
ventricule
ventricules
ventriculi
ventriculographies
ventriculography
ventriculus
ventriloqual
ventriloquial
ventriloquially
ventriloquies
ventriloquise
ventriloquised
ventriloquises
ventriloquising
ventriloquism
ventriloquisms
ventriloquist
ventriloquistic
ventriloquists
ventriloquize
ventriloquized
ventriloquizes
ventriloquizing
ventriloquous
ventriloquy
ventring
ventrings
ventripotent
ventrous
vents
venture
ventured
venturer
venturers
ventures
venturesome
venturesomely
venturesomeness
venturesomenesses
venturi
venturing
venturingly
venturings
venturis
venturous
venturously
venturousness
venturousnesses
venue
venues
venule
venules
venus
venuses
venville
venvilles
veracious
veraciously
veracities
veracity
veranda
verandah
verandahed
verandahs
verandas
veratrin
veratrine
veratrines
veratrins
veratrum
veratrums
verb
verbal
verbalisation
verbalisations
verbalise
verbalised
verbalises
verbalising
verbalism
verbalisms
verbalist
verbalists
verbalities
verbality
verbalization
verbalizations
verbalize
verbalized
verbalizes
verbalizing
verballed
verballing
verbally
verbals
verbarian
verbarians
verbatim
verbena
verbenaceous
verbenas
verberate
verberated
verberates
verberating
verberation
verberations
verbiage
verbiages
verbicide
verbicides
verbid
verbids
verbification
verbifications
verbified
verbifies
verbify
verbifying
verbigerate
verbigerated
verbigerates
verbigerating
verbigeration
verbigerations
verbless
verbose
verbosely
verboseness
verbosenesses
verboser
verbosest
verbosities
verbosity
verbs
verdancies
verdancy
verdant
verdantly
verdelho
verdelhos
verderer
verderers
verderor
verderors
verdet
verdets
verdict
verdicts
verdigris
verdigrised
verdigrises
verdigrising
verdin
verdins
verdit
verdite
verditer
verditers
verdites
verdits
verdoy
verdure
verdured
verdureless
verdures
verdurous
verecund
verge
verged
vergence
vergences
vergencies
vergency
verger
vergers
vergership
vergerships
verges
verging
verglas
verglases
veridical
veridicalities
veridicality
veridically
veridicous
verier
veriest
verifiabilities
verifiability
verifiable
verification
verifications
verificatory
verified
verifier
verifiers
verifies
verify
verifying
verily
verisimilar
verisimilarly
verisimilities
verisimilitude
verisimilitudes
verisimility
verisimilous
verism
verisms
verist
veristic
verists
veritable
veritableness
veritablenesses
veritably
verities
verity
verjuice
verjuiced
verjuices
verkramp
verkrampte
verkramptes
verlig
verligte
verligtes
vermal
vermeil
vermeiled
vermeiling
vermeille
vermeilled
vermeilles
vermeilling
vermeils
vermell
vermells
vermes
vermian
vermicelli
vermicellis
vermicidal
vermicide
vermicides
vermicular
vermiculate
vermiculated
vermiculation
vermiculations
vermicule
vermicules
vermiculite
vermiculites
vermiculous
vermiculture
vermicultures
vermiform
vermifugal
vermifuge
vermifuges
vermil
vermilies
vermilion
vermilioned
vermilioning
vermilions
vermilled
vermilling
vermils
vermily
vermin
verminate
verminated
verminates
verminating
vermination
verminations
vermined
verminous
vermins
verminy
vermis
vermivorous
vermouth
vermouths
vernacular
vernacularisation
vernacularisations
vernacularise
vernacularised
vernacularises
vernacularising
vernacularism
vernacularisms
vernacularist
vernacularists
vernacularities
vernacularity
vernacularization
vernacularizations
vernacularize
vernacularized
vernacularizes
vernacularizing
vernacularly
vernaculars
vernal
vernalisation
vernalisations
vernalise
vernalised
vernalises
vernalising
vernalities
vernality
vernalization
vernalizations
vernalize
vernalized
vernalizes
vernalizing
vernally
vernant
vernation
vernations
vernicle
vernicles
vernier
verniers
vernissage
vernissages
veronal
veronals
veronica
veronicas
verquere
verqueres
verquire
verquires
verrel
verrels
verrey
verruca
verrucae
verrucas
verruciform
verrucose
verrucous
verruga
verrugas
verry
versabilities
versability
versal
versals
versant
versants
versatile
versatilely
versatileness
versatilenesses
versatilities
versatility
verse
versed
verselet
verselets
verser
versers
verses
verset
versets
versicle
versicles
versicoloured
versicular
versification
versifications
versificator
versificators
versified
versifier
versifiers
versifies
versiform
versify
versifying
versin
versine
versines
versing
versings
versins
version
versional
versioner
versioners
versionist
versionists
versions
verslibrist
verslibrists
verso
versos
verst
versts
versus
versute
vert
vertebra
vertebrae
vertebral
vertebrally
vertebrate
vertebrated
vertebrates
vertebration
vertebrations
verted
vertex
vertexes
vertical
verticalities
verticality
vertically
verticalness
verticalnesses
verticals
vertices
verticil
verticillaster
verticillasters
verticillate
verticillated
verticillium
verticilliums
verticils
verticities
verticity
vertigines
vertiginous
vertiginously
vertiginousness
vertiginousnesses
vertigo
vertigoes
vertigos
verting
vertiport
vertiports
verts
vertu
vertue
vertues
vertuous
vertus
verumontana
verumontanum
verumontanums
vervain
vervains
verve
vervel
vervelled
vervels
verven
vervens
verves
vervet
vervets
very
vesica
vesicae
vesical
vesicant
vesicants
vesicate
vesicated
vesicates
vesicating
vesication
vesications
vesicatories
vesicatory
vesicle
vesicles
vesicula
vesiculae
vesicular
vesiculate
vesiculated
vesiculates
vesiculating
vesiculation
vesiculations
vesiculose
vespa
vespas
vesper
vesperal
vespers
vespertilionid
vespertilionids
vespertinal
vespertine
vespiaries
vespiary
vespine
vespoid
vessail
vessails
vessel
vessels
vest
vesta
vestal
vestals
vestas
vested
vestiaries
vestiary
vestibula
vestibular
vestibule
vestibuled
vestibules
vestibuling
vestibulitis
vestibulitises
vestibulum
vestige
vestiges
vestigia
vestigial
vestigium
vestiment
vestimental
vestimentary
vestiments
vesting
vestings
vestiture
vestitures
vestment
vestmental
vestmented
vestments
vestral
vestries
vestry
vestryman
vestrymen
vests
vestural
vesture
vestured
vesturer
vesturers
vestures
vesturing
vesuvian
vesuvianite
vesuvianites
vesuvians
vet
vetch
vetches
vetchier
vetchiest
vetchling
vetchlings
vetchy
veteran
veterans
veterinarian
veterinarians
veterinaries
veterinary
vetiver
vetivers
vetkoek
vetkoeks
veto
vetoed
vetoes
vetoing
vets
vetted
vetting
vettura
vetturas
vetturini
vetturino
vex
vexation
vexations
vexatious
vexatiously
vexatiousness
vexatiousnesses
vexatory
vexed
vexedly
vexedness
vexednesses
vexer
vexers
vexes
vexilla
vexillaries
vexillary
vexillation
vexillations
vexillologies
vexillologist
vexillologists
vexillology
vexillum
vexing
vexingly
vexingness
vexingnesses
vexings
vext
vezir
vezirs
via
viabilities
viability
viable
viaduct
viaducts
vial
vialful
vialfuls
vialled
vials
viameter
viameters
viand
viands
viatica
viaticals
viaticum
viaticums
viator
viatores
viatorial
viators
vibe
vibes
vibex
vibices
vibist
vibists
vibracula
vibracularia
vibracularium
vibraculum
vibraharp
vibraharps
vibrancies
vibrancy
vibrant
vibrantly
vibraphone
vibraphones
vibraphonist
vibraphonists
vibrate
vibrated
vibrates
vibratile
vibratilities
vibratility
vibrating
vibration
vibrational
vibrationless
vibrations
vibratiuncle
vibratiuncles
vibrative
vibrato
vibrator
vibrators
vibratory
vibratos
vibrio
vibrios
vibrioses
vibriosis
vibrissa
vibrissae
vibroflotation
vibroflotations
vibrograph
vibrographs
vibrometer
vibrometers
vibronic
vibs
viburnum
viburnums
vicar
vicarage
vicarages
vicarate
vicarates
vicaress
vicaresses
vicarial
vicariate
vicariates
vicaries
vicarious
vicariously
vicariousness
vicariousnesses
vicars
vicarship
vicarships
vicary
vice
viced
vicegerencies
vicegerency
vicegerent
vicegerents
viceless
vicenary
vicennial
viceregent
viceregents
vicereine
vicereines
viceroy
viceroyalties
viceroyalty
viceroys
viceroyship
viceroyships
vices
vicesimal
vichies
vichy
vichyssois
vichyssoise
vichyssoises
viciate
viciated
viciates
viciating
vicinage
vicinages
vicinal
vicing
vicinities
vicinity
viciosities
viciosity
vicious
viciously
viciousness
viciousnesses
vicissitude
vicissitudes
vicissitudinous
victim
victimhood
victimhoods
victimisation
victimisations
victimise
victimised
victimiser
victimisers
victimises
victimising
victimization
victimizations
victimize
victimized
victimizer
victimizers
victimizes
victimizing
victimless
victimologies
victimologist
victimologists
victimology
victims
victor
victoress
victoresses
victoria
victoriana
victorias
victories
victorine
victorines
victorious
victoriously
victoriousness
victoriousnesses
victors
victory
victoryless
victress
victresses
victrices
victrix
victrixes
victrolla
victrollas
victual
victuallage
victuallages
victualled
victualler
victuallers
victualless
victualling
victuals
vicuna
vicunas
vid
vidame
vidames
video
videocassette
videocassettes
videoconference
videoconferences
videoconferencing
videoconferencings
videodisc
videodiscs
videoed
videofit
videofits
videogram
videograms
videoing
videophone
videophones
videos
videotape
videotaped
videotapes
videotaping
videotelephone
videotelephones
videotex
videotexes
videotext
videotexts
vidette
videttes
vidimus
vidimuses
vids
viduage
viduages
vidual
viduities
viduity
viduous
vie
vied
vielle
vielles
vier
viers
vies
view
viewable
viewdata
viewdatas
viewed
viewer
viewers
viewership
viewerships
viewfinder
viewfinders
viewier
viewiest
viewiness
viewinesses
viewing
viewings
viewless
viewlessly
viewly
viewphone
viewphones
viewpoint
viewpoints
views
viewy
vifda
vifdas
vigesimal
vigia
vigias
vigil
vigilance
vigilances
vigilant
vigilante
vigilantes
vigilantism
vigilantisms
vigilantly
vigils
vigneron
vignerons
vignette
vignetted
vignetter
vignetters
vignettes
vignetting
vignettist
vignettists
vigor
vigorish
vigorishes
vigoro
vigoros
vigorous
vigorously
vigorousness
vigorousnesses
vigors
vigour
vigours
vihara
viharas
vihuela
vihuelas
viking
vikingism
vikingisms
vikings
vilayet
vilayets
vild
vilde
vildly
vildness
vildnesses
vile
vilely
vileness
vilenesses
viler
vilest
viliaco
viliacoes
viliacos
viliago
viliagoes
viliagos
vilification
vilifications
vilified
vilifier
vilifiers
vilifies
vilify
vilifying
vilipend
vilipended
vilipending
vilipends
vill
villa
villadom
villadoms
village
villager
villageries
villagers
villagery
villages
villagio
villagioes
villagios
villagisation
villagisations
villagization
villagizations
villagree
villagrees
villain
villainage
villainages
villainess
villainesses
villainies
villainous
villainously
villains
villainy
villan
villanage
villanages
villanelle
villanelles
villanies
villanous
villanously
villans
villany
villar
villas
villatic
villeggiatura
villeggiaturas
villeggiature
villein
villeinage
villeinages
villeins
villenage
villenages
villi
villiago
villiagoes
villiagos
villication
villications
villiform
villose
villosities
villosity
villous
vills
villus
vim
vimana
vimanas
vimineous
vims
vina
vinaceous
vinaigrette
vinaigrettes
vinal
vinas
vinasse
vinasses
vinblastine
vinblastines
vinca
vincas
vincibilities
vincibility
vincible
vincristine
vincristines
vincula
vinculum
vindaloo
vindaloos
vindemial
vindemiate
vindemiated
vindemiates
vindemiating
vindicabilities
vindicability
vindicable
vindicate
vindicated
vindicates
vindicating
vindication
vindications
vindicative
vindicativeness
vindicativenesses
vindicator
vindicatorily
vindicators
vindicatory
vindicatress
vindicatresses
vindictive
vindictively
vindictiveness
vindictivenesses
vine
vined
vinegar
vinegared
vinegaring
vinegarish
vinegarrette
vinegarrettes
vinegars
vinegary
viner
vineries
viners
vinery
vines
vinew
vinewed
vinewing
vinews
vineyard
vineyards
vinicultural
viniculture
vinicultures
viniculturist
viniculturists
vinier
viniest
vinification
vinifications
vinificator
vinificators
vining
vino
vinolent
vinologies
vinologist
vinologists
vinology
vinos
vinosities
vinosity
vinous
vint
vintage
vintaged
vintager
vintagers
vintages
vintaging
vintagings
vinted
vinting
vintner
vintners
vintries
vintry
vints
viny
vinyl
vinylidene
vinylidenes
vinyls
viol
viola
violable
violably
violaceous
violas
violate
violated
violater
violaters
violates
violating
violation
violations
violative
violator
violators
viold
violence
violences
violent
violented
violenting
violently
violents
violer
violers
violet
violets
violin
violinist
violinistic
violinistically
violinists
violins
violist
violists
violoncellist
violoncellists
violoncello
violoncellos
violone
violones
viols
viper
viperiform
viperine
viperish
viperous
viperously
vipers
viraemia
viraemias
viraemic
viraginian
viraginous
virago
viragoes
viragoish
viragos
viral
viranda
virandas
virando
virandos
vire
vired
virelay
virelays
virement
virements
virent
vireo
vireos
vires
virescence
virescences
virescent
viretot
viretots
virga
virgas
virgate
virgates
virge
virger
virgers
virges
virgin
virginal
virginalled
virginalling
virginally
virginals
virgined
virginhood
virginhoods
virgining
virginities
virginity
virginium
virginiums
virginly
virgins
virgulate
virgule
virgules
viricidal
viricide
viricides
virid
viridescence
viridescences
viridescent
viridian
viridians
viridite
viridites
viridities
viridity
virile
virilescence
virilescences
virilescent
virilisation
virilisations
virilised
virilising
virilism
virilisms
virilities
virility
virilization
virilizations
virilized
virilizing
viring
virino
virinos
virion
virions
virl
virls
virogene
virogenes
viroid
viroids
virological
virologies
virologist
virologists
virology
virose
viroses
virosis
virous
virtu
virtual
virtualism
virtualisms
virtualist
virtualists
virtualities
virtuality
virtually
virtue
virtueless
virtues
virtuosa
virtuose
virtuosi
virtuosic
virtuosities
virtuosity
virtuoso
virtuosos
virtuosoship
virtuosoships
virtuous
virtuously
virtuousness
virtuousnesses
virtus
virucidal
virucide
virucides
virulence
virulences
virulencies
virulency
virulent
virulently
virus
viruses
visa
visaed
visage
visaged
visages
visagist
visagiste
visagistes
visagists
visaing
visas
viscacha
viscachas
viscachera
viscacheras
viscera
visceral
viscerate
viscerated
viscerates
viscerating
visceroptoses
visceroptosis
viscerotonia
viscerotonias
viscerotonic
viscid
viscidities
viscidity
viscin
viscins
viscoelastic
viscoelasticities
viscoelasticity
viscometer
viscometers
viscometric
viscometrical
viscometries
viscometry
viscose
viscoses
viscosimeter
viscosimeters
viscosimetric
viscosimetrical
viscosimetries
viscosimetry
viscosities
viscosity
viscount
viscountcies
viscountcy
viscountess
viscountesses
viscounties
viscounts
viscountship
viscountships
viscounty
viscous
viscousness
viscousnesses
viscum
viscums
viscus
vise
vised
viseed
viseing
vises
visibilities
visibility
visible
visibleness
visiblenesses
visibles
visibly
visie
visied
visieing
visier
visiers
visies
visile
visiles
vising
visiogenic
vision
visional
visionally
visionaries
visionariness
visionarinesses
visionary
visioned
visioner
visioners
visioning
visionings
visionist
visionists
visionless
visions
visiophone
visiophones
visit
visitable
visitant
visitants
visitation
visitational
visitations
visitative
visitator
visitatorial
visitators
visite
visited
visitee
visitees
visiter
visiters
visites
visiting
visitings
visitor
visitorial
visitors
visitress
visitresses
visits
visive
visne
visnes
visnomie
visnomies
visnomy
vison
visons
visor
visored
visoring
visors
vista
vistaed
vistaing
vistal
vistaless
vistas
visto
vistos
visual
visualisation
visualisations
visualise
visualised
visualiser
visualisers
visualises
visualising
visualist
visualists
visualities
visuality
visualization
visualizations
visualize
visualized
visualizer
visualizers
visualizes
visualizing
visually
visuals
vital
vitalisation
vitalisations
vitalise
vitalised
vitaliser
vitalisers
vitalises
vitalising
vitalism
vitalisms
vitalist
vitalistic
vitalistically
vitalists
vitalities
vitality
vitalization
vitalizations
vitalize
vitalized
vitalizer
vitalizers
vitalizes
vitalizing
vitally
vitals
vitamin
vitamine
vitamines
vitaminise
vitaminised
vitaminises
vitaminising
vitaminize
vitaminized
vitaminizes
vitaminizing
vitamins
vitascope
vitascopes
vitative
vitativeness
vitativenesses
vite
vitellary
vitelli
vitellicle
vitellicles
vitelligenous
vitellin
vitelline
vitellines
vitellins
vitellus
vitex
vitexes
vitiable
vitiate
vitiated
vitiates
vitiating
vitiation
vitiations
vitiator
vitiators
viticeta
viticetum
viticetums
viticide
viticides
viticolous
viticultural
viticulture
viticultures
viticulturist
viticulturists
vitiferous
vitiligo
vitiligos
vitilitigate
vitilitigated
vitilitigates
vitilitigating
vitilitigation
vitilitigations
vitiosities
vitiosity
vitrage
vitrages
vitrail
vitrailled
vitraillist
vitraillists
vitrain
vitrains
vitraux
vitreosities
vitreosity
vitreous
vitreousness
vitreousnesses
vitrescence
vitrescences
vitrescent
vitrescibilities
vitrescibility
vitrescible
vitreum
vitreums
vitric
vitrics
vitrifaction
vitrifactions
vitrifacture
vitrifactures
vitrifiable
vitrification
vitrifications
vitrified
vitrifies
vitriform
vitrify
vitrifying
vitrine
vitrines
vitriol
vitriolate
vitriolated
vitriolates
vitriolating
vitriolation
vitriolations
vitriolic
vitriolisation
vitriolisations
vitriolise
vitriolised
vitriolises
vitriolising
vitriolization
vitriolizations
vitriolize
vitriolized
vitriolizes
vitriolizing
vitriols
vitta
vittae
vittate
vittle
vittles
vitular
vituline
vituperable
vituperate
vituperated
vituperates
vituperating
vituperation
vituperations
vituperative
vituperatively
vituperator
vituperators
vituperatory
viva
vivace
vivacious
vivaciously
vivaciousness
vivaciousnesses
vivacissimo
vivacities
vivacity
vivaed
vivaing
vivamente
vivandier
vivandiere
vivandieres
vivandiers
vivaria
vivaries
vivarium
vivariums
vivary
vivas
vivda
vivdas
vive
vively
vivencies
vivency
viver
viverra
viverras
viverrine
vivers
vives
vivianite
vivianites
vivid
vivider
vividest
vividities
vividity
vividly
vividness
vividnesses
vivific
vivification
vivifications
vivified
vivifier
vivifiers
vivifies
vivify
vivifying
viviparies
viviparism
viviparisms
viviparities
viviparity
viviparous
viviparously
viviparousness
viviparousnesses
vivipary
vivisect
vivisected
vivisecting
vivisection
vivisectional
vivisectionist
vivisectionists
vivisections
vivisective
vivisector
vivisectorium
vivisectoriums
vivisectors
vivisects
vivisepulture
vivisepultures
vivo
vivres
vixen
vixenish
vixenly
vixens
vizament
vizaments
vizard
vizarded
vizarding
vizards
vizcacha
vizcachas
vizied
vizier
vizierate
vizierates
vizierial
viziers
viziership
vizierships
vizies
vizir
vizirate
vizirates
vizirial
vizirs
vizirship
vizirships
vizor
vizored
vizoring
vizors
vizsla
vizslas
vizy
vizying
vizzie
vizzied
vizzieing
vizzies
vlei
vleis
vlies
vly
voar
voars
vocab
vocable
vocables
vocabs
vocabular
vocabularian
vocabularians
vocabularied
vocabularies
vocabulary
vocabulist
vocabulists
vocal
vocalese
vocaleses
vocalic
vocalion
vocalions
vocalisation
vocalisations
vocalise
vocalised
vocaliser
vocalisers
vocalises
vocalising
vocalism
vocalisms
vocalist
vocalists
vocalities
vocality
vocalization
vocalizations
vocalize
vocalized
vocalizer
vocalizers
vocalizes
vocalizing
vocally
vocalness
vocalnesses
vocals
vocation
vocational
vocationalism
vocationalisms
vocationally
vocations
vocative
vocatives
voces
vocicultural
vociferance
vociferances
vociferant
vociferate
vociferated
vociferates
vociferating
vociferation
vociferations
vociferator
vociferators
vociferosities
vociferosity
vociferous
vociferously
vociferousness
vociferousnesses
vocoder
vocoders
vocular
vocule
vocules
vodka
vodkas
voe
voes
voetganger
voetgangers
voetstoots
vogie
vogier
vogiest
vogue
vogued
vogueing
vogueings
voguer
voguers
vogues
voguey
voguier
voguiest
voguing
voguings
voguish
voice
voiced
voiceful
voicefulness
voicefulnesses
voiceless
voicelessness
voicelessnesses
voiceprint
voiceprints
voicer
voicers
voices
voicing
voicings
void
voidable
voidance
voidances
voided
voidee
voidees
voider
voiders
voiding
voidings
voidness
voidnesses
voids
voila
voile
voiles
voisinage
voisinages
voiture
voitures
voiturier
voituriers
voivode
voivodes
voivodeship
voivodeships
vol
vola
volable
volae
volage
volageous
volant
volante
volantes
volar
volaries
volary
volatic
volatile
volatileness
volatilenesses
volatiles
volatilisable
volatilisation
volatilisations
volatilise
volatilised
volatilises
volatilising
volatilities
volatility
volatilizable
volatilization
volatilizations
volatilize
volatilized
volatilizes
volatilizing
volcanian
volcanic
volcanically
volcanicities
volcanicity
volcanisation
volcanisations
volcanise
volcanised
volcanises
volcanising
volcanism
volcanisms
volcanist
volcanists
volcanization
volcanizations
volcanize
volcanized
volcanizes
volcanizing
volcano
volcanoes
volcanological
volcanologies
volcanologist
volcanologists
volcanology
vole
voled
volens
voleries
volery
voles
volet
volets
voling
volitant
volitate
volitated
volitates
volitating
volitation
volitational
volitations
volitient
volition
volitional
volitionally
volitionary
volitionless
volitions
volitive
volitives
volitorial
volk
volks
volksraad
volksraads
volley
volleyball
volleyballs
volleyed
volleyer
volleyers
volleying
volleys
volost
volosts
volpino
volpinos
volplane
volplaned
volplanes
volplaning
vols
volt
volta
voltage
voltages
voltaic
voltaism
voltaisms
voltameter
voltameters
volte
voltes
voltigeur
voltigeurs
voltinism
voltinisms
voltmeter
voltmeters
volts
volubil
volubilities
volubility
voluble
volubleness
volublenesses
volubly
volucrine
volume
volumed
volumenometer
volumenometers
volumes
volumeter
volumeters
volumetric
volumetrical
volumetrically
voluminal
voluming
voluminosities
voluminosity
voluminous
voluminously
voluminousness
voluminousnesses
volumise
volumised
volumises
volumising
volumist
volumists
volumize
volumized
volumizes
volumizing
volumometer
volumometers
voluntaries
voluntarily
voluntariness
voluntarinesses
voluntarism
voluntarisms
voluntarist
voluntaristic
voluntarists
voluntary
voluntaryism
voluntaryisms
voluntaryist
voluntaryists
voluntative
volunteer
volunteered
volunteering
volunteers
voluptuaries
voluptuary
voluptuosities
voluptuosity
voluptuous
voluptuously
voluptuousness
voluptuousnesses
voluspa
voluspas
volutation
volutations
volute
voluted
volutes
volutin
volutins
volution
volutions
volutoid
volva
volvas
volvate
volve
volved
volves
volving
volvox
volvoxes
volvuli
volvulus
volvuluses
vomer
vomerine
vomeronasal
vomers
vomica
vomicae
vomicas
vomit
vomited
vomiting
vomitings
vomitive
vomitives
vomito
vomitoria
vomitories
vomitorium
vomitory
vomitos
vomits
vomiturition
vomituritions
vomitus
vomituses
voodoo
voodooed
voodooing
voodooism
voodooisms
voodooist
voodooistic
voodooists
voodoos
voortrekker
voortrekkers
vor
voracious
voraciously
voraciousness
voraciousnesses
voracities
voracity
voraginous
vorago
voragoes
vorant
vorpal
vorred
vorring
vors
vortex
vortexes
vortical
vortically
vorticella
vorticellae
vortices
vorticism
vorticisms
vorticist
vorticists
vorticities
vorticity
vorticose
vorticular
vortiginous
votaress
votaresses
votaries
votarist
votarists
votary
vote
voted
voteen
voteens
voteless
voter
voters
votes
voting
votive
votress
votresses
vouch
vouched
vouchee
vouchees
voucher
vouchers
vouches
vouching
vouchsafe
vouchsafed
vouchsafement
vouchsafements
vouchsafes
vouchsafing
vouchsafings
voudou
voudoued
voudouing
voudous
vouge
vouges
voulge
voulges
voussoir
voussoired
voussoiring
voussoirs
voutsafe
voutsafed
voutsafes
voutsafing
vow
vowed
vowel
vowelise
vowelised
vowelises
vowelising
vowelize
vowelized
vowelizes
vowelizing
vowelled
vowelless
vowelling
vowelly
vowels
vower
vowers
vowess
vowesses
vowing
vows
vox
voxel
voxels
voyage
voyageable
voyaged
voyager
voyagers
voyages
voyageur
voyageurs
voyaging
voyeur
voyeurism
voyeurisms
voyeuristic
voyeurs
vozhd
vozhds
vraic
vraicker
vraickers
vraicking
vraickings
vraics
vraisemblance
vraisemblances
vril
vrils
vroom
vroomed
vrooming
vrooms
vrouw
vrouws
vrow
vrows
vug
vuggier
vuggiest
vuggy
vugs
vulcan
vulcanian
vulcanic
vulcanicities
vulcanicity
vulcanisable
vulcanisation
vulcanisations
vulcanise
vulcanised
vulcanises
vulcanising
vulcanism
vulcanisms
vulcanist
vulcanists
vulcanite
vulcanites
vulcanizable
vulcanization
vulcanizations
vulcanize
vulcanized
vulcanizes
vulcanizing
vulcanological
vulcanologies
vulcanologist
vulcanologists
vulcanology
vulcans
vulgar
vulgarer
vulgarest
vulgarian
vulgarians
vulgarisation
vulgarisations
vulgarise
vulgarised
vulgarises
vulgarising
vulgarism
vulgarisms
vulgarities
vulgarity
vulgarization
vulgarizations
vulgarize
vulgarized
vulgarizes
vulgarizing
vulgarly
vulgars
vulgate
vulgates
vulgo
vulgus
vulguses
vuln
vulned
vulnerabilities
vulnerability
vulnerable
vulnerableness
vulnerablenesses
vulneraries
vulnerary
vulnerate
vulnerated
vulnerates
vulnerating
vulneration
vulnerations
vulning
vulns
vulpicide
vulpicides
vulpine
vulpinism
vulpinisms
vulpinite
vulpinites
vulsella
vulsellae
vulsellum
vulture
vultures
vulturine
vulturish
vulturism
vulturisms
vulturn
vulturns
vulturous
vulva
vulvae
vulval
vulvar
vulvas
vulvate
vulviform
vulvitis
vulvitises
vum
vummed
vumming
vums
vying
vyingly
