xantham
xanthams
xanthan
xanthans
xanthate
xanthates
xanthein
xantheins
xanthene
xanthenes
xanthic
xanthin
xanthine
xanthines
xanthins
xanthochroia
xanthochroias
xanthochroic
xanthochroid
xanthochroids
xanthochroism
xanthochroisms
xanthochromia
xanthochromias
xanthochroous
xanthoma
xanthomas
xanthomata
xanthomatous
xanthomelanous
xanthophyll
xanthophylls
xanthopsia
xanthopsias
xanthopterin
xanthopterine
xanthopterines
xanthopterins
xanthous
xanthoxyl
xanthoxyls
xebec
xebecs
xenarthral
xenia
xenial
xenias
xenium
xenobiotic
xenobiotics
xenocryst
xenocrysts
xenodochia
xenodochium
xenogamies
xenogamy
xenogeneses
xenogenesis
xenogenetic
xenogenous
xenoglossia
xenoglossias
xenograft
xenografts
xenolith
xenoliths
xenomania
xenomanias
xenomenia
xenomenias
xenomorphic
xenon
xenons
xenophile
xenophiles
xenophobe
xenophobes
xenophobia
xenophobias
xenophobies
xenophoby
xenophya
xenoplastic
xenotime
xenotimes
xenurine
xerafin
xerafins
xeranses
xeransis
xeranthemum
xeranthemums
xerantic
xeraphim
xeraphims
xerarch
xerasia
xerasias
xeric
xerochasies
xerochasy
xeroderma
xerodermas
xerodermatic
xerodermatous
xerodermia
xerodermias
xerodermic
xerographic
xerographies
xerography
xeroma
xeromas
xeromata
xeromorph
xeromorphic
xeromorphous
xeromorphs
xerophagies
xerophagy
xerophilies
xerophilous
xerophily
xerophthalmia
xerophthalmias
xerophyte
xerophytes
xerophytic
xeroradiographies
xeroradiography
xeroses
xerosis
xerostoma
xerostomas
xerostomata
xerostomia
xerostomias
xerotes
xerotic
xerotripses
xerotripsis
xi
xiphihumeralis
xiphihumeralises
xiphiplastra
xiphiplastral
xiphiplastrals
xiphiplastron
xiphisterna
xiphisternum
xiphisternums
xiphoid
xiphoidal
xiphopagi
xiphopagic
xiphopagous
xiphopagus
xiphophyllous
xiphosuran
xiphosurans
xis
xoana
xoanon
xu
xylem
xylems
xylene
xylenes
xylenol
xylenols
xylic
xylitol
xylitols
xylobalsamum
xylobalsamums
xylocarp
xylocarpous
xylocarps
xylochrome
xylochromes
xylogen
xylogenous
xylogens
xylograph
xylographer
xylographers
xylographic
xylographical
xylographies
xylographs
xylography
xyloid
xyloidin
xyloidine
xyloidines
xyloidins
xylol
xylologies
xylology
xylols
xyloma
xylomas
xylomata
xylometer
xylometers
xylonic
xylonite
xylonites
xylophagan
xylophagans
xylophage
xylophages
xylophagous
xylophilous
xylophone
xylophones
xylophonic
xylophonist
xylophonists
xylopyrographies
xylopyrography
xylorimba
xylorimbas
xylose
xyloses
xylotomous
xylotypographic
xylotypographies
xylotypography
xylyl
xylyls
xyridaceous
xyst
xyster
xysters
xysti
xystoi
xystos
xysts
xystus
