gab
gabardine
gabardines
gabbard
gabbards
gabbart
gabbarts
gabbed
gabber
gabbers
gabbier
gabbiest
gabbing
gabble
gabbled
gabblement
gabblements
gabbler
gabblers
gabbles
gabbling
gabblings
gabbro
gabbroic
gabbroid
gabbroitic
gabbros
gabby
gabelle
gabeller
gabellers
gabelles
gaberdine
gaberdines
gaberlunzie
gaberlunzies
gabfest
gabfests
gabies
gabion
gabionade
gabionades
gabionage
gabionages
gabioned
gabions
gable
gabled
gables
gablet
gablets
gabnash
gabnashes
gabs
gaby
gad
gadabout
gadabouts
gadded
gadder
gadders
gadding
gade
gades
gadflies
gadfly
gadge
gadges
gadget
gadgeteer
gadgeteers
gadgetries
gadgetry
gadgets
gadgie
gadgies
gadi
gadis
gadje
gadjes
gadling
gadlings
gadoid
gadoids
gadolinite
gadolinites
gadolinium
gadoliniums
gadroon
gadrooned
gadrooning
gadroonings
gadroons
gads
gadsman
gadsmen
gadso
gadsos
gadwall
gadwalls
gadzooks
gae
gaed
gaelicise
gaelicised
gaelicises
gaelicising
gaelicism
gaelicisms
gaelicize
gaelicized
gaelicizes
gaelicizing
gaes
gaff
gaffe
gaffed
gaffer
gaffers
gaffes
gaffing
gaffings
gaffs
gag
gaga
gagaku
gagakus
gage
gaged
gages
gagged
gagger
gaggers
gagging
gaggle
gaggled
gaggles
gaggling
gagglings
gaging
gagman
gagmen
gags
gagster
gagsters
gahnite
gahnites
gaid
gaids
gaieties
gaiety
gaijin
gaillard
gaillarde
gaily
gain
gainable
gained
gainer
gainers
gainest
gainful
gainfully
gainfulness
gainfulnesses
gaingiving
gaingivings
gaining
gainings
gainless
gainlessness
gainlessnesses
gainlier
gainliest
gainly
gains
gainsaid
gainsay
gainsayer
gainsayers
gainsaying
gainsayings
gainsays
gainstrive
gainstriven
gainstrives
gainstriving
gainstrove
gair
gairfowl
gairfowls
gairs
gait
gaited
gaiter
gaiters
gaiting
gaits
gaitt
gaitts
gajo
gajos
gal
gala
galabea
galabeah
galabeahs
galabeas
galabia
galabiah
galabiahs
galabias
galactagogue
galactagogues
galactic
galactometer
galactometers
galactophorous
galactopoietic
galactorrhoea
galactorrhoeas
galactosaemia
galactosaemias
galactose
galactoses
galage
galages
galago
galagos
galah
galahs
galanga
galangal
galangals
galangas
galant
galantine
galantines
galapago
galapagos
galas
galatea
galateas
galaxies
galaxy
galbanum
galbanums
galdragon
galdragons
gale
galea
galeae
galeas
galeate
galeated
galena
galenas
galengale
galengales
galenite
galenites
galenoid
galeopithecine
galeopithecoid
galere
galeres
gales
galette
galettes
galilee
galilees
galimatias
galimatiases
galingale
galingales
galiongee
galiongees
galiot
galiots
galipot
galipots
gall
gallabea
gallabeah
gallabeahs
gallabeas
gallabia
gallabiah
gallabiahs
gallabias
gallabieh
gallabiehs
gallabiya
gallabiyah
gallabiyahs
gallabiyas
gallabiyeh
gallabiyehs
gallant
gallanter
gallantest
gallantly
gallantness
gallantnesses
gallantries
gallantry
gallants
gallate
gallates
galleass
galleasses
galled
galleon
galleons
galleria
gallerias
galleried
galleries
gallery
gallerying
galleryite
galleryites
gallet
galleted
galleting
gallets
galley
galleys
gallflies
gallfly
galliambic
galliambics
galliard
galliardise
galliardises
galliards
galliass
galliasses
gallic
gallicise
gallicised
gallicises
gallicising
gallicism
gallicisms
gallicize
gallicized
gallicizes
gallicizing
gallied
gallies
galligaskins
gallimaufries
gallimaufry
gallinaceous
gallinazo
gallinazos
galling
gallingly
gallinule
gallinules
galliot
galliots
gallipot
gallipots
gallise
gallised
gallises
gallising
gallisise
gallisised
gallisises
gallisising
gallisize
gallisized
gallisizes
gallisizing
gallium
galliums
gallivant
gallivanted
gallivanting
gallivants
gallivat
gallivats
galliwasp
galliwasps
gallize
gallized
gallizes
gallizing
gallnut
gallnuts
galloglass
galloglasses
gallon
gallonage
gallonages
gallons
galloon
gallooned
galloons
gallop
gallopade
gallopaded
gallopades
gallopading
galloped
galloper
gallopers
galloping
gallops
gallow
gallowed
gallowglass
gallowglasses
gallowing
gallows
gallowses
gallowsness
gallowsnesses
galls
gallsickness
gallsicknesses
gallstone
gallstones
gallumph
gallumphed
gallumphing
gallumphs
gallus
galluses
gally
gallying
galoche
galoched
galoches
galoching
galoot
galoots
galop
galoped
galopin
galoping
galopins
galopped
galopping
galops
galore
galosh
galoshed
galoshes
galoshing
galowses
galravage
galravaged
galravages
galravaging
galravitch
galravitched
galravitches
galravitching
gals
galtonia
galtonias
galumph
galumphed
galumpher
galumphers
galumphing
galumphs
galut
galuth
galuths
galuts
galvanic
galvanically
galvanisation
galvanisations
galvanise
galvanised
galvaniser
galvanisers
galvanises
galvanising
galvanism
galvanisms
galvanist
galvanists
galvanization
galvanizations
galvanize
galvanized
galvanizer
galvanizers
galvanizes
galvanizing
galvanometer
galvanometers
galvanometric
galvanometries
galvanometry
galvanoplastic
galvanoplasties
galvanoplasty
galvanoscope
galvanoscopes
gam
gamash
gamashes
gamay
gamays
gamb
gamba
gambado
gambadoed
gambadoes
gambadoing
gambados
gambas
gambeson
gambesons
gambet
gambets
gambetta
gambettas
gambier
gambiers
gambir
gambirs
gambist
gambists
gambit
gambited
gambiting
gambits
gamble
gambled
gambler
gamblers
gambles
gambling
gamblings
gambo
gamboge
gamboges
gambogian
gambogic
gambol
gambolled
gambolling
gambols
gambos
gambrel
gambrels
gambroon
gambroons
gambs
game
gamecock
gamecocks
gamed
gamekeeper
gamekeepers
gamelan
gamelans
gamely
gameness
gamenesses
gamer
games
gamesier
gamesiest
gamesmanship
gamesmanships
gamesome
gamesomeness
gamesomenesses
gamest
gamester
gamesters
gamesy
gametal
gametangia
gametangium
gamete
gametes
gametic
gametogeneses
gametogenesis
gametophyte
gametophytes
gamey
gamic
gamier
gamiest
gamin
gamine
gaminerie
gamineries
gamines
gaminesque
gaminess
gaminesses
gaming
gamings
gamins
gamma
gammadia
gammadion
gammas
gammatia
gammation
gamme
gammed
gammer
gammers
gammerstang
gammerstangs
gammes
gammier
gammiest
gamming
gammock
gammocked
gammocking
gammocks
gammon
gammoned
gammoner
gammoners
gammoning
gammonings
gammons
gammy
gamogeneses
gamogenesis
gamopetalous
gamophyllous
gamosepalous
gamotropic
gamotropism
gamotropisms
gamp
gampish
gamps
gams
gamut
gamuts
gamy
gamyness
gamynesses
gan
ganch
ganched
ganches
ganching
gander
ganderism
ganderisms
ganders
gane
gang
gangboard
gangboards
gangbuster
gangbusters
gangbusting
gangbustings
ganged
ganger
gangers
ganging
gangings
gangland
ganglands
ganglia
gangliar
gangliate
gangliated
ganglier
gangliest
gangliform
gangling
ganglion
ganglionic
ganglions
gangly
gangplank
gangplanks
gangrel
gangrels
gangrene
gangrened
gangrenes
gangrening
gangrenous
gangs
gangsman
gangsmen
gangsta
gangstas
gangster
gangsterdom
gangsterdoms
gangsterism
gangsterisms
gangsterland
gangsterlands
gangsters
gangue
gangues
gangway
gangways
ganister
ganisters
ganja
ganjas
gannet
gannetries
gannetry
gannets
gannister
gannisters
ganoid
ganoids
ganoin
ganoine
ganoines
ganoins
gansey
ganseys
gant
ganted
ganting
gantlet
gantlets
gantline
gantlines
gantlope
gantlopes
gantries
gantry
gants
gaol
gaoled
gaoler
gaoleress
gaoleresses
gaolers
gaoling
gaols
gap
gape
gaped
gaper
gapers
gapes
gapeseed
gapeseeds
gapeworm
gapeworms
gaping
gapingly
gapings
gapo
gapos
gapped
gappier
gappiest
gapping
gappy
gaps
gar
garage
garaged
garages
garaging
garagings
garagist
garagiste
garagistes
garagists
garb
garbage
garbageman
garbagemen
garbages
garbanzo
garbanzos
garbe
garbed
garbes
garbing
garble
garbled
garbler
garblers
garbles
garbling
garblings
garbo
garboard
garboards
garboil
garboils
garbologies
garbologist
garbologists
garbology
garbos
garbs
garbure
garbures
garcinia
garcinias
garcon
garcons
garda
gardai
gardant
gardants
garden
gardened
gardener
gardeners
gardenia
gardenias
gardening
gardenings
gardens
garderobe
garderobes
gardyloo
gardyloos
gare
garefowl
garefowls
garfish
garfishes
garganey
garganeys
gargantuan
gargarise
gargarised
gargarises
gargarising
gargarism
gargarisms
gargarize
gargarized
gargarizes
gargarizing
garget
gargets
gargety
gargle
gargled
gargles
gargling
gargoyle
gargoyles
gargoylism
gargoylisms
garial
garials
garibaldi
garibaldis
garigue
garigues
garish
garished
garishes
garishing
garishly
garishness
garishnesses
garjan
garjans
garland
garlandage
garlandages
garlanded
garlanding
garlandless
garlandries
garlandry
garlands
garlic
garlickier
garlickiest
garlicky
garlics
garment
garmented
garmenting
garmentless
garments
garmenture
garmentures
garner
garnered
garnering
garners
garnet
garnetiferous
garnets
garnierite
garnierites
garnish
garnished
garnishee
garnisheed
garnisheeing
garnisheement
garnisheements
garnishees
garnisher
garnishers
garnishes
garnishing
garnishings
garnishment
garnishments
garnishries
garnishry
garniture
garnitures
garotte
garotted
garotter
garotters
garottes
garotting
garottings
garpike
garpikes
garran
garrans
garre
garred
garres
garret
garreted
garreteer
garreteers
garrets
garrigue
garrigues
garring
garrison
garrisoned
garrisoning
garrisons
garron
garrons
garrot
garrote
garroted
garrotes
garroting
garrots
garrotte
garrotted
garrotter
garrotters
garrottes
garrotting
garrottings
garrulities
garrulity
garrulous
garrulously
garrulousness
garrulousnesses
garrya
garryas
garryowen
garryowens
gars
gart
garter
gartered
gartering
garters
garth
garths
garuda
garudas
garum
garums
garvie
garvies
garvock
garvocks
gas
gasahol
gasahols
gasalier
gasaliers
gasbag
gasbags
gascon
gasconade
gasconaded
gasconader
gasconaders
gasconades
gasconading
gasconism
gasconisms
gascons
gaseities
gaseity
gaselier
gaseliers
gaseous
gaseousness
gaseousnesses
gases
gasfield
gasfields
gash
gashed
gasher
gashes
gashest
gashful
gashing
gashliness
gashlinesses
gashly
gasholder
gasholders
gasification
gasifications
gasified
gasifier
gasifiers
gasifies
gasiform
gasify
gasifying
gasket
gaskets
gaskin
gaskins
gaslight
gaslights
gaslit
gasman
gasmen
gasogene
gasogenes
gasohol
gasohols
gasolene
gasolenes
gasolier
gasoliers
gasoline
gasolines
gasometer
gasometers
gasometric
gasometrical
gasometries
gasometry
gasp
gasped
gasper
gaspereau
gaspereaus
gaspers
gaspier
gaspiest
gaspiness
gaspinesses
gasping
gaspingly
gaspings
gasps
gaspy
gassed
gasser
gassers
gasses
gassier
gassiest
gassiness
gassinesses
gassing
gassings
gassy
gast
gasted
gaster
gasteropod
gasteropodous
gasteropods
gasters
gastfull
gasting
gastness
gastnesse
gastnesses
gastraea
gastraeas
gastraeum
gastraeums
gastralgia
gastralgias
gastrectomies
gastrectomy
gastric
gastrin
gastrins
gastritis
gastritises
gastrocnemii
gastrocnemius
gastroenteric
gastroenteritis
gastroenteritises
gastroenterologies
gastroenterologist
gastroenterologists
gastroenterology
gastrointestinal
gastrologer
gastrologers
gastrological
gastrologies
gastrology
gastromancies
gastromancy
gastronome
gastronomer
gastronomers
gastronomes
gastronomic
gastronomical
gastronomies
gastronomist
gastronomists
gastronomy
gastropod
gastropodous
gastropods
gastroscope
gastroscopes
gastrosoph
gastrosopher
gastrosophers
gastrosophies
gastrosophs
gastrosophy
gastrostomies
gastrostomy
gastrotomies
gastrotomy
gastrula
gastrulae
gastrulas
gastrulation
gastrulations
gasts
gat
gate
gateau
gateaus
gateaux
gatecrash
gatecrashed
gatecrasher
gatecrashers
gatecrashes
gatecrashing
gated
gatefold
gatefolds
gatehouse
gatehouses
gateleg
gateless
gateman
gatemen
gatepost
gateposts
gates
gateway
gateways
gath
gather
gathered
gatherer
gatherers
gathering
gatherings
gathers
gaths
gating
gatings
gats
gau
gauche
gaucher
gaucherie
gaucheries
gauchesco
gauchest
gaucho
gauchos
gaucie
gaucier
gauciest
gaucy
gaud
gaudeamus
gaudeamuses
gauded
gauderies
gaudery
gaudgie
gaudgies
gaudier
gaudies
gaudiest
gaudily
gaudiness
gaudinesses
gauding
gauds
gaudy
gaufer
gaufers
gauffer
gauffered
gauffering
gaufferings
gauffers
gaufre
gaufres
gauge
gaugeable
gauged
gauger
gaugers
gauges
gauging
gaugings
gauje
gaujes
gauleiter
gauleiters
gault
gaulter
gaulters
gaultheria
gaultherias
gaults
gaum
gaumed
gaumier
gaumiest
gauming
gaumless
gaums
gaumy
gaun
gaunch
gaunched
gaunches
gaunching
gaunt
gaunted
gaunter
gauntest
gaunting
gauntlet
gauntleted
gauntlets
gauntly
gauntness
gauntnesses
gauntree
gauntrees
gauntries
gauntry
gaunts
gaup
gauped
gauper
gaupers
gauping
gaups
gaupus
gaupuses
gaur
gaurs
gaus
gauss
gausses
gaussian
gauze
gauzes
gauzier
gauziest
gauziness
gauzinesses
gauzy
gavage
gavages
gave
gavel
gavelkind
gavelkinds
gavelman
gavelmen
gavelock
gavelocks
gavels
gavial
gavials
gavotte
gavottes
gawcier
gawciest
gawcy
gawd
gawds
gawk
gawked
gawker
gawkers
gawkier
gawkies
gawkiest
gawkihood
gawkihoods
gawkiness
gawkinesses
gawking
gawks
gawky
gawp
gawped
gawper
gawpers
gawping
gawps
gawpus
gawpuses
gawsier
gawsiest
gawsy
gay
gayal
gayals
gayer
gayest
gayness
gaynesses
gays
gaysome
gazal
gazals
gazania
gazanias
gazar
gazars
gaze
gazebo
gazeboes
gazebos
gazed
gazeful
gazelle
gazelles
gazement
gazements
gazer
gazers
gazes
gazette
gazetted
gazetteer
gazetteered
gazetteering
gazetteerish
gazetteers
gazettes
gazetting
gazier
gaziest
gazing
gazogene
gazogenes
gazon
gazons
gazoo
gazooka
gazookas
gazoon
gazoons
gazoos
gazpacho
gazpachos
gazump
gazumped
gazumping
gazumps
gazunder
gazundered
gazundering
gazunders
gazy
geal
gealed
gealing
gealous
gealousies
gealousy
geals
gean
geans
geanticlinal
geanticline
geanticlines
gear
gearbox
gearboxes
gearchange
gearchanges
geare
geared
geares
gearing
gearings
gearless
gears
gearshift
gearshifts
gearwheel
gearwheels
geason
geat
geats
gebur
geburs
geck
gecked
gecking
gecko
geckoes
geckos
gecks
ged
geddit
geds
gee
geebung
geebungs
geechee
geechees
geed
geegaw
geegaws
geeing
geek
geekier
geekiest
geeks
geeky
geep
geeps
gees
geese
geezer
geezers
gefuffle
gefuffled
gefuffles
gefuffling
gegenschein
gegenscheins
geisha
geishas
geist
geists
geit
geitonogamies
geitonogamous
geitonogamy
geits
gel
gelada
geladas
gelastic
gelati
gelatin
gelatinate
gelatinated
gelatinates
gelatinating
gelatination
gelatinations
gelatine
gelatines
gelatinisation
gelatinisations
gelatinise
gelatinised
gelatiniser
gelatinisers
gelatinises
gelatinising
gelatinization
gelatinizations
gelatinize
gelatinized
gelatinizer
gelatinizers
gelatinizes
gelatinizing
gelatinoid
gelatinoids
gelatinous
gelatins
gelation
gelations
gelato
geld
gelded
gelder
gelders
gelding
geldings
gelds
gelid
gelider
gelidest
gelidities
gelidity
gelidly
gelidness
gelidnesses
gelignite
gelignites
gelled
gellies
gelliflowre
gelliflowres
gelling
gelly
gelosies
gelosy
gels
gelsemine
gelsemines
gelseminine
gelseminines
gelsemium
gelsemiums
gelt
gelts
gem
gematria
gematrias
gemel
gemels
gemfish
gemfishes
geminate
geminated
geminates
geminating
gemination
geminations
gemini
geminies
geminous
geminy
gemma
gemmaceous
gemmae
gemman
gemmate
gemmated
gemmates
gemmating
gemmation
gemmations
gemmative
gemmed
gemmen
gemmeous
gemmeries
gemmery
gemmier
gemmiest
gemmiferous
gemming
gemmiparous
gemmological
gemmologies
gemmologist
gemmologists
gemmology
gemmulation
gemmulations
gemmule
gemmules
gemmy
gemological
gemologies
gemologist
gemologists
gemology
gemony
gemot
gemots
gems
gemsbok
gemsboks
gemshorn
gemshorns
gemstone
gemstones
gemutlich
gen
gena
genal
genappe
genappes
genas
gendarme
gendarmerie
gendarmeries
gendarmes
gender
gendered
gendering
genderless
genders
gene
genealogic
genealogical
genealogically
genealogies
genealogise
genealogised
genealogises
genealogising
genealogist
genealogists
genealogize
genealogized
genealogizes
genealogizing
genealogy
genera
generable
general
generalate
generalates
generale
generalia
generalisable
generalisation
generalisations
generalise
generalised
generalises
generalising
generalissimo
generalissimos
generalist
generalists
generalities
generality
generalizable
generalization
generalizations
generalize
generalized
generalizes
generalizing
generalled
generalling
generally
generals
generalship
generalships
generant
generants
generate
generated
generates
generating
generation
generational
generationism
generationisms
generations
generative
generator
generators
generatrices
generatrix
generic
generical
generically
generics
generosities
generosity
generous
generously
generousness
generousnesses
genes
geneses
genesis
genet
genethliac
genethliacal
genethliacally
genethliacon
genethliacons
genethliacs
genethlialogic
genethlialogical
genethlialogies
genethlialogy
genetic
genetical
genetically
geneticist
geneticists
genetics
genetotrophic
genetrices
genetrix
genetrixes
genets
genette
genettes
geneva
genevas
genevrette
genevrettes
genial
genialise
genialised
genialises
genialising
genialities
geniality
genialize
genialized
genializes
genializing
genially
genialness
genialnesses
genic
geniculate
geniculated
geniculately
geniculates
geniculating
geniculation
geniculations
genie
genies
genii
genip
genipap
genipaps
genips
genista
genistas
genital
genitalia
genitalial
genitalic
genitals
genitival
genitivally
genitive
genitively
genitives
genitor
genitors
genitrices
genitrix
genitrixes
geniture
genitures
genius
geniuses
genizah
genizahs
genlock
genlocks
gennel
gennels
gennet
gennets
genoa
genoas
genocidal
genocide
genocides
genom
genome
genomes
genoms
genophobia
genophobias
genotype
genotypes
genotypic
genotypically
genotypicities
genotypicity
genouillere
genouilleres
genre
genres
gensdarmes
gent
genteel
genteeler
genteelest
genteelise
genteelised
genteelises
genteelish
genteelising
genteelism
genteelisms
genteelize
genteelized
genteelizes
genteelizing
genteelly
genteelness
genteelnesses
gentian
gentianaceous
gentianella
gentianellas
gentians
gentier
gentiest
gentile
gentiles
gentilesse
gentilesses
gentilic
gentilise
gentilised
gentilises
gentilish
gentilising
gentilism
gentilisms
gentilitial
gentilitian
gentilities
gentilitious
gentility
gentilize
gentilized
gentilizes
gentilizing
gentle
gentled
gentlefolk
gentlehood
gentlehoods
gentleman
gentlemanhood
gentlemanhoods
gentlemanlike
gentlemanliness
gentlemanlinesses
gentlemanly
gentlemanship
gentlemanships
gentlemen
gentleness
gentlenesse
gentlenesses
gentler
gentles
gentlest
gentlewoman
gentlewomanliness
gentlewomanlinesses
gentlewomanly
gentlewomen
gentling
gently
gentoo
gentoos
gentrice
gentrices
gentries
gentrification
gentrifications
gentrified
gentrifier
gentrifiers
gentrifies
gentrify
gentrifying
gentry
gents
genty
genu
genuflect
genuflected
genuflecting
genuflection
genuflections
genuflects
genuflexion
genuflexions
genuine
genuinely
genuineness
genuinenesses
genus
genuses
geo
geocarpic
geocarpies
geocarpy
geocentric
geocentrical
geocentrically
geocentricism
geocentricisms
geochemical
geochemically
geochemist
geochemistries
geochemistry
geochemists
geochronological
geochronologies
geochronologist
geochronologists
geochronology
geode
geodes
geodesic
geodesical
geodesics
geodesies
geodesist
geodesists
geodesy
geodetic
geodetical
geodetically
geodetics
geodic
geodynamic
geodynamical
geodynamics
geofact
geofacts
geogenies
geogeny
geognoses
geognosies
geognosis
geognost
geognostic
geognostical
geognostically
geognosts
geognosy
geogonic
geogonies
geogony
geographer
geographers
geographic
geographical
geographically
geographies
geography
geoid
geoidal
geoids
geolatries
geolatry
geolinguistics
geologer
geologers
geologian
geologians
geologic
geological
geologically
geologies
geologise
geologised
geologises
geologising
geologist
geologists
geologize
geologized
geologizes
geologizing
geology
geomagnetic
geomagnetism
geomagnetisms
geomagnetist
geomagnetists
geomancer
geomancers
geomancies
geomancy
geomant
geomantic
geomants
geomedical
geomedicine
geomedicines
geometer
geometers
geometric
geometrical
geometrically
geometrician
geometricians
geometrid
geometrids
geometries
geometrisation
geometrisations
geometrise
geometrised
geometrises
geometrising
geometrist
geometrists
geometrization
geometrizations
geometrize
geometrized
geometrizes
geometrizing
geometry
geomorphogenic
geomorphogenies
geomorphogenist
geomorphogenists
geomorphogeny
geomorphologic
geomorphological
geomorphologically
geomorphologies
geomorphologist
geomorphologists
geomorphology
geomyoid
geophagies
geophagism
geophagisms
geophagist
geophagists
geophagous
geophagy
geophilic
geophilous
geophone
geophones
geophysical
geophysicist
geophysicists
geophysics
geophyte
geophytes
geophytic
geopolitical
geopolitically
geopolitician
geopoliticians
geopolitics
geoponic
geoponical
geoponics
georgette
georgettes
georgic
georgics
geos
geoscience
geosciences
geoscientific
geosphere
geospheres
geostatic
geostatics
geostationary
geostrategic
geostrategical
geostrategies
geostrategy
geostrophic
geosynchronous
geosynclinal
geosyncline
geosynclines
geotactic
geotactical
geotactically
geotaxes
geotaxis
geotechnic
geotechnical
geotechnics
geotechnological
geotechnologies
geotechnology
geotectonic
geotectonics
geothermal
geothermic
geothermometer
geothermometers
geotropic
geotropically
geotropism
geotropisms
gerah
gerahs
geraniol
geraniols
geranium
geraniums
gerbe
gerbera
gerberas
gerbes
gerbil
gerbille
gerbilles
gerbils
gere
gerent
gerents
gerenuk
gerenuks
geres
gerfalcon
gerfalcons
geriatric
geriatrician
geriatricians
geriatrics
geriatrist
geriatrists
gerle
gerles
germ
germain
germaine
germaines
germains
german
germander
germanders
germane
germanely
germaneness
germanenesses
germanium
germaniums
germans
germed
germen
germens
germicidal
germicide
germicides
germin
germinable
germinal
germinant
germinate
germinated
germinates
germinating
germination
germinations
germinative
germing
germins
germs
gerne
gerned
gernes
gerning
gerontic
gerontocracies
gerontocracy
gerontocrat
gerontocratic
gerontocrats
gerontological
gerontologies
gerontologist
gerontologists
gerontology
gerontophil
gerontophile
gerontophiles
gerontophilia
gerontophilias
gerontophils
gerontophobe
gerontophobes
gerontophobia
gerontophobias
gerontotherapeutics
geropiga
geropigas
gerrymander
gerrymandered
gerrymanderer
gerrymanderers
gerrymandering
gerrymanders
gertcha
gerund
gerundial
gerundival
gerundive
gerundives
gerunds
gesneria
gesnerias
gessamine
gessamines
gesse
gessed
gesses
gessing
gesso
gessoes
gest
gestalt
gestaltism
gestaltisms
gestalts
gestant
gestapo
gestapos
gestate
gestated
gestates
gestating
gestation
gestational
gestations
gestative
gestatorial
gestatory
geste
gestes
gestic
gesticulate
gesticulated
gesticulates
gesticulating
gesticulation
gesticulations
gesticulative
gesticulator
gesticulators
gesticulatory
gests
gestural
gesture
gestured
gestures
gesturing
get
geta
getas
getaway
getaways
gets
gettable
getter
gettered
gettering
getterings
getters
getting
gettings
geum
geums
gewgaw
gewgaws
gey
geyan
geyer
geyest
geyser
geyserite
geyserites
geysers
gharial
gharials
gharri
gharries
gharris
gharry
ghast
ghasted
ghastful
ghastfull
ghastfully
ghasting
ghastlier
ghastliest
ghastliness
ghastlinesses
ghastly
ghastness
ghastnesses
ghasts
ghat
ghats
ghaut
ghauts
ghazal
ghazals
ghazel
ghazels
ghazi
ghazis
ghee
ghees
gherao
gheraoed
gheraoing
gheraos
gherkin
gherkins
ghesse
ghessed
ghesses
ghessing
ghest
ghetto
ghettoes
ghettoise
ghettoised
ghettoises
ghettoising
ghettoize
ghettoized
ghettoizes
ghettoizing
ghettos
ghi
ghilgai
ghilgais
ghillie
ghillied
ghillies
ghillying
ghis
ghost
ghosted
ghostier
ghostiest
ghosting
ghostings
ghostlier
ghostliest
ghostlike
ghostliness
ghostlinesses
ghostly
ghosts
ghosty
ghoul
ghoulish
ghoulishly
ghoulishness
ghoulishnesses
ghouls
ghyll
ghylls
gi
giambeux
giant
giantess
giantesses
gianthood
gianthoods
giantism
giantisms
giantlier
giantliest
giantly
giantries
giantry
giants
giantship
giantships
giaour
giaours
giardiases
giardiasis
gib
gibbed
gibber
gibbered
gibberellin
gibberellins
gibbering
gibberish
gibberishes
gibbers
gibbet
gibbeted
gibbeting
gibbets
gibbing
gibbon
gibbons
gibbose
gibbosities
gibbosity
gibbous
gibbously
gibbousness
gibbousnesses
gibbsite
gibbsites
gibe
gibed
gibel
gibels
giber
gibers
gibes
gibing
gibingly
giblet
giblets
gibs
gibus
gibuses
gid
giddap
giddied
giddier
giddies
giddiest
giddily
giddiness
giddinesses
giddup
giddy
giddying
gidgee
gidgees
gidjee
gidjees
gids
gie
gied
gieing
gien
gies
gif
gift
gifted
giftedly
giftedness
giftednesses
gifting
gifts
giftshop
giftshops
gig
gigabyte
gigabytes
gigaflop
gigaflops
gigahertz
gigahertzes
gigantean
gigantesque
gigantic
gigantically
giganticide
giganticides
gigantism
gigantisms
gigantologies
gigantology
gigantomachia
gigantomachias
gigantomachies
gigantomachy
gigawatt
gigawatts
gigged
gigging
giggit
giggited
giggiting
giggits
giggle
giggled
giggler
gigglers
giggles
gigglesome
gigglier
giggliest
giggling
gigglings
giggly
giglet
giglets
giglot
giglots
gigman
gigmanities
gigmanity
gigmen
gigolo
gigolos
gigot
gigots
gigs
gigue
gigues
gila
gilas
gilbert
gilberts
gilcup
gilcups
gild
gilded
gilden
gilder
gilders
gilding
gildings
gilds
gilet
gilets
gilgai
gilgais
gilgie
gilgies
gill
gillaroo
gillaroos
gilled
gillet
gillets
gillflirt
gillflirts
gillie
gillied
gillies
gilling
gillion
gillions
gillravage
gillravaged
gillravages
gillravaging
gillravitch
gillravitched
gillravitches
gillravitching
gills
gilly
gillyflower
gillyflowers
gillying
gillyvor
gillyvors
gilpey
gilpeys
gilpies
gilpy
gilravage
gilravaged
gilravager
gilravagers
gilravages
gilravaging
gilravitch
gilravitched
gilravitches
gilravitching
gilsonite
gilsonites
gilt
giltcup
giltcups
gilts
giltwood
gimbal
gimbals
gimcrack
gimcrackeries
gimcrackery
gimcracks
gimlet
gimleted
gimleting
gimlets
gimmal
gimmalled
gimmals
gimme
gimmer
gimmers
gimmes
gimmick
gimmicked
gimmickier
gimmickiest
gimmicking
gimmickries
gimmickry
gimmicks
gimmicky
gimmor
gimmors
gimp
gimped
gimpier
gimpiest
gimping
gimps
gimpy
gin
ging
gingal
gingall
gingalls
gingals
gingellies
gingelly
ginger
gingerade
gingerades
gingerbread
gingerbreads
gingered
gingering
gingerly
gingerous
gingers
gingersnap
gingersnaps
gingery
gingham
ginghams
gingili
gingilis
gingival
gingivectomies
gingivectomy
gingivitis
gingivitises
gingko
gingkoes
gingle
gingled
gingles
ginglimoid
gingling
ginglymi
ginglymus
gings
ginhouse
ginhouses
gink
ginkgo
ginkgoes
ginks
ginn
ginned
ginnel
ginnels
ginner
ginneries
ginners
ginnery
ginnier
ginniest
ginning
ginny
ginormous
gins
ginseng
ginsengs
ginshop
ginshops
gio
giocoso
gios
gip
gippies
gippo
gippos
gippy
gips
gipsen
gipsens
gipsied
gipsies
gipsy
gipsying
giraffe
giraffes
giraffid
giraffine
giraffoid
girandola
girandolas
girandole
girandoles
girasol
girasole
girasoles
girasols
gird
girded
girder
girders
girding
girdings
girdle
girdled
girdler
girdlers
girdles
girdlestead
girdlesteads
girdling
girds
girkin
girkins
girl
girlfriend
girlfriends
girlhood
girlhoods
girlie
girlies
girlish
girlishly
girlishness
girlishnesses
girlond
girlonds
girls
girly
girn
girned
girnel
girnels
girner
girners
girnie
girnier
girniest
girning
girns
giro
gironic
giros
girosol
girosols
girr
girrs
girt
girted
girth
girthed
girthing
girthline
girthlines
girths
girting
girtline
girtlines
girts
gis
gisarme
gisarmes
gism
gismo
gismologies
gismology
gismos
gisms
gist
gists
git
gite
gites
gits
gittern
gitterned
gitterning
gitterns
giust
giusted
giusting
giusto
giusts
give
giveaway
giveaways
gived
given
givenness
givennesses
giver
givers
gives
giving
givings
gizmo
gizmologies
gizmology
gizmos
gizz
gizzard
gizzards
gizzen
gizzened
gizzening
gizzens
gizzes
gju
gjus
glabella
glabellae
glabellar
glabrate
glabrous
glace
glaceed
glaceing
glaces
glacial
glacialist
glacialists
glacials
glaciate
glaciated
glaciates
glaciating
glaciation
glaciations
glacier
glaciers
glaciological
glaciologies
glaciologist
glaciologists
glaciology
glacis
glacises
glad
gladded
gladden
gladdened
gladdening
gladdens
gladder
gladdest
gladdie
gladdies
gladding
gladdon
gladdons
glade
glades
gladful
gladfulness
gladfulnesses
gladiate
gladiator
gladiatorial
gladiatorian
gladiators
gladiatorship
gladiatorships
gladiatory
gladier
gladiest
gladiole
gladioles
gladioli
gladiolus
gladioluses
gladius
gladiuses
gladly
gladness
gladnesses
glads
gladsome
gladsomely
gladsomeness
gladsomenesses
glady
glaik
glaiket
glaikit
glaikitness
glaikitnesses
glaiks
glair
glaired
glaireous
glairier
glairiest
glairin
glairing
glairins
glairs
glairy
glaive
glaived
glaives
glam
glamor
glamored
glamoring
glamorisation
glamorisations
glamorise
glamorised
glamorises
glamorising
glamorization
glamorizations
glamorize
glamorized
glamorizes
glamorizing
glamorous
glamorously
glamors
glamour
glamoured
glamouring
glamourpuss
glamourpusses
glamours
glams
glance
glanced
glances
glancing
glancingly
glancings
gland
glandered
glanderous
glanders
glandes
glandiferous
glandiform
glands
glandular
glandularly
glandule
glandules
glanduliferous
glandulous
glandulously
glans
glare
glareal
glared
glareous
glares
glarier
glariest
glaring
glaringly
glaringness
glaringnesses
glary
glasnost
glasnostian
glasnostic
glasnosts
glass
glassed
glassen
glasses
glassful
glassfuls
glasshouse
glasshouses
glassier
glassiest
glassified
glassifies
glassify
glassifying
glassily
glassine
glassines
glassiness
glassinesses
glassing
glasslike
glassman
glassmen
glassware
glasswares
glasswork
glassworker
glassworkers
glassworks
glasswort
glassworts
glassy
glassyheaded
glauberite
glauberites
glaucescence
glaucescences
glaucescent
glaucoma
glaucomas
glaucomatous
glauconite
glauconites
glauconitic
glauconitisation
glauconitisations
glauconitization
glauconitizations
glaucous
glaum
glaumed
glauming
glaums
glaur
glaurier
glauriest
glaurs
glaury
glaze
glazed
glazen
glazer
glazers
glazes
glazier
glaziers
glaziest
glazing
glazings
glazy
gleam
gleamed
gleamier
gleamiest
gleaming
gleamings
gleams
gleamy
glean
gleaned
gleaner
gleaners
gleaning
gleanings
gleans
gleave
gleaves
glebe
glebes
glebous
gleby
gled
glede
gledes
gledge
gledged
gledges
gledging
gleds
glee
gleed
gleeds
gleeful
gleeing
gleek
gleeked
gleeking
gleeks
gleemaiden
gleemaidens
gleeman
gleemen
glees
gleesome
gleet
gleeted
gleetier
gleetiest
gleeting
gleets
gleety
gleg
glegger
gleggest
glei
gleis
glen
glendoveer
glendoveers
glengarries
glengarry
glenoid
glenoidal
glenoids
glens
glent
glented
glenting
glents
gley
gleyed
gleying
gleys
glia
gliadin
gliadine
gliadines
gliadins
glial
glias
glib
glibbed
glibber
glibbery
glibbest
glibbing
glibly
glibness
glibnesses
glibs
glid
glidder
gliddery
gliddest
glide
glided
glider
gliders
glides
gliding
glidingly
glidings
gliff
gliffing
gliffings
gliffs
glift
glifts
glike
glikes
glim
glimmer
glimmered
glimmering
glimmeringly
glimmerings
glimmers
glimmery
glimpse
glimpsed
glimpses
glimpsing
glims
glint
glinted
glinting
glints
glioblastoma
glioblastomas
glioblastomata
glioma
gliomas
gliomata
gliomatoses
gliomatosis
gliomatous
glioses
gliosis
glisk
glisks
glissade
glissaded
glissades
glissading
glissandi
glissando
glissandos
glisten
glistened
glistening
glistens
glister
glistered
glistering
glisteringly
glisters
glit
glitch
glitches
glits
glitter
glitterand
glitterati
glittered
glitterier
glitteriest
glittering
glitteringly
glitterings
glitters
glittery
glitz
glitzes
glitzier
glitziest
glitzily
glitziness
glitzinesses
glitzy
gloaming
gloamings
gloat
gloated
gloater
gloaters
gloating
gloatingly
gloats
glob
global
globalisation
globalisations
globalise
globalised
globalises
globalising
globalism
globalisms
globalization
globalizations
globalize
globalized
globalizes
globalizing
globally
globate
globated
globbier
globbiest
globby
globe
globed
globeflower
globeflowers
globes
globetrotter
globetrotters
globetrotting
globetrottings
globigerina
globigerinae
globin
globing
globins
globoid
globoids
globose
globoses
globosities
globosity
globous
globs
globular
globularities
globularity
globularly
globule
globules
globulet
globulets
globuliferous
globulin
globulins
globulite
globulites
globulous
globy
glockenspiel
glockenspiels
glode
glogg
gloggs
glom
glomerate
glomerated
glomerates
glomerating
glomeration
glomerations
glomerular
glomerulate
glomerule
glomerules
glomeruli
glomerulus
glommed
glomming
gloms
glonoin
glonoins
gloom
gloomed
gloomful
gloomier
gloomiest
gloomily
gloominess
gloominesses
glooming
gloomings
glooms
gloomy
gloop
glooped
gloopier
gloopiest
glooping
gloops
gloopy
glop
glops
gloria
glorias
gloried
glories
glorification
glorifications
glorified
glorifies
glorify
glorifying
gloriole
glorioles
gloriosa
gloriosas
glorious
gloriously
gloriousness
gloriousnesses
glory
glorying
gloss
glossa
glossae
glossal
glossarial
glossarially
glossaries
glossarist
glossarists
glossary
glossas
glossator
glossators
glossectomies
glossectomy
glossed
glosseme
glossemes
glosser
glossers
glosses
glossier
glossies
glossiest
glossily
glossina
glossinas
glossiness
glossinesses
glossing
glossitis
glossitises
glossodynia
glossodynias
glossographer
glossographers
glossographical
glossographies
glossography
glossolalia
glossolalias
glossological
glossologies
glossologist
glossologists
glossology
glossy
glottal
glottic
glottidean
glottides
glottis
glottises
glottochronologies
glottochronology
glottogonic
glottologies
glottology
glout
glouted
glouting
glouts
glove
gloved
glover
glovers
gloves
gloving
glovings
glow
glowed
glower
glowered
glowering
glowers
glowing
glowingly
glowlamp
glowlamps
glows
gloxinia
gloxinias
gloze
glozed
glozes
glozing
glozings
glucagon
glucagons
glucina
glucinas
glucinium
gluciniums
glucinum
glucinums
glucocorticoid
glucocorticoids
gluconeogeneses
gluconeogenesis
gluconeogenic
glucoprotein
glucoproteins
glucose
glucoses
glucosic
glucoside
glucosides
glucosuria
glucosurias
glucosuric
glue
glued
gluer
gluers
glues
gluey
glueyness
glueynesses
glug
glugged
glugging
glugs
gluhwein
gluhweins
gluier
gluiest
gluing
gluish
glum
glumaceous
glume
glumella
glumellas
glumes
glumiferous
glumly
glummer
glummest
glumness
glumnesses
glumpier
glumpiest
glumpish
glumps
glumpy
gluon
gluons
glut
glutaeal
glutaei
glutaeus
glutamate
glutamates
glutaminase
glutaminases
glutamine
glutamines
gluteal
glutei
glutelin
glutelins
gluten
glutenous
glutens
gluteus
glutinous
glutinously
gluts
glutted
glutting
glutton
gluttonies
gluttonise
gluttonised
gluttonises
gluttonish
gluttonising
gluttonize
gluttonized
gluttonizes
gluttonizing
gluttonous
gluttonously
gluttons
gluttony
glyceria
glycerias
glyceric
glyceride
glycerides
glycerin
glycerine
glycerines
glycerins
glycerol
glycerols
glyceryl
glyceryls
glycin
glycine
glycines
glycins
glycocoll
glycocolls
glycogen
glycogeneses
glycogenesis
glycogenetic
glycogenic
glycogens
glycol
glycolic
glycollic
glycols
glycolyses
glycolysis
glycolytic
glyconic
glyconics
glycoprotein
glycoproteins
glycose
glycoses
glycoside
glycosides
glycosidic
glycosuria
glycosurias
glycosuric
glycosyl
glycosylate
glycosylated
glycosylates
glycosylating
glycosylation
glycosylations
glycosyls
glyoxaline
glyoxalines
glyph
glyphic
glyphograph
glyphographer
glyphographers
glyphographic
glyphographies
glyphographs
glyphography
glyphs
glyptic
glyptics
glyptodont
glyptodonts
glyptographic
glyptographies
glyptography
glyptotheca
glyptothecas
gmelinite
gmelinites
gnaphalium
gnaphaliums
gnar
gnarl
gnarled
gnarlier
gnarliest
gnarling
gnarls
gnarly
gnarr
gnarred
gnarring
gnarrs
gnars
gnash
gnashed
gnasher
gnashers
gnashes
gnashing
gnashingly
gnat
gnatcatcher
gnatcatchers
gnathal
gnathic
gnathite
gnathites
gnathonic
gnathonical
gnathonically
gnatling
gnatlings
gnats
gnaw
gnawed
gnawer
gnawers
gnawing
gnawn
gnaws
gneiss
gneisses
gneissic
gneissitic
gneissoid
gneissose
gnocchi
gnocchis
gnomae
gnome
gnomes
gnomic
gnomish
gnomist
gnomists
gnomon
gnomonic
gnomonical
gnomonically
gnomonics
gnomonologies
gnomonology
gnomons
gnoseologies
gnoseology
gnoses
gnosiologies
gnosiology
gnosis
gnostic
gnostical
gnostically
gnotobiological
gnotobiologies
gnotobiology
gnotobioses
gnotobiosis
gnotobiote
gnotobiotes
gnotobiotic
gnotobiotically
gnotobiotics
gnu
gnus
go
goa
goad
goaded
goading
goads
goadsman
goadsmen
goadster
goadsters
goaf
goafs
goal
goalball
goalballs
goaled
goalie
goalies
goaling
goalkeeper
goalkeepers
goalkicker
goalkickers
goalkicking
goalkickings
goalless
goalmouth
goalmouths
goalpost
goalposts
goals
goanna
goannas
goary
goas
goat
goatee
goateed
goatees
goatfish
goatfishes
goatherd
goatherds
goatier
goatiest
goatish
goatishness
goatishnesses
goatling
goatlings
goats
goatskin
goatskins
goatsucker
goatsuckers
goatweed
goatweeds
goaty
gob
gobang
gobangs
gobbed
gobbeline
gobbelines
gobbet
gobbets
gobbing
gobble
gobbled
gobbledegook
gobbledegooks
gobbledygook
gobbledygooks
gobbler
gobblers
gobbles
gobbling
gobies
gobiid
gobiids
gobioid
goblet
goblets
goblin
goblins
gobo
goboes
gobony
gobos
gobs
gobshite
gobshites
gobsmacked
gobstopper
gobstoppers
goburra
goburras
goby
god
godchild
godchildren
goddam
goddamn
goddamned
goddaughter
goddaughters
godded
godden
goddens
goddess
goddesses
godding
godet
godetia
godetias
godets
godfather
godfathers
godhead
godheads
godhood
godhoods
godless
godlessly
godlessness
godlessnesses
godlier
godliest
godlike
godlily
godliness
godlinesses
godling
godlings
godly
godmother
godmothers
godown
godowns
godparent
godparents
godroon
godrooned
godrooning
godroonings
godroons
gods
godsend
godsends
godship
godships
godso
godson
godsons
godsos
godspeed
godspeeds
godward
godwards
godwit
godwits
goe
goel
goels
goer
goers
goes
goethite
goethites
goetic
goeties
goety
goey
gofer
gofers
goff
goffed
goffer
goffered
goffering
gofferings
goffers
goffing
goffs
goggle
goggled
goggler
gogglers
goggles
gogglier
goggliest
goggling
gogglings
goggly
goglet
goglets
gogo
goier
goiest
going
goings
goiter
goiters
goitre
goitred
goitres
goitrous
gold
goldarn
goldcrest
goldcrests
golden
goldenberries
goldenberry
goldened
goldener
goldenest
goldening
goldenly
goldenrod
goldenrods
goldens
golder
goldest
goldeye
goldeyes
goldfield
goldfields
goldfinch
goldfinches
goldfinnies
goldfinny
goldfish
goldfishes
goldier
goldiest
goldilocks
goldish
goldless
goldminer
goldminers
golds
goldsinnies
goldsinny
goldsize
goldsizes
goldsmith
goldsmitheries
goldsmithery
goldsmithries
goldsmithry
goldsmiths
goldspink
goldspinks
goldstick
goldsticks
goldstone
goldstones
goldy
gole
golem
golems
goles
golf
golfed
golfer
golfers
golfiana
golfianas
golfing
golfings
golfs
goliard
goliarderies
goliardery
goliardic
goliardies
goliards
goliardy
golias
goliased
goliases
goliasing
goliathise
goliathised
goliathises
goliathising
goliathize
goliathized
goliathizes
goliathizing
gollan
golland
gollands
gollans
gollar
gollared
gollaring
gollars
goller
gollered
gollering
gollers
gollies
golliwog
golliwogs
gollop
golloped
golloping
gollops
golly
gollywog
gollywogs
golomynka
golomynkas
goloptious
golosh
goloshed
goloshes
goloshing
goloshoes
golp
golpe
golpes
golps
goluptious
gombeen
gombeens
gombo
gombos
gombro
gombros
gomeral
gomerals
gomeril
gomerils
gomoku
gomokus
gompa
gompas
gomphoses
gomphosis
gomuti
gomutis
gomuto
gomutos
gon
gonad
gonadal
gonadial
gonadic
gonadotrophic
gonadotrophin
gonadotrophins
gonadotropic
gonadotropin
gonadotropins
gonads
gondelay
gondelays
gondola
gondolas
gondolier
gondoliers
gone
goneness
gonenesses
goner
goners
gonfalon
gonfalonier
gonfaloniers
gonfalons
gonfanon
gonfanons
gong
gonged
gonging
gongs
gongster
gongsters
gonia
goniatite
goniatites
goniatitoid
goniatitoids
gonidia
gonidial
gonidic
gonidium
gonimoblast
gonimoblasts
goniometer
goniometers
goniometric
goniometrical
goniometrically
goniometries
goniometry
gonion
gonk
gonks
gonococcal
gonococci
gonococcic
gonococcoid
gonococcus
gonocyte
gonocytes
gonophore
gonophores
gonorrhea
gonorrheal
gonorrheas
gonorrheic
gonorrhoea
gonorrhoeal
gonorrhoeas
gonorrhoeic
gons
gonys
gonyses
gonzo
goo
goober
goobers
good
goodfaced
goodfellow
goodfellows
goodfellowship
goodfellowships
goodier
goodies
goodiest
goodiness
goodinesses
goodish
goodlier
goodliest
goodlihead
goodliheads
goodliness
goodlinesses
goodly
goodlyhead
goodlyheads
goodman
goodmen
goodness
goodnesses
goodnight
goodnights
goods
goodsire
goodsires
goodtime
goodwife
goodwill
goodwills
goodwives
goody
goodyear
goodyears
gooey
goof
goofball
goofballs
goofed
goofier
goofiest
goofily
goofiness
goofinesses
goofing
goofs
goofy
google
googled
googles
googlies
googling
googly
googol
googolplex
googolplexes
googols
gooier
gooiest
gook
gooks
gool
goold
goolds
gooley
gooleys
goolie
goolies
gools
gooly
goon
goonda
goondas
gooney
gooneybird
gooneybirds
gooneys
goons
goop
goopier
goopiest
goops
goopy
goor
gooroo
gooroos
goors
goos
goosander
goosanders
goose
gooseberries
gooseberry
goosed
gooseflesh
goosefleshes
goosefoot
goosefoots
goosegob
goosegobs
goosegog
goosegogs
gooseherd
gooseherds
gooseries
goosery
gooses
goosey
gooseys
goosier
goosies
goosiest
goosing
goosy
gopak
gopaks
gopher
gophered
gophering
gophers
gopura
gopuram
gopurams
gopuras
goral
gorals
goramies
goramy
gorblimey
gorblimy
gorcock
gorcocks
gorcrow
gorcrows
gore
gored
gores
gorge
gorged
gorgeous
gorgeously
gorgeousness
gorgeousnesses
gorgerin
gorgerins
gorges
gorget
gorgets
gorgia
gorgias
gorging
gorgio
gorgios
gorgon
gorgoneia
gorgoneion
gorgonian
gorgonians
gorgonise
gorgonised
gorgonises
gorgonising
gorgonize
gorgonized
gorgonizes
gorgonizing
gorgons
gorier
goriest
gorilla
gorillas
gorillian
gorilline
gorilloid
gorily
goriness
gorinesses
goring
gorings
gorm
gormand
gormandise
gormandised
gormandiser
gormandisers
gormandises
gormandising
gormandisings
gormandism
gormandisms
gormandize
gormandized
gormandizer
gormandizers
gormandizes
gormandizing
gormandizings
gormands
gormed
gormier
gormiest
gorming
gormless
gorms
gormy
gorp
gorped
gorping
gorps
gorse
gorsedd
gorsedds
gorses
gorsier
gorsiest
gorsoon
gorsoons
gorsy
gory
gos
gosh
goshawk
goshawks
gosht
goshts
goslarite
goslarites
goslet
goslets
gosling
goslings
gospel
gospelise
gospelised
gospelises
gospelising
gospelize
gospelized
gospelizes
gospelizing
gospelled
gospeller
gospellers
gospelling
gospellise
gospellised
gospellises
gospellising
gospellize
gospellized
gospellizes
gospellizing
gospels
gospodar
gospodars
gossamer
gossamers
gossamery
gossan
gossans
gosse
gosses
gossib
gossibs
gossip
gossiped
gossiping
gossipings
gossipries
gossipry
gossips
gossipy
gossoon
gossoons
gossypine
gossypol
gossypols
got
gothic
gothicise
gothicised
gothicises
gothicising
gothicize
gothicized
gothicizes
gothicizing
gothite
gothites
gotten
gouache
gouaches
gouge
gouged
gougere
gougeres
gouges
gouging
goujeers
goujons
gouk
gouks
goulash
goulashes
goura
gourami
gouramis
gouras
gourd
gourde
gourdes
gourdier
gourdiest
gourdiness
gourdinesses
gourds
gourdy
gourmand
gourmandise
gourmandises
gourmandism
gourmandisms
gourmands
gourmet
gourmets
goustier
goustiest
goustrous
gousty
gout
goutflies
goutfly
goutier
goutiest
goutiness
goutinesses
gouts
goutweed
goutweeds
goutwort
goutworts
gouty
gouvernante
gouvernantes
gov
govern
governable
governall
governalls
governance
governances
governante
governantes
governed
governess
governessed
governesses
governessing
governessy
governing
government
governmental
governments
governor
governors
governorship
governorships
governs
govs
gowan
gowaned
gowans
gowany
gowd
gowder
gowdest
gowds
gowdspink
gowdspinks
gowf
gowfed
gowfer
gowfers
gowfing
gowfs
gowk
gowks
gowl
gowlan
gowland
gowlands
gowlans
gowled
gowling
gowls
gown
gownboy
gownboys
gowned
gowning
gownman
gownmen
gowns
gownsman
gownsmen
gowpen
gowpenful
gowpenfuls
gowpens
goy
goyim
goyisch
goyish
goys
gozzan
gozzans
graal
graals
grab
grabbed
grabber
grabbers
grabbing
grabble
grabbled
grabbler
grabblers
grabbles
grabbling
graben
grabens
grabs
grace
graced
graceful
gracefully
gracefulness
gracefulnesses
graceless
gracelessly
gracelessness
gracelessnesses
graces
gracile
gracilities
gracility
gracing
graciosities
graciosity
gracioso
graciosos
gracious
graciouses
graciously
graciousness
graciousnesses
grackle
grackles
grad
gradable
gradables
gradate
gradated
gradates
gradating
gradation
gradational
gradationally
gradationed
gradations
gradatory
graddan
graddaned
graddaning
graddans
grade
graded
gradely
grader
graders
grades
gradient
gradienter
gradienters
gradients
gradin
gradine
gradines
grading
gradins
gradiometer
gradiometers
grads
gradual
gradualism
gradualisms
gradualist
gradualistic
gradualists
gradualities
graduality
gradually
graduals
graduand
graduands
graduate
graduated
graduates
graduateship
graduateships
graduating
graduation
graduations
graduator
graduators
gradus
graduses
graff
graffed
graffing
graffiti
graffitied
graffitis
graffitist
graffitists
graffito
graffs
graft
grafted
grafter
grafters
grafting
graftings
grafts
grail
graile
grailes
grails
grain
grainage
grainages
graine
grained
grainer
grainers
graines
grainier
grainiest
graining
grainings
grains
grainy
graip
graips
graith
graithed
graithing
graithly
graiths
grakle
grakles
grallatorial
gralloch
gralloched
gralloching
grallochs
gram
grama
gramaries
gramary
gramarye
gramaryes
gramas
gramash
gramashes
grame
gramercies
gramercy
grames
gramicidin
gramicidins
graminaceous
gramineous
graminivorous
gramma
grammalogue
grammalogues
grammar
grammarian
grammarians
grammars
grammas
grammatic
grammatical
grammatically
grammaticaster
grammaticasters
grammaticise
grammaticised
grammaticises
grammaticising
grammaticism
grammaticisms
grammaticize
grammaticized
grammaticizes
grammaticizing
grammatist
grammatists
grammatologies
grammatology
gramme
grammes
gramoche
gramoches
gramophone
gramophones
gramophonic
gramophonically
gramophonies
gramophonist
gramophonists
gramophony
grampus
grampuses
grams
gran
granadilla
granadillas
granaries
granary
grand
grandad
grandaddies
grandaddy
grandads
grandam
grandams
grandchild
grandchildren
granddad
granddaddies
granddaddy
granddads
granddaughter
granddaughters
grandee
grandees
grandeeship
grandeeships
grander
grandest
grandeur
grandeurs
grandfather
grandfathered
grandfathering
grandfatherly
grandfathers
grandiloquent
grandiloquently
grandiloquous
grandiose
grandiosely
grandiosities
grandiosity
grandly
grandma
grandmama
grandmamas
grandmamma
grandmammas
grandmas
grandmaster
grandmasters
grandmother
grandmotherly
grandmothers
grandness
grandnesses
grandpa
grandpapa
grandpapas
grandparent
grandparents
grandpas
grands
grandsire
grandsires
grandson
grandsons
grandstand
grandstanded
grandstanding
grandstands
granfer
granfers
grange
granger
grangerisation
grangerisations
grangerise
grangerised
grangerises
grangerising
grangerization
grangerizations
grangerize
grangerized
grangerizes
grangerizing
grangers
granges
granita
granitas
granite
granites
graniteware
granitewares
granitic
granitification
granitifications
granitiform
granitisation
granitisations
granitise
granitised
granitises
granitising
granitite
granitites
granitization
granitizations
granitize
granitized
granitizes
granitizing
granitoid
granivore
granivores
granivorous
grannam
grannams
grannie
grannied
grannieing
grannies
granny
grannying
granodiorite
granodiorites
granola
granolas
granolithic
granolithics
granophyre
granophyres
granophyric
grans
grant
grantable
granted
grantee
grantees
granter
granters
granting
grantor
grantors
grants
granular
granularities
granularity
granularly
granulary
granulate
granulated
granulater
granulaters
granulates
granulating
granulation
granulations
granulative
granulator
granulators
granule
granules
granuliferous
granuliform
granulite
granulites
granulitic
granulitisation
granulitisations
granulitization
granulitizations
granulocyte
granulocytes
granulocytic
granuloma
granulomas
granulomata
granulomatous
granulose
granulous
grape
graped
grapefruit
grapefruits
grapeless
graperies
grapery
grapes
grapeseed
grapeseeds
grapeshot
grapeshots
grapestone
grapestones
grapetree
grapetrees
grapevine
grapevines
grapey
graph
graphed
grapheme
graphemes
graphemic
graphemics
graphic
graphicacies
graphicacy
graphical
graphically
graphicly
graphicness
graphicnesses
graphics
graphing
graphite
graphites
graphitic
graphitisation
graphitisations
graphitise
graphitised
graphitises
graphitising
graphitization
graphitizations
graphitize
graphitized
graphitizes
graphitizing
graphitoid
graphium
graphiums
graphologic
graphological
graphologies
graphologist
graphologists
graphology
graphomania
graphomanias
graphophobia
graphophobias
graphs
grapier
grapiest
graping
graple
grapled
graplement
graplements
graples
grapling
grapnel
grapnels
grappa
grappas
grapple
grappled
grapples
grappling
graptolite
graptolites
graptolitic
grapy
grasp
graspable
grasped
grasper
graspers
grasping
graspingly
graspingness
graspingnesses
graspless
grasps
grass
grassed
grasser
grassers
grasses
grasshook
grasshooks
grasshopper
grasshoppers
grassier
grassiest
grassiness
grassinesses
grassing
grassings
grassland
grasslands
grassum
grassums
grasswrack
grasswracks
grassy
graste
grat
grate
grated
grateful
gratefully
gratefulness
gratefulnesses
grater
graters
grates
graticulation
graticulations
graticule
graticules
gratification
gratifications
gratified
gratifier
gratifiers
gratifies
gratify
gratifying
gratifyingly
gratillities
gratillity
gratin
gratinate
gratinated
gratinates
gratinating
grating
gratingly
gratings
gratins
gratis
gratitude
gratitudes
grattoir
grattoirs
gratuities
gratuitous
gratuitously
gratuity
gratulant
gratulate
gratulated
gratulates
gratulating
gratulation
gratulations
gratulatory
graunch
graunched
grauncher
graunchers
graunches
graunching
graupel
graupels
gravadlax
gravadlaxes
gravamen
gravamina
grave
graved
gravel
graveless
gravelled
gravelling
gravelly
gravels
gravely
graven
graveness
gravenesses
graveolent
graver
gravers
graves
gravest
gravestone
gravestones
graveyard
graveyards
gravid
gravidities
gravidity
gravies
gravimeter
gravimeters
gravimetric
gravimetrical
gravimetries
gravimetry
graving
gravings
gravitas
gravitases
gravitate
gravitated
gravitates
gravitating
gravitation
gravitational
gravitationally
gravitations
gravitative
gravities
gravitometer
gravitometers
graviton
gravitons
gravity
gravlax
gravlaxes
gravure
gravures
gravy
gray
grayed
grayer
grayest
grayflies
grayfly
graying
grayle
grayles
grayling
graylings
grays
graywacke
graywackes
graze
grazed
grazer
grazers
grazes
grazier
graziers
grazing
grazings
grazioso
grease
greaseball
greaseballs
greaseband
greasebands
greased
greaseproof
greaser
greasers
greases
greasewood
greasewoods
greasier
greasies
greasiest
greasily
greasiness
greasinesses
greasing
greasy
great
greatcoat
greatcoats
greaten
greatened
greatening
greatens
greater
greatest
greatly
greatness
greatnesses
greats
greave
greaved
greaves
greaving
grebe
grebes
grece
greces
grecian
grecians
grecque
grecques
gree
greece
greeces
greed
greedier
greediest
greedily
greediness
greedinesses
greeds
greedy
greegree
greegrees
greeing
greeking
greekings
green
greenback
greenbacks
greenbottle
greenbottles
greencloth
greencloths
greened
greener
greeneries
greeners
greenery
greenest
greenfield
greenfinch
greenfinches
greenflies
greenfly
greengage
greengages
greengrocer
greengroceries
greengrocers
greengrocery
greenhand
greenhands
greenheart
greenhearts
greenhorn
greenhorns
greenhouse
greenhouses
greenie
greenier
greenies
greeniest
greening
greenings
greenish
greenishness
greenishnesses
greenlet
greenlets
greenly
greenmail
greenmails
greenness
greennesses
greenockite
greenockites
greenroom
greenrooms
greens
greensand
greensands
greenshank
greenshanks
greenspeak
greenspeaks
greenstone
greenstones
greenstuff
greenstuffs
greensward
greenswards
greenth
greenths
greenwash
greenwashed
greenwashes
greenwashing
greenweed
greenweeds
greenwood
greenwoods
greeny
grees
greese
greeses
greesing
greesings
greet
greete
greeted
greeter
greeters
greetes
greeting
greetings
greets
greffier
greffiers
gregale
gregales
gregarian
gregarianism
gregarianisms
gregarine
gregarines
gregarious
gregariously
gregariousness
gregariousnesses
grege
grego
gregos
greige
grein
greined
greining
greins
greisen
greisenisation
greisenisations
greisenise
greisenised
greisenises
greisenising
greisenization
greisenizations
greisenize
greisenized
greisenizes
greisenizing
greisens
greisly
gremial
gremials
gremlin
gremlins
gremolata
gremolatas
gren
grenade
grenades
grenadier
grenadiers
grenadilla
grenadillas
grenadine
grenadines
grenned
grenning
grens
grese
greses
gressing
gressings
gressorial
gressorious
greve
greves
grew
grewed
grewhound
grewhounds
grewing
grews
grey
greybeard
greybeards
greyed
greyer
greyest
greyhen
greyhens
greyhound
greyhounds
greying
greyings
greyish
greyly
greyness
greynesses
greys
greystone
greystones
greywacke
greywackes
gribble
gribbles
grice
gricer
gricers
grices
gricing
gricings
grid
gridder
gridders
griddle
griddles
gride
grided
gridelin
gridelins
grides
griding
gridiron
gridironed
gridironing
gridirons
gridlock
gridlocked
gridlocks
grids
griece
grieced
grieces
grief
griefful
griefless
griefs
griesie
griesly
griesy
grievance
grievances
grieve
grieved
griever
grievers
grieves
grieving
grievingly
grievous
grievously
grievousness
grievousnesses
griff
griffe
griffes
griffin
griffinish
griffinism
griffinisms
griffins
griffon
griffons
griffs
grift
grifted
grifter
grifters
grifting
grifts
grig
grigged
grigging
grigri
grigris
grigs
grike
grikes
grill
grillade
grillades
grillage
grillages
grille
grilled
grilles
grilling
grillings
grills
grillsteak
grillsteaks
grillwork
grillworks
grilse
grilses
grim
grimace
grimaced
grimaces
grimacing
grimalkin
grimalkins
grime
grimed
grimes
grimier
grimiest
grimily
griminess
griminesses
griming
grimlooked
grimly
grimmer
grimmest
grimness
grimnesses
grimoire
grimoires
grimy
grin
grind
grinded
grinder
grinderies
grinders
grindery
grinding
grindingly
grindings
grinds
grindstone
grindstones
gringo
gringos
grinned
grinner
grinners
grinning
grins
griot
griots
grip
gripe
griped
griper
gripers
gripes
griping
gripingly
griple
griples
grippe
gripped
gripper
grippers
grippes
grippier
grippiest
gripping
gripple
gripples
grippy
grips
gripsack
gripsacks
griptape
griptapes
gris
grisaille
grisailles
grise
grised
grisely
griseofulvin
griseofulvins
griseous
grises
grisette
grisettes
grisgris
grising
griskin
griskins
grisled
grislier
grisliest
grisliness
grislinesses
grisly
grison
grisons
grist
gristle
gristles
gristlier
gristliest
gristliness
gristlinesses
gristly
grists
grisy
grit
grith
griths
grits
gritstone
gritstones
gritted
gritter
gritters
grittest
grittier
grittiest
grittiness
grittinesses
gritting
gritty
grivet
grivets
grize
grizes
grizzle
grizzled
grizzler
grizzlers
grizzles
grizzlier
grizzlies
grizzliest
grizzling
grizzly
groan
groaned
groaner
groaners
groanful
groaning
groanings
groans
groat
groats
groatsworth
groatsworths
grocer
groceries
grocers
grocery
groceteria
groceterias
grockle
grockles
grodier
grodiest
grody
grog
grogged
groggeries
groggery
groggier
groggiest
grogginess
grogginesses
grogging
groggy
grogram
grograms
grogs
groin
groined
groining
groinings
groins
groma
gromas
gromet
gromets
grommet
grommets
gromwell
gromwells
grone
groned
gronefull
grones
groning
groof
groofs
groolier
grooliest
grooly
groom
groomed
grooming
grooms
groomsman
groomsmen
groove
grooved
groover
groovers
grooves
groovier
grooviest
grooving
groovy
grope
groped
groper
gropers
gropes
groping
gropingly
grosbeak
grosbeaks
groschen
groschens
groser
grosers
grosert
groserts
groset
grosets
grosgrain
grosgrains
gross
grossart
grossarts
grossed
grosser
grosses
grossest
grossing
grossly
grossness
grossnesses
grossular
grossularite
grossularites
grossulars
grot
grotesque
grotesquely
grotesqueness
grotesquenesses
grotesquer
grotesquerie
grotesqueries
grotesquery
grotesques
grotesquest
grots
grottier
grottiest
grotto
grottoes
grottos
grotty
grouch
grouched
grouches
grouchier
grouchiest
grouchily
grouchiness
grouchinesses
grouching
grouchy
grouf
groufs
grough
groughs
ground
groundage
groundages
groundbait
groundbaits
groundbreaking
groundbreakings
groundburst
groundbursts
grounded
groundedly
grounden
grounder
grounders
groundhog
groundhogs
grounding
groundings
groundless
groundlessly
groundlessness
groundlessnesses
groundling
groundlings
groundman
groundmass
groundmasses
groundmen
groundnut
groundnuts
groundplot
groundplots
groundprox
groundproxes
grounds
groundsel
groundsell
groundsells
groundsels
groundsheet
groundsheets
groundsill
groundsills
groundsman
groundsmen
groundspeed
groundspeeds
groundswell
groundswells
groundwork
groundworks
group
groupable
groupage
groupages
grouped
grouper
groupers
groupie
groupies
grouping
groupings
groupist
groupists
grouplet
grouplets
groups
groupuscule
groupuscules
groupware
groupwares
groupy
grouse
groused
grouser
grousers
grouses
grousest
grousing
grout
grouted
grouter
grouters
groutier
groutiest
grouting
groutings
grouts
grouty
grove
grovel
groveled
groveler
grovelers
groveling
grovelled
groveller
grovellers
grovelling
grovels
groves
grovet
grovets
grow
growable
grower
growers
growing
growings
growl
growled
growler
growleries
growlers
growlery
growlier
growliest
growling
growlingly
growlings
growls
growly
grown
grows
growth
growthist
growthists
growths
groyne
groynes
grub
grubbed
grubber
grubbers
grubbier
grubbiest
grubbing
grubble
grubbled
grubbles
grubbling
grubby
grubs
grubstake
grubstaked
grubstakes
grubstaking
grudge
grudged
grudgeful
grudges
grudging
grudgingly
grudgings
grue
grued
grueing
gruel
grueling
gruelings
gruelled
gruelling
gruellings
gruels
grues
gruesome
gruesomely
gruesomeness
gruesomenesses
gruesomer
gruesomest
grufe
grufes
gruff
gruffer
gruffest
gruffish
gruffly
gruffness
gruffnesses
grufted
gruing
grum
grumble
grumbled
grumbler
grumblers
grumbles
grumblier
grumbliest
grumbling
grumblingly
grumblings
grumbly
grume
grumes
grumly
grummer
grummest
grummet
grummets
grumness
grumnesses
grumose
grumous
grump
grumped
grumph
grumphed
grumphie
grumphies
grumphing
grumphs
grumpier
grumpiest
grumpily
grumpiness
grumpinesses
grumping
grumps
grumpy
grunge
grunges
grungier
grungiest
grungy
grunion
grunions
grunt
grunted
grunter
grunters
grunting
gruntingly
gruntings
gruntle
gruntled
gruntles
gruntling
grunts
gruppetti
gruppetto
grutch
grutched
grutches
grutching
grutten
gryce
gryces
gryde
gryded
grydes
gryding
gryesly
gryesy
gryfon
gryfons
gryke
grykes
grype
grypes
gryphon
gryphons
grypt
grysbok
grysboks
grysely
grysie
gu
guacamole
guacamoles
guacharo
guacharos
guaco
guacos
guaiacum
guaiacums
guan
guana
guanaco
guanacos
guanas
guanazolo
guanazolos
guango
guangos
guaniferous
guanine
guanines
guano
guanos
guans
guar
guarana
guaranas
guarani
guaranies
guaranis
guarantee
guaranteed
guaranteeing
guarantees
guarantied
guaranties
guarantor
guarantors
guaranty
guarantying
guard
guardable
guardage
guardages
guardant
guardants
guarded
guardedly
guardedness
guardednesses
guardee
guardees
guardhouse
guardhouses
guardian
guardians
guardianship
guardianships
guarding
guardless
guardrail
guardrails
guardroom
guardrooms
guards
guardship
guardships
guardsman
guardsmen
guarish
guarished
guarishes
guarishing
guars
guava
guavas
guayule
guayules
gub
gubbah
gubbahs
gubbins
gubbinses
gubernacula
gubernacular
gubernaculum
gubernation
gubernations
gubernator
gubernatorial
gubernators
gubs
guck
guckier
guckiest
gucks
gucky
guddle
guddled
guddles
guddling
gude
gudeman
gudemen
gudes
gudesire
gudesires
gudewife
gudewives
gudgeon
gudgeoned
gudgeoning
gudgeons
gue
guenon
guenons
guerdon
guerdoned
guerdoning
guerdons
guereza
guerezas
gueridon
gueridons
guerilla
guerillas
guerite
guerites
guernsey
guernseys
guerrilla
guerrillas
guerrillero
guerrilleros
gues
guess
guessable
guessed
guesser
guessers
guesses
guessing
guessingly
guessings
guesstimate
guesstimated
guesstimates
guesstimating
guesswork
guessworks
guest
guested
guesten
guestened
guestening
guestens
guesting
guests
guestwise
guff
guffaw
guffawed
guffawing
guffaws
guffie
guffies
guffs
guga
gugas
guggle
guggled
guggles
guggling
guichet
guichets
guid
guidable
guidage
guidages
guidance
guidances
guide
guidebook
guidebooks
guided
guideless
guideline
guidelines
guidepost
guideposts
guider
guiders
guides
guideship
guideships
guiding
guidings
guidon
guidons
guids
guild
guilder
guilders
guildhall
guildhalls
guildries
guildry
guilds
guildsman
guildsmen
guildswoman
guildswomen
guile
guiled
guileful
guilefully
guilefulness
guilefulnesses
guileless
guilelessly
guilelessness
guilelessnesses
guiler
guilers
guiles
guiling
guillemot
guillemots
guilloche
guilloched
guilloches
guilloching
guillotine
guillotined
guillotines
guillotining
guilt
guiltier
guiltiest
guiltily
guiltiness
guiltinesses
guiltless
guiltlessly
guiltlessness
guiltlessnesses
guilts
guilty
guimbard
guimbards
guimp
guimped
guimping
guimps
guinea
guineas
guipure
guipures
guiro
guiros
guisard
guisards
guise
guised
guiser
guisers
guises
guising
guisings
guitar
guitarist
guitarists
guitars
guizer
guizers
gula
gulag
gulags
gular
gulas
gulch
gulched
gulches
gulching
gulden
guldens
gule
gules
gulf
gulfed
gulfier
gulfiest
gulfing
gulfs
gulfweed
gulfweeds
gulfy
gull
gullable
gulled
guller
gulleries
gullers
gullery
gullet
gullets
gulley
gulleyed
gulleying
gulleys
gullibilities
gullibility
gullible
gullied
gullies
gulling
gullish
gulls
gully
gullying
gulosities
gulosity
gulp
gulped
gulper
gulpers
gulph
gulphed
gulphing
gulphs
gulping
gulps
guly
gum
gumbo
gumboil
gumboils
gumboot
gumboots
gumbos
gumdrop
gumdrops
gumma
gummata
gummatous
gummed
gummier
gummiest
gummiferous
gumminess
gumminesses
gumming
gummings
gummite
gummites
gummoses
gummosis
gummosities
gummosity
gummous
gummy
gumnut
gumnuts
gump
gumped
gumphion
gumphions
gumping
gumps
gumption
gumptions
gumptious
gums
gumshield
gumshields
gumshoe
gumshoed
gumshoeing
gumshoes
gun
gunboat
gunboats
guncotton
guncottons
gundies
gundy
gunfight
gunfighter
gunfighters
gunfighting
gunfights
gunfire
gunfires
gunflint
gunflints
gunfought
gunge
gunges
gungier
gungiest
gungy
gunhouse
gunhouses
gunite
gunites
gunk
gunks
gunlayer
gunlayers
gunless
gunlock
gunlocks
gunmaker
gunmakers
gunman
gunmen
gunmetal
gunmetals
gunnage
gunnages
gunned
gunnel
gunnels
gunner
gunnera
gunneras
gunneries
gunners
gunnery
gunnies
gunning
gunnings
gunny
gunplay
gunplays
gunpoint
gunpoints
gunport
gunports
gunpowder
gunpowders
gunroom
gunrooms
gunrunner
gunrunners
gunrunning
gunrunnings
guns
gunsel
gunsels
gunship
gunships
gunshot
gunshots
gunslinger
gunslingers
gunsmith
gunsmiths
gunstick
gunsticks
gunstock
gunstocks
gunstone
gunstones
gunter
gunters
gunwale
gunwales
gunyah
gunyahs
gup
guppies
guppy
gups
gur
gurami
guramis
gurdwara
gurdwaras
gurge
gurges
gurgitation
gurgitations
gurgle
gurgled
gurgles
gurgling
gurgoyle
gurgoyles
gurjun
gurjuns
gurl
gurled
gurlet
gurlets
gurlier
gurliest
gurling
gurls
gurly
gurn
gurnard
gurnards
gurned
gurnet
gurnets
gurney
gurneys
gurning
gurns
gurrah
gurrahs
gurries
gurry
gurs
guru
gurudom
gurudoms
guruism
guruisms
gurus
guruship
guruships
gus
gush
gushed
gusher
gushers
gushes
gushier
gushiest
gushing
gushingly
gushy
gusla
guslar
guslars
guslas
gusle
gusles
gusli
guslis
gusset
gusseted
gusseting
gussets
gussie
gussies
gust
gustable
gustables
gustation
gustations
gustative
gustatory
gusted
gustful
gustie
gustier
gustiest
gustiness
gustinesses
gusting
gusto
gustos
gusts
gusty
gut
gutbucket
gutbuckets
gutcher
gutchers
gutful
gutfuls
gutless
gutrot
gutrots
guts
gutsed
gutser
gutsers
gutses
gutsful
gutsfuls
gutsier
gutsiest
gutsiness
gutsinesses
gutsing
gutsy
gutta
guttae
guttas
guttate
guttated
guttates
guttating
guttation
guttations
gutted
gutter
gutterblood
gutterbloods
guttered
guttering
gutterings
gutters
guttersnipe
guttersnipes
guttier
gutties
guttiest
guttiferous
gutting
guttle
guttled
guttles
guttling
guttural
gutturalise
gutturalised
gutturalises
gutturalising
gutturalize
gutturalized
gutturalizes
gutturalizing
gutturally
gutturals
gutty
gutzer
gutzers
guv
guvs
guy
guyed
guying
guyle
guyled
guyler
guylers
guyles
guyling
guyot
guyots
guys
guyse
guyses
guzzle
guzzled
guzzler
guzzlers
guzzles
guzzling
gwiniad
gwiniads
gwyniad
gwyniads
gyal
gyals
gybe
gybed
gybes
gybing
gyeld
gyelds
gylden
gym
gymbal
gymbals
gymkhana
gymkhanas
gymmal
gymmals
gymnasia
gymnasial
gymnasiarch
gymnasiarchs
gymnasiast
gymnasiasts
gymnasic
gymnasien
gymnasium
gymnasiums
gymnast
gymnastic
gymnastical
gymnastically
gymnastics
gymnasts
gymnic
gymnorhinal
gymnosoph
gymnosophies
gymnosophist
gymnosophists
gymnosophs
gymnosophy
gymnosperm
gymnospermous
gymnosperms
gymp
gymped
gymping
gymps
gyms
gynae
gynaecea
gynaeceum
gynaecia
gynaecium
gynaecocracies
gynaecocracy
gynaecocratic
gynaecoid
gynaecologic
gynaecological
gynaecologies
gynaecologist
gynaecologists
gynaecology
gynaecomast
gynaecomastia
gynaecomastias
gynaecomasties
gynaecomasts
gynaecomasty
gynaes
gynandries
gynandrism
gynandrisms
gynandromorph
gynandromorphic
gynandromorphies
gynandromorphism
gynandromorphisms
gynandromorphous
gynandromorphs
gynandromorphy
gynandrous
gynandry
gynecia
gynecium
gynie
gynies
gyniolatries
gyniolatry
gynney
gynneys
gynnies
gynny
gynocracies
gynocracy
gynocratic
gynodioecious
gynodioecism
gynodioecisms
gynoecia
gynoecium
gynomonoecious
gynomonoecism
gynomonoecisms
gynophobia
gynophobias
gynophobic
gynophobics
gynophore
gynophores
gynostemium
gynostemiums
gyny
gyp
gypped
gyppie
gyppies
gypping
gyppo
gyppos
gyppy
gyps
gypseous
gypsied
gypsies
gypsiferous
gypsophila
gypsophilas
gypsum
gypsums
gypsy
gypsydom
gypsydoms
gypsying
gypsyism
gypsyisms
gypsywort
gypsyworts
gyral
gyrally
gyrant
gyrate
gyrated
gyrates
gyrating
gyration
gyrational
gyrations
gyratory
gyre
gyred
gyres
gyrfalcon
gyrfalcons
gyri
gyring
gyro
gyrocar
gyrocars
gyrocompass
gyrocompasses
gyrocopter
gyrocopters
gyrodyne
gyrodynes
gyroidal
gyrolite
gyrolites
gyromagnetic
gyromagnetism
gyromagnetisms
gyromancies
gyromancy
gyron
gyronic
gyronny
gyrons
gyroplane
gyroplanes
gyros
gyroscope
gyroscopes
gyroscopic
gyrose
gyrostabilisation
gyrostabilisations
gyrostabiliser
gyrostabilisers
gyrostabilization
gyrostabilizations
gyrostabilizer
gyrostabilizers
gyrostat
gyrostatic
gyrostatics
gyrostats
gyrous
gyrovague
gyrovagues
gyrus
gyruses
gyte
gytes
gytrash
gytrashes
gyve
gyved
gyves
gyving
