jab
jabbed
jabber
jabbered
jabberer
jabberers
jabbering
jabberingly
jabberings
jabbers
jabberwock
jabberwockies
jabberwocks
jabberwocky
jabbing
jabble
jabbled
jabbles
jabbling
jabers
jabiru
jabirus
jaborandi
jaborandis
jabot
jabots
jabs
jacamar
jacamars
jacana
jacanas
jacaranda
jacarandas
jacchus
jacchuses
jacent
jacinth
jacinths
jack
jackal
jackalled
jackalling
jackals
jackanapes
jackanapeses
jackaroo
jackarooed
jackarooing
jackaroos
jackass
jackasses
jackboot
jackbooted
jackbooting
jackboots
jackdaw
jackdaws
jacked
jackeen
jackeens
jackeroo
jackerooed
jackerooing
jackeroos
jacket
jacketed
jacketing
jackets
jackhammer
jackhammers
jacking
jackknife
jackknifed
jackknifes
jackknifing
jackknives
jackman
jackmen
jackpot
jackpots
jacks
jackshaft
jackshafts
jacksie
jacksies
jacksmith
jacksmiths
jacksy
jacobin
jacobins
jacobus
jacobuses
jaconet
jaconets
jacquard
jacquards
jactation
jactations
jactitation
jactitations
jaculate
jaculated
jaculates
jaculating
jaculation
jaculations
jaculator
jaculators
jaculatory
jacuzzi
jacuzzis
jade
jaded
jadedly
jadeite
jadeites
jaderies
jadery
jades
jading
jadish
jaeger
jaegers
jag
jager
jagers
jagged
jaggeder
jaggedest
jaggedly
jaggedness
jaggednesses
jagger
jaggeries
jaggers
jaggery
jaggier
jaggiest
jagging
jaggy
jaghir
jaghirdar
jaghirdars
jaghire
jaghires
jaghirs
jagir
jagirs
jags
jaguar
jaguarondi
jaguarondis
jaguars
jaguarundi
jaguarundis
jail
jailed
jailer
jaileress
jaileresses
jailers
jailhouse
jailhouses
jailing
jailor
jailoress
jailoresses
jailors
jails
jak
jake
jakes
jakeses
jaks
jalap
jalapeno
jalapenos
jalapic
jalapin
jalapins
jalaps
jalopies
jaloppies
jaloppy
jalopy
jalouse
jaloused
jalouses
jalousie
jalousied
jalousies
jalousing
jam
jamadar
jamadars
jamahiriya
jamahiriyas
jamb
jambalaya
jambalayas
jambe
jambeau
jambeaux
jambee
jambees
jamber
jambers
jambes
jambeux
jambier
jambiers
jambiya
jambiyah
jambiyahs
jambiyas
jambo
jambok
jambokked
jambokking
jamboks
jambolan
jambolana
jambolanas
jambolans
jambone
jambones
jambool
jambools
jamboree
jamborees
jambos
jambs
jambu
jambul
jambuls
jambus
jamdani
jamdanis
james
jameses
jamjar
jamjars
jammed
jammer
jammers
jammier
jammiest
jamming
jammy
jampan
jampanee
jampanees
jampani
jampanis
jampans
jampot
jampots
jams
jandal
jandals
jane
janes
jangle
jangled
jangler
janglers
jangles
janglier
jangliest
jangling
janglings
jangly
janissaries
janissary
janitor
janitorial
janitors
janitorship
janitorships
janitress
janitresses
janitrix
janitrixes
janizar
janizarian
janizaries
janizars
janizary
janker
jankers
jann
jannock
jannocks
janns
jansky
janskys
jantee
jantier
janties
jantiest
janty
jap
japan
japanned
japanner
japanners
japanning
japans
jape
japed
japer
japers
japes
japing
japings
japonica
japonicas
japped
japping
japs
jar
jararaca
jararacas
jararaka
jararakas
jardiniere
jardinieres
jarful
jarfuls
jargon
jargoned
jargoneer
jargoneers
jargonelle
jargonelles
jargoning
jargonisation
jargonisations
jargonise
jargonised
jargonises
jargonising
jargonist
jargonists
jargonization
jargonizations
jargonize
jargonized
jargonizes
jargonizing
jargons
jargoon
jargoons
jark
jarkman
jarkmen
jarks
jarl
jarls
jarool
jarools
jarosite
jarosites
jarrah
jarrahs
jarred
jarring
jarringly
jarrings
jars
jarta
jartas
jarul
jaruls
jarvey
jarveys
jarvie
jarvies
jasey
jaseys
jasies
jasmine
jasmines
jasp
jaspe
jasper
jasperise
jasperised
jasperises
jasperising
jasperize
jasperized
jasperizes
jasperizing
jasperous
jaspers
jasperware
jasperwares
jaspery
jaspes
jaspidean
jaspideous
jaspis
jaspises
jasps
jass
jasses
jasy
jataka
jatakas
jato
jatos
jaunce
jaunced
jaunces
jauncing
jaundice
jaundiced
jaundices
jaundicing
jaunse
jaunsed
jaunses
jaunsing
jaunt
jaunted
jauntee
jauntie
jauntier
jaunties
jauntiest
jauntily
jauntiness
jauntinesses
jaunting
jaunts
jaunty
jaup
jauped
jauping
jaups
javel
javelin
javelins
javels
jaw
jawan
jawans
jawari
jawaris
jawbation
jawbations
jawbone
jawboned
jawbones
jawboning
jawbonings
jawbox
jawboxes
jawbreaking
jawbreakingly
jawbreakings
jawdroppingly
jawed
jawfall
jawfalls
jawhole
jawholes
jawing
jawings
jaws
jay
jays
jaywalk
jaywalked
jaywalker
jaywalkers
jaywalking
jaywalkings
jaywalks
jazerant
jazerants
jazies
jazy
jazz
jazzed
jazzer
jazzers
jazzes
jazzier
jazziest
jazzily
jazziness
jazzinesses
jazzing
jazzman
jazzmen
jazzy
jealous
jealouse
jealoused
jealouses
jealoushood
jealoushoods
jealousies
jealousing
jealously
jealousness
jealousnesses
jealousy
jean
jeanette
jeanettes
jeans
jeat
jeats
jebel
jebels
jee
jeed
jeeing
jeel
jeeled
jeelie
jeelied
jeelieing
jeelies
jeeling
jeels
jeely
jeelying
jeepers
jeepney
jeepneys
jeer
jeered
jeerer
jeerers
jeering
jeeringly
jeerings
jeers
jees
jeff
jeffed
jeffing
jeffs
jehad
jehads
jeistiecor
jeistiecors
jejuna
jejune
jejunely
jejuneness
jejunenesses
jejunities
jejunity
jejunum
jelab
jelabs
jell
jellaba
jellabas
jelled
jellied
jellies
jellified
jellifies
jelliform
jellify
jellifying
jelling
jello
jellos
jells
jelly
jellybean
jellybeans
jellyfish
jellyfishes
jellygraph
jellygraphed
jellygraphing
jellygraphs
jellying
jelutong
jelutongs
jemadar
jemadars
jemidar
jemidars
jemima
jemimas
jemmied
jemmier
jemmies
jemmiest
jemminess
jemminesses
jemmy
jemmying
jennet
jenneting
jennetings
jennets
jennies
jenny
jeofail
jeofails
jeopard
jeoparded
jeoparder
jeoparders
jeopardied
jeopardies
jeoparding
jeopardise
jeopardised
jeopardises
jeopardising
jeopardize
jeopardized
jeopardizes
jeopardizing
jeopardous
jeopardously
jeopards
jeopardy
jeopardying
jequirities
jequirity
jerbil
jerbils
jerboa
jerboas
jereed
jereeds
jeremiad
jeremiads
jerfalcon
jerfalcons
jerid
jerids
jerk
jerked
jerker
jerkers
jerkier
jerkies
jerkiest
jerkin
jerkiness
jerkinesses
jerking
jerkings
jerkinhead
jerkinheads
jerkins
jerks
jerkwater
jerkwaters
jerky
jeroboam
jeroboams
jerque
jerqued
jerquer
jerquers
jerques
jerquing
jerquings
jerrican
jerricans
jerries
jerry
jerrycan
jerrycans
jerrymander
jerrymandered
jerrymandering
jerrymanders
jersey
jerseys
jess
jessamies
jessamine
jessamines
jessamy
jessant
jessed
jesserant
jesserants
jesses
jessie
jessies
jest
jestbook
jestbooks
jested
jestee
jestees
jester
jesters
jestful
jesting
jestingly
jestings
jests
jesus
jet
jete
jetes
jetfoil
jetfoils
jetliner
jetliners
jeton
jetons
jetplane
jetplanes
jets
jetsam
jetsams
jetsom
jetsoms
jetson
jetsons
jetstream
jetstreams
jettatura
jettaturas
jetted
jettied
jettier
jetties
jettiest
jettiness
jettinesses
jetting
jettison
jettisoned
jettisoning
jettisons
jetton
jettons
jetty
jettying
jew
jewed
jewel
jewelfish
jewelfishes
jewelled
jeweller
jewelleries
jewellers
jewellery
jewelling
jewelries
jewelry
jewels
jewfish
jewfishes
jewing
jews
jezail
jezails
jhala
jhalas
jiao
jiaos
jib
jibbah
jibbahs
jibbed
jibber
jibbered
jibbering
jibbers
jibbing
jibbings
jibe
jibed
jiber
jibers
jibes
jibing
jibs
jickajog
jickajogged
jickajogging
jickajogs
jiff
jiffies
jiffs
jiffy
jig
jigajig
jigajigged
jigajigging
jigajigs
jigajog
jigajogged
jigajogging
jigajogs
jigamaree
jigamarees
jigged
jigger
jiggered
jiggering
jiggers
jigging
jiggings
jiggish
jiggle
jiggled
jiggles
jigglier
jiggliest
jiggling
jiggly
jiggumbob
jiggumbobs
jigjig
jigjigged
jigjigging
jigjigs
jigot
jigots
jigs
jigsaw
jigsawed
jigsawing
jigsaws
jihad
jihads
jilgie
jilgies
jill
jillaroo
jillaroos
jillet
jillets
jillflirt
jillflirts
jillion
jillions
jills
jilt
jilted
jilting
jilts
jimcrack
jimcracks
jiminy
jimjam
jimjams
jimmied
jimmies
jimmy
jimmying
jimp
jimper
jimpest
jimpier
jimpiest
jimply
jimpness
jimpnesses
jimpy
jingal
jingals
jingbang
jingbangs
jingle
jingled
jingler
jinglers
jingles
jinglet
jinglets
jinglier
jingliest
jingling
jingly
jingo
jingoes
jingoish
jingoism
jingoisms
jingoist
jingoistic
jingoistically
jingoists
jinjili
jinjilis
jink
jinked
jinker
jinkers
jinking
jinks
jinn
jinnee
jinni
jinns
jinricksha
jinrickshas
jinrickshaw
jinrickshaws
jinrikisha
jinrikishas
jinx
jinxed
jinxes
jinxing
jipyapa
jipyapas
jirble
jirbled
jirbles
jirbling
jird
jirds
jirga
jirgas
jirkinet
jirkinets
jism
jisms
jissom
jissoms
jitney
jitneys
jitter
jitterbug
jitterbugged
jitterbugging
jitterbugs
jittered
jitterier
jitteriest
jittering
jitters
jittery
jive
jived
jiver
jivers
jives
jiving
jiz
jizz
jizzes
jnana
jnanas
jo
joanna
joannas
joannes
joanneses
job
jobation
jobations
jobbed
jobber
jobberies
jobbers
jobbery
jobbie
jobbies
jobbing
jobbings
jobcentre
jobcentres
jobe
jobed
jobernowl
jobernowls
jobes
jobing
jobless
joblessness
joblessnesses
jobs
jobshare
jobshares
jobsworth
jobsworths
jock
jockette
jockettes
jockey
jockeyed
jockeying
jockeyism
jockeyisms
jockeys
jockeyship
jockeyships
jockney
jockneys
jocko
jockos
jocks
jockstrap
jockstraps
jockteleg
jocktelegs
joco
jocose
jocosely
jocoseness
jocosenesses
jocoserious
jocosities
jocosity
jocular
jocularities
jocularity
jocularly
joculator
joculators
jocund
jocundities
jocundity
jocundly
jocundness
jocundnesses
jodel
jodelled
jodelling
jodels
jodhpurs
joe
joes
joey
joeys
jog
jogged
jogger
joggers
jogging
joggings
joggle
joggled
joggles
joggling
jogpants
jogs
jogtrot
jogtrots
johannes
johanneses
john
johnnie
johnnies
johnny
johns
join
joinder
joinders
joined
joiner
joineries
joiners
joinery
joining
joinings
joins
joint
jointed
jointer
jointers
jointing
jointless
jointly
jointness
jointnesses
jointress
jointresses
joints
jointure
jointured
jointures
jointuress
jointuresses
jointuring
jointworm
jointworms
joist
joisted
joisting
joists
jojoba
jojobas
joke
joked
joker
jokers
jokes
jokesmith
jokesmiths
jokesome
jokey
jokier
jokiest
joking
jokingly
jokol
joky
jole
joled
joles
joling
joll
jolled
jolley
jolleyer
jolleyers
jolleying
jolleyings
jolleys
jollied
jollier
jollies
jolliest
jollification
jollifications
jollified
jollifies
jollify
jollifying
jollily
jolliment
jolliments
jolliness
jollinesses
jolling
jollities
jollity
jolls
jolly
jollyboat
jollyboats
jollyer
jollyers
jollyhead
jollyheads
jollying
jollyings
jolt
jolted
jolter
jolterhead
jolterheads
jolters
jolthead
joltheads
joltier
joltiest
jolting
joltingly
jolts
jolty
jomo
jomos
joncanoe
joncanoes
jongleur
jongleurs
jonquil
jonquils
jonties
jonty
jook
jooked
jookeries
jookery
jooking
jooks
jor
joram
jorams
jordan
jordans
jordeloo
jordeloos
jors
jorum
jorums
joseph
josephinite
josephinites
josephs
josh
joshed
josher
joshers
joshes
joshing
joskin
joskins
joss
josser
jossers
josses
jostle
jostled
jostlement
jostlements
jostles
jostling
jostlings
jot
jota
jotas
jots
jotted
jotter
jotters
jotting
jottings
jotun
jotunn
jotunns
jotuns
joual
jouals
jougs
jouisance
jouisances
jouk
jouked
joukeries
joukery
jouking
jouks
joule
jouled
joules
jouling
jounce
jounced
jounces
jouncing
journal
journalese
journaleses
journalise
journalised
journalises
journalising
journalism
journalisms
journalist
journalistic
journalistically
journalists
journalize
journalized
journalizes
journalizing
journalled
journalling
journals
journey
journeyed
journeyer
journeyers
journeying
journeyman
journeymen
journeys
journo
journos
joust
jousted
jouster
jousters
jousting
jousts
jouysaunce
jouysaunces
jovial
jovialities
joviality
jovially
jovialness
jovialnesses
jovysaunce
jovysaunces
jow
jowar
jowari
jowaris
jowars
jowed
jowing
jowl
jowled
jowler
jowlers
jowlier
jowliest
jowling
jowls
jowly
jows
joy
joyance
joyances
joyed
joyful
joyfuller
joyfullest
joyfully
joyfulness
joyfulnesses
joying
joyless
joylessly
joylessness
joylessnesses
joyous
joyously
joyousness
joyousnesses
joys
juba
jubas
jubate
jubbah
jubbahs
jube
jubes
jubilance
jubilances
jubilancies
jubilancy
jubilant
jubilantly
jubilate
jubilated
jubilates
jubilating
jubilation
jubilations
jubilee
jubilees
jud
judas
judases
judder
juddered
juddering
judders
judge
judged
judgement
judgemental
judgements
judges
judgeship
judgeships
judging
judgment
judgmental
judgments
judicable
judication
judications
judicative
judicator
judicatories
judicators
judicatory
judicature
judicatures
judicial
judicially
judiciaries
judiciary
judicious
judiciously
judiciousness
judiciousnesses
judies
judo
judogi
judogis
judoist
judoists
judoka
judokas
judos
juds
judy
jug
juga
jugal
jugals
jugate
jugful
jugfuls
jugged
juggernaut
juggernauts
jugging
juggings
juggins
jugginses
juggle
juggled
juggler
juggleries
jugglers
jugglery
juggles
juggling
jugglingly
jugglings
jughead
jugheads
juglandaceous
juglet
juglets
jugs
jugular
jugulars
jugulate
jugulated
jugulates
jugulating
jugum
juice
juiced
juiceless
juicer
juicers
juices
juicier
juiciest
juiciness
juicinesses
juicing
juicy
juju
jujube
jujubes
jujus
juke
juked
jukes
juking
jukskei
jukskeis
julep
juleps
julienne
julienned
juliennes
julienning
jumar
jumarred
jumarring
jumars
jumart
jumarts
jumbal
jumbals
jumbie
jumbies
jumble
jumbled
jumbler
jumblers
jumbles
jumblier
jumbliest
jumbling
jumblingly
jumbly
jumbo
jumboise
jumboised
jumboises
jumboising
jumboize
jumboized
jumboizes
jumboizing
jumbos
jumbuck
jumbucks
jumby
jumelle
jumelles
jumhouriya
jumhouriyas
jump
jumpable
jumped
jumper
jumpers
jumpier
jumpiest
jumpily
jumpiness
jumpinesses
jumping
jumps
jumpy
juncaceous
juncate
juncates
junco
juncoes
juncos
junction
junctions
juncture
junctures
juncus
juncuses
juneating
juneatings
jungle
jungles
jungli
junglier
jungliest
junglis
junglist
junglists
jungly
junior
juniorities
juniority
juniors
juniper
junipers
junk
junkanoo
junkanoos
junked
junker
junkers
junket
junketed
junketeer
junketeers
junketing
junketings
junkets
junkie
junkier
junkies
junkiest
junkiness
junkinesses
junking
junkman
junkmen
junks
junky
junta
juntas
junto
juntos
jupati
jupatis
jupon
jupons
jural
jurally
jurant
jurants
jurat
juratory
jurats
juridic
juridical
juridically
juries
jurisconsult
jurisconsults
jurisdiction
jurisdictional
jurisdictions
jurisdictive
jurisprudence
jurisprudences
jurisprudent
jurisprudential
jurisprudents
jurist
juristic
juristical
juristically
jurists
juror
jurors
jury
juryman
jurymast
jurymasts
jurymen
jurywoman
jurywomen
jussive
jussives
just
justed
juster
justest
justice
justicer
justicers
justices
justiceship
justiceships
justiciable
justicialism
justicialisms
justiciar
justiciaries
justiciars
justiciary
justifiabilities
justifiability
justifiable
justifiableness
justifiablenesses
justifiably
justification
justifications
justificative
justificator
justificators
justificatory
justified
justifier
justifiers
justifies
justify
justifying
justing
justle
justled
justles
justling
justly
justness
justnesses
justs
jut
jute
jutes
juts
jutted
juttied
jutties
jutting
juttingly
jutty
juttying
juve
juvenal
juvenals
juvenescence
juvenescences
juvenescent
juvenile
juvenilely
juvenileness
juvenilenesses
juveniles
juvenilia
juvenilities
juvenility
juves
juxtapose
juxtaposed
juxtaposes
juxtaposing
juxtaposition
juxtapositional
juxtapositions
jymold
jynx
jynxes
