na
naam
naams
naan
naans
nab
nabbed
nabber
nabbers
nabbing
nabk
nabks
nabla
nablas
nabob
nabobs
nabs
nacarat
nacarats
nacelle
nacelles
nach
nache
naches
nacho
nachos
nachtmaal
nachtmaals
nacket
nackets
nacre
nacred
nacreous
nacres
nacrite
nacrites
nacrous
nada
nadas
nadir
nadirs
nae
naebodies
naebody
naething
naethings
naeve
naeves
naevi
naevoid
naevus
naff
naffing
naffly
naffness
naffnesses
naffs
nag
naga
nagana
naganas
nagapie
nagapies
nagari
nagaris
nagas
nagged
nagger
naggers
naggier
naggiest
nagging
naggy
nagmaal
nagmaals
nagor
nagors
nags
nahal
nahals
naiad
naiades
naiads
naiant
naif
naifer
naifest
naik
naiks
nail
nailed
nailer
naileries
nailers
nailery
nailing
nailings
nailless
nails
nain
nainsell
nainsells
nainsook
nainsooks
naira
nairas
naissant
naive
naively
naiveness
naivenesses
naiver
naivest
naivete
naivetes
naiveties
naivety
naivist
naked
nakeder
nakedest
nakedly
nakedness
nakednesses
naker
nakers
nala
nalas
nalla
nallah
nallahs
nallas
naloxone
naloxones
nam
namable
namaskar
namaskars
namaste
namastes
name
nameable
named
nameless
namelessly
namelessness
namelessnesses
namely
namer
namers
names
namesake
namesakes
nametape
nametapes
nameworthy
naming
namings
nams
nan
nana
nanas
nance
nances
nancies
nancy
nandine
nandines
nandoo
nandoos
nandu
nandus
nanisation
nanisations
nanism
nanisms
nanization
nanizations
nankeen
nankeens
nankin
nankins
nanna
nannas
nannied
nannies
nannoplankton
nannoplanktons
nanny
nannygai
nannygais
nannyghai
nannyghais
nannying
nannyish
nanogram
nanograms
nanometre
nanometres
nanoplankton
nanoplanktons
nanosecond
nanoseconds
nanotechnologies
nanotechnology
nans
naoi
naos
naoses
nap
napa
napalm
napalmed
napalming
napalms
napas
nape
naperies
napery
napes
naphtha
naphthalene
naphthalenes
naphthalic
naphthalise
naphthalised
naphthalises
naphthalising
naphthalize
naphthalized
naphthalizes
naphthalizing
naphthas
naphthene
naphthenes
naphthenic
naphthol
naphthols
naphthylamine
naphthylamines
napiform
napkin
napkins
napless
napoleon
napoleonite
napoleonites
napoleons
napoo
napooed
napooing
napoos
nappa
nappas
nappe
napped
napper
nappers
nappes
nappier
nappies
nappiest
nappiness
nappinesses
napping
nappy
napron
naprons
naps
naras
narases
narc
narceen
narceens
narceine
narceines
narcissi
narcissism
narcissisms
narcissist
narcissistic
narcissists
narcissus
narcissuses
narco
narcocatharses
narcocatharsis
narcohypnoses
narcohypnosis
narcolepsies
narcolepsy
narcoleptic
narcos
narcoses
narcosis
narcosyntheses
narcosynthesis
narcoterrorism
narcoterrorisms
narcotic
narcotically
narcotics
narcotine
narcotines
narcotisation
narcotisations
narcotise
narcotised
narcotises
narcotising
narcotism
narcotisms
narcotist
narcotists
narcotization
narcotizations
narcotize
narcotized
narcotizes
narcotizing
narcs
nard
narded
narding
nardoo
nardoos
nards
nare
nares
narghile
narghiles
narghilies
narghillies
narghilly
narghily
nargile
nargileh
nargilehs
nargiles
nargilies
nargillies
nargilly
nargily
narial
naricorn
naricorns
narine
nark
narked
narkier
narkiest
narking
narks
narky
narras
narrases
narratable
narrate
narrated
narrates
narrating
narration
narrations
narrative
narratively
narratives
narrator
narrators
narratory
narre
narrow
narrowcast
narrowcasted
narrowcasting
narrowcastings
narrowcasts
narrowed
narrower
narrowest
narrowing
narrowings
narrowly
narrowness
narrownesses
narrows
narthex
narthexes
narwhal
narwhals
nary
nas
nasal
nasalisation
nasalisations
nasalise
nasalised
nasalises
nasalising
nasalities
nasality
nasalization
nasalizations
nasalize
nasalized
nasalizes
nasalizing
nasally
nasals
nasard
nasards
nascence
nascences
nascencies
nascency
nascent
naseberries
naseberry
nashgab
nashgabs
nasion
nasions
nasofrontal
nasogastric
nasolacrymal
nasopharynges
nasopharynx
nasopharynxes
nastalik
nastaliks
nastic
nastier
nasties
nastiest
nastily
nastiness
nastinesses
nasturtium
nasturtiums
nasty
nasute
nasutes
nat
natal
natalitial
natalities
natality
natant
natation
natations
natatoria
natatorial
natatorium
natatoriums
natatory
natch
natches
nates
natheless
nathelesse
nathemo
nathemore
nathless
natiform
nation
national
nationalisation
nationalisations
nationalise
nationalised
nationalises
nationalising
nationalism
nationalisms
nationalist
nationalistic
nationalistically
nationalists
nationalities
nationality
nationalization
nationalizations
nationalize
nationalized
nationalizes
nationalizing
nationally
nationals
nationhood
nationhoods
nationless
nations
nationwide
native
natively
nativeness
nativenesses
natives
nativism
nativisms
nativist
nativistic
nativists
nativities
nativity
natrium
natriums
natrolite
natrolites
natron
natrons
nats
natter
nattered
natterer
natterers
nattering
natterjack
natterjacks
natters
nattery
nattier
nattiest
nattily
nattiness
nattinesses
natty
natural
naturalisation
naturalisations
naturalise
naturalised
naturalises
naturalising
naturalism
naturalisms
naturalist
naturalistic
naturalistically
naturalists
naturalization
naturalizations
naturalize
naturalized
naturalizes
naturalizing
naturally
naturalness
naturalnesses
naturals
nature
natured
natures
naturing
naturism
naturisms
naturist
naturistic
naturists
naturopath
naturopathic
naturopathies
naturopaths
naturopathy
naught
naughtier
naughties
naughtiest
naughtily
naughtiness
naughtinesses
naughts
naughty
naumachia
naumachiae
naumachias
naumachies
naumachy
naunt
naunts
nauplii
naupliiform
nauplioid
nauplius
nausea
nauseant
nauseants
nauseas
nauseate
nauseated
nauseates
nauseating
nauseatingly
nauseative
nauseous
nauseously
nauseousness
nauseousnesses
nautch
nautches
nautic
nautical
nautically
nautics
nautili
nautilus
nautiluses
navaid
navaids
naval
navalism
navalisms
navarch
navarchies
navarchs
navarchy
navarho
navarhos
navarin
navarins
nave
navel
navels
navelwort
navelworts
naves
navette
navettes
navew
navews
navicert
navicerts
navicula
navicular
naviculars
naviculas
navies
navigabilities
navigability
navigable
navigableness
navigablenesses
navigably
navigate
navigated
navigates
navigating
navigation
navigational
navigations
navigator
navigators
navvied
navvies
navvy
navvying
navy
nawab
nawabs
nay
nays
naythles
nayward
naywards
nayword
naywords
naze
nazes
nazir
nazirs
ne
neafe
neafes
neaffe
neaffes
neal
nealed
nealing
neals
neandertal
neandertals
neanderthal
neanderthaler
neanderthalers
neanderthaloid
neanderthals
neanic
neap
neaped
neaping
neapolitan
neapolitans
neaps
near
neared
nearer
nearest
nearing
nearly
nearness
nearnesses
nears
nearside
nearsides
neat
neaten
neatened
neatening
neatens
neater
neatest
neath
neatly
neatness
neatnesses
neb
nebbed
nebbich
nebbichs
nebbing
nebbish
nebbishe
nebbisher
nebbishers
nebbishes
nebbuk
nebbuks
nebeck
nebecks
nebek
nebeks
nebel
nebels
nebish
nebishes
nebris
nebrises
nebs
nebuchadnezzar
nebuchadnezzars
nebula
nebulae
nebular
nebulas
nebule
nebules
nebulisation
nebulisations
nebulise
nebulised
nebuliser
nebulisers
nebulises
nebulising
nebulium
nebuliums
nebulization
nebulizations
nebulize
nebulized
nebulizer
nebulizers
nebulizes
nebulizing
nebulosities
nebulosity
nebulous
nebulously
nebulousness
nebulousnesses
nebuly
necessarian
necessarianism
necessarianisms
necessarians
necessaries
necessarily
necessariness
necessarinesses
necessary
necessitarian
necessitarianism
necessitarianisms
necessitarians
necessitate
necessitated
necessitates
necessitating
necessitation
necessitations
necessitied
necessities
necessitous
necessitously
necessitousness
necessitousnesses
necessity
neck
neckatee
neckatees
neckband
neckbands
neckbeef
neckbeefs
neckcloth
neckcloths
necked
neckerchief
neckerchiefs
neckgear
neckgears
necking
neckings
necklace
necklaced
necklaces
necklacing
necklacings
necklet
necklets
neckline
necklines
neckpiece
neckpieces
necks
necktie
neckties
neckverse
neckverses
neckwear
neckwears
neckweed
neckweeds
necrobioses
necrobiosis
necrobiotic
necrographer
necrographers
necrolater
necrolaters
necrolatries
necrolatry
necrologic
necrological
necrologies
necrologist
necrologists
necrology
necromancer
necromancers
necromancies
necromancy
necromantic
necromantical
necromantically
necrophagous
necrophil
necrophile
necrophiles
necrophilia
necrophiliac
necrophilias
necrophilic
necrophilies
necrophilism
necrophilisms
necrophilous
necrophils
necrophily
necrophobe
necrophobes
necrophobia
necrophobias
necrophobic
necrophorous
necropoleis
necropolis
necropolises
necropsies
necropsy
necroscopic
necroscopical
necroscopies
necroscopy
necrose
necrosed
necroses
necrosing
necrosis
necrotic
necrotise
necrotised
necrotises
necrotising
necrotize
necrotized
necrotizes
necrotizing
necrotomies
necrotomy
nectar
nectareal
nectarean
nectared
nectareous
nectareousness
nectareousnesses
nectarial
nectaries
nectariferous
nectarine
nectarines
nectarous
nectars
nectary
nectocalyces
nectocalyx
ned
neddies
neddy
neds
nee
need
needcessities
needcessity
needed
needer
needers
needfire
needfires
needful
needfully
needfulness
needfulnesses
needier
neediest
needily
neediness
needinesses
needing
needle
needlecord
needlecords
needlecraft
needlecrafts
needled
needlefish
needlefishes
needleful
needlefuls
needlepoint
needlepoints
needler
needlers
needles
needless
needlessly
needlessness
needlessnesses
needlestick
needlewoman
needlewomen
needlework
needleworks
needlier
needliest
needling
needly
needment
needments
needs
needy
neeld
neelds
neele
neeles
neem
neemb
neembs
neems
neep
neeps
neesberries
neesberry
neese
neesed
neeses
neesing
neeze
neezed
neezes
neezing
nef
nefandous
nefarious
nefariously
nefariousness
nefariousnesses
nefast
nefs
negate
negated
negates
negating
negation
negationist
negationists
negations
negative
negatived
negatively
negativeness
negativenesses
negatives
negativing
negativism
negativisms
negativist
negativistic
negativists
negativities
negativity
negatory
negatron
negatrons
neglect
neglectable
neglected
neglectedness
neglectednesses
neglecter
neglecters
neglectful
neglectfully
neglectfulness
neglectfulnesses
neglecting
neglectingly
neglection
neglections
neglective
neglects
neglige
negligeable
negligee
negligees
negligence
negligences
negligent
negligently
negliges
negligibilities
negligibility
negligible
negligibly
negotiabilities
negotiability
negotiable
negotiant
negotiants
negotiate
negotiated
negotiates
negotiating
negotiation
negotiations
negotiator
negotiators
negotiatress
negotiatresses
negotiatrices
negotiatrix
negotiatrixes
negress
negresses
negritude
negritudes
negro
negroes
negrohead
negroheads
negroid
negroidal
negroids
negroism
negroisms
negrophil
negrophile
negrophiles
negrophilism
negrophilisms
negrophilist
negrophilists
negrophils
negrophobe
negrophobes
negrophobia
negrophobias
negus
neguses
neif
neifs
neigh
neighbor
neighbored
neighborhood
neighborhoods
neighboring
neighborless
neighborliness
neighborlinesses
neighborly
neighbors
neighbour
neighboured
neighbourhood
neighbourhoods
neighbouring
neighbourless
neighbourliness
neighbourlinesses
neighbourly
neighbours
neighed
neighing
neighs
neist
neither
neive
neives
nek
neks
nekton
nektons
nelies
nelis
nellies
nelly
nelson
nelsons
nelumbium
nelumbiums
nelumbo
nelumbos
nemathelminth
nemathelminthic
nemathelminths
nematic
nematoblast
nematoblasts
nematocyst
nematocystic
nematocysts
nematode
nematodes
nematodiriases
nematodiriasis
nematodirus
nematodiruses
nematoid
nematologies
nematologist
nematologists
nematology
nematophore
nematophores
nemertean
nemerteans
nemertian
nemertians
nemertine
nemertines
nemeses
nemesia
nemesias
nemesis
nemn
nemned
nemning
nemns
nemophila
nemophilas
nemoral
nemorous
nempt
nene
nenes
nennigai
nennigais
nenuphar
nenuphars
neoblast
neoblasts
neoclassic
neoclassical
neoclassicism
neoclassicisms
neoclassicist
neoclassicists
neocolonialism
neocolonialisms
neocolonialist
neocolonialists
neodymium
neodymiums
neogeneses
neogenesis
neogenetic
neogrammarian
neogrammarians
neolith
neoliths
neologian
neologians
neologic
neological
neologically
neologies
neologise
neologised
neologises
neologising
neologism
neologisms
neologist
neologistic
neologistical
neologists
neologize
neologized
neologizes
neologizing
neology
neomycin
neomycins
neon
neonatal
neonate
neonates
neonatologies
neonatology
neonomian
neonomianism
neonomianisms
neonomians
neons
neopagan
neopaganise
neopaganised
neopaganises
neopaganising
neopaganism
neopaganisms
neopaganize
neopaganized
neopaganizes
neopaganizing
neopagans
neophile
neophiles
neophilia
neophiliac
neophiliacs
neophilias
neophobe
neophobes
neophobia
neophobias
neophobic
neophyte
neophytes
neophytic
neopilina
neopilinas
neoplasm
neoplasms
neoplastic
neoplasticism
neoplasticisms
neoprene
neoprenes
neorealism
neorealisms
neorealist
neorealistic
neorealists
neoteinia
neoteinias
neotenic
neotenies
neotenous
neoteny
neoteric
neoterical
neoterically
neotericals
neoterics
neoterise
neoterised
neoterises
neoterising
neoterism
neoterisms
neoterist
neoterists
neoterize
neoterized
neoterizes
neoterizing
neotoxin
neotoxins
neovitalism
neovitalisms
neovitalist
neovitalists
nep
nepenthe
nepenthean
nepenthes
neper
nepers
nepeta
nepetas
nephalism
nephalisms
nephalist
nephalists
nepheline
nephelines
nephelinite
nephelinites
nephelite
nephelites
nephelometer
nephelometers
nephelometric
nephelometries
nephelometry
nephew
nephews
nephogram
nephograms
nephograph
nephographs
nephologic
nephological
nephologies
nephologist
nephologists
nephology
nephoscope
nephoscopes
nephralgia
nephralgias
nephralgies
nephralgy
nephrectomies
nephrectomy
nephric
nephridia
nephridium
nephrite
nephrites
nephritic
nephritical
nephritics
nephritis
nephritises
nephroid
nephrolepis
nephrolepises
nephrological
nephrologies
nephrologist
nephrologists
nephrology
nephron
nephrons
nephropathies
nephropathy
nephropexies
nephropexy
nephroptoses
nephroptosis
nephroses
nephrosis
nephrotic
nephrotomies
nephrotomy
nepionic
nepit
nepits
nepotic
nepotism
nepotisms
nepotist
nepotistic
nepotists
neps
neptunium
neptuniums
nerd
nerdier
nerdiest
nerds
nerdy
nereid
nereides
nereids
nerine
nerines
nerite
nerites
neritic
nerk
nerka
nerkas
nerks
neroli
nerolis
nerval
nervate
nervation
nervations
nervature
nervatures
nerve
nerved
nerveless
nervelessly
nervelessness
nervelessnesses
nervelet
nervelets
nerver
nervers
nerves
nervier
nerviest
nervily
nervine
nervines
nerviness
nervinesses
nerving
nervous
nervously
nervousness
nervousnesses
nervular
nervule
nervules
nervuration
nervurations
nervure
nervures
nervy
nescience
nesciences
nescient
nesh
nesher
neshest
neshness
neshnesses
ness
nesses
nest
nested
nester
nesters
nestful
nestfuls
nesting
nestings
nestle
nestled
nestles
nestlike
nestling
nestlings
nests
net
netball
netballs
nete
netes
netful
netfuls
netheless
nether
netherlings
nethermore
nethermost
netherstock
netherstocks
netherward
netherwards
netherworld
netherworlds
netiquette
netiquettes
netizen
netizens
nets
netsuke
netsukes
nett
netted
nettier
nettiest
netting
nettings
nettle
nettled
nettlelike
nettles
nettlesome
nettlier
nettliest
nettling
nettly
netts
netty
network
networked
networker
networkers
networking
networkings
networks
neuk
neuks
neum
neume
neumes
neums
neural
neuralgia
neuralgias
neuralgic
neurally
neuraminidase
neuraminidases
neurasthenia
neurastheniac
neurastheniacs
neurasthenias
neurasthenic
neurasthenics
neuration
neurations
neurectomies
neurectomy
neurilemma
neurilemmas
neurilities
neurility
neurine
neurines
neurism
neurisms
neurite
neurites
neuritic
neuritics
neuritis
neuritises
neuroanatomical
neuroanatomies
neuroanatomist
neuroanatomists
neuroanatomy
neurobiological
neurobiologies
neurobiologist
neurobiologists
neurobiology
neuroblast
neuroblastoma
neuroblastomas
neuroblastomata
neuroblasts
neurochip
neurochips
neurocomputer
neurocomputers
neurocomputing
neurocomputings
neuroendocrine
neuroendocrinologies
neuroendocrinology
neuroethologies
neuroethology
neurofibril
neurofibrillar
neurofibrillary
neurofibrils
neurofibroma
neurofibromas
neurofibromata
neurofibromatoses
neurofibromatosis
neurogeneses
neurogenesis
neurogenic
neuroglia
neuroglias
neurogram
neurograms
neurohormone
neurohormones
neurohypnologies
neurohypnology
neurohypophyses
neurohypophysis
neurolemma
neurolemmas
neuroleptanalgesia
neuroleptanalgesias
neuroleptanalgesic
neuroleptic
neuroleptics
neurolinguist
neurolinguistic
neurolinguistics
neurolinguists
neurological
neurologically
neurologies
neurologist
neurologists
neurology
neurolyses
neurolysis
neuroma
neuromas
neuromata
neuromuscular
neuron
neuronal
neurone
neurones
neuronic
neurons
neuropath
neuropathic
neuropathical
neuropathies
neuropathist
neuropathists
neuropathogeneses
neuropathogenesis
neuropathological
neuropathologies
neuropathologist
neuropathologists
neuropathology
neuropaths
neuropathy
neuropeptide
neuropeptides
neuropharmacologies
neuropharmacologist
neuropharmacologists
neuropharmacology
neurophysiological
neurophysiologies
neurophysiologist
neurophysiologists
neurophysiology
neuropil
neuropils
neuroplasm
neuroplasms
neuropsychiatric
neuropsychiatries
neuropsychiatrist
neuropsychiatrists
neuropsychiatry
neuropsychologies
neuropsychologist
neuropsychologists
neuropsychology
neuroptera
neuropteran
neuropterans
neuropterist
neuropterists
neuropterous
neuroradiologies
neuroradiology
neuroscience
neurosciences
neuroscientist
neuroscientists
neuroses
neurosis
neurosurgeon
neurosurgeons
neurosurgeries
neurosurgery
neurosurgical
neurotic
neurotically
neuroticism
neuroticisms
neurotics
neurotomies
neurotomist
neurotomists
neurotomy
neurotoxic
neurotoxicities
neurotoxicity
neurotoxin
neurotoxins
neurotransmitter
neurotransmitters
neurotrophic
neurotrophies
neurotrophy
neurotropic
neurovascular
neurypnologies
neurypnology
neuston
neustons
neuter
neutered
neutering
neuters
neutral
neutralisation
neutralisations
neutralise
neutralised
neutraliser
neutralisers
neutralises
neutralising
neutralism
neutralisms
neutralist
neutralistic
neutralists
neutralities
neutrality
neutralization
neutralizations
neutralize
neutralized
neutralizer
neutralizers
neutralizes
neutralizing
neutrally
neutrals
neutretto
neutrettos
neutrino
neutrinos
neutron
neutrons
neutrophil
neutrophils
neve
nevel
nevelled
nevelling
nevels
never
nevermore
nevertheless
neverthemore
neves
nevi
nevus
new
newbie
newbies
newborn
newcome
newcomer
newcomers
newed
newel
newell
newelled
newells
newels
newer
newest
newfangle
newfangled
newfangledly
newfangledness
newfanglednesses
newfangleness
newfanglenesses
newing
newish
newishly
newishness
newishnesses
newly
newmarket
newmarkets
newness
newnesses
news
newsagent
newsagents
newsboy
newsboys
newscast
newscaster
newscasters
newscasting
newscastings
newscasts
newsdealer
newsdealers
newsed
newses
newsflash
newsflashes
newsgirl
newsgirls
newsgroup
newsgroups
newshawk
newshawks
newshound
newshounds
newsier
newsies
newsiest
newsiness
newsinesses
newsing
newsless
newsletter
newsletters
newsmagazine
newsmagazines
newsman
newsmen
newsmonger
newsmongers
newspaper
newspaperdom
newspaperdoms
newspaperism
newspaperisms
newspaperman
newspapermen
newspapers
newspeak
newspeaks
newsprint
newsprints
newsreader
newsreaders
newsreel
newsreels
newsroom
newsrooms
newstrade
newstrades
newswire
newswires
newswoman
newswomen
newsworthiness
newsworthinesses
newsworthy
newsy
newt
newton
newtons
newts
next
nextly
nextness
nextnesses
nexts
nexus
ngaio
ngaios
ngana
nganas
ngultrum
ngultrums
ngwee
nhandu
nhandus
niacin
niacins
nib
nibbed
nibbing
nibble
nibbled
nibbler
nibblers
nibbles
nibbling
nibblingly
nibblings
niblick
niblicks
nibs
nicad
nicads
niccolite
niccolites
nice
niceish
nicely
niceness
nicenesses
nicer
nicest
niceties
nicety
niche
niched
nicher
nichered
nichering
nichers
niches
niching
nicish
nick
nickar
nickars
nicked
nickel
nickeled
nickelic
nickeliferous
nickeline
nickelines
nickeling
nickelise
nickelised
nickelises
nickelising
nickelize
nickelized
nickelizes
nickelizing
nickelled
nickelling
nickelodeon
nickelodeons
nickelous
nickels
nicker
nickered
nickering
nickers
nicking
nickname
nicknamed
nicknames
nicknaming
nickpoint
nickpoints
nicks
nickstick
nicksticks
nickum
nickumpoop
nickumpoops
nickums
nicol
nicols
nicompoop
nicompoops
nicotian
nicotiana
nicotianas
nicotians
nicotinamide
nicotinamides
nicotine
nicotined
nicotines
nicotinic
nicotinism
nicotinisms
nicrosilal
nicrosilals
nictate
nictated
nictates
nictating
nictation
nictations
nictitate
nictitated
nictitates
nictitating
nictitation
nictitations
nid
nidal
nidamenta
nidamental
nidamentum
nidation
nidations
niddering
nidderings
nidderling
nidderlings
nide
nidering
niderings
niderling
niderlings
nides
nidget
nidgets
nidi
nidicolous
nidificate
nidificated
nidificates
nidificating
nidification
nidifications
nidified
nidifies
nidifugous
nidify
nidifying
niding
nidings
nidor
nidorous
nidors
nids
nidulation
nidulations
nidus
nie
niece
nieces
nied
nief
niefs
niellated
nielli
niellist
niellists
niello
nielloed
nielloing
niellos
nies
nieve
nieveful
nievefuls
nieves
nife
nifes
niff
niffed
niffer
niffered
niffering
niffers
niffier
niffiest
niffing
niffnaff
niffnaffed
niffnaffing
niffnaffs
niffs
niffy
niftier
niftiest
niftily
niftiness
niftinesses
nifty
nigella
nigellas
niger
nigers
niggard
niggarded
niggarding
niggardise
niggardises
niggardize
niggardizes
niggardliness
niggardlinesses
niggardly
niggards
nigger
niggerdom
niggerdoms
niggered
niggerhead
niggerheads
niggering
niggerish
niggerism
niggerisms
niggerling
niggerlings
niggers
niggery
niggle
niggled
niggler
nigglers
niggles
nigglier
niggliest
niggling
nigglingly
nigglings
niggly
nigh
nighed
nighest
nighing
nighly
nighness
nighnesses
nighs
night
nightbird
nightbirds
nightcap
nightcaps
nightclass
nightclasses
nightclothes
nightclub
nightclubber
nightclubbers
nightclubbing
nightclubbings
nightclubs
nightdress
nightdresses
nighted
nightfall
nightfalls
nightfaring
nightfire
nightfires
nightgear
nightgears
nightgown
nightgowns
nighthawk
nighthawks
nightie
nighties
nightingale
nightingales
nightjar
nightjars
nightless
nightlife
nightlifes
nightlong
nightly
nightmare
nightmares
nightmarish
nightmarishly
nightmarishness
nightmarishnesses
nightmary
nightpiece
nightpieces
nightrider
nightriders
nights
nightshade
nightshades
nightshirt
nightshirts
nightspot
nightspots
nightstand
nightstands
nightstick
nightsticks
nightward
nightwear
nightwears
nighty
nigrescence
nigrescences
nigrescent
nigricant
nigrified
nigrifies
nigrify
nigrifying
nigritude
nigritudes
nigromancies
nigromancy
nigrosin
nigrosine
nigrosines
nigrosins
nihil
nihilism
nihilisms
nihilist
nihilistic
nihilists
nihilities
nihility
nihils
nihonga
nihongas
nikau
nikaus
nikethamide
nikethamides
nil
nilgai
nilgais
nilgau
nilgaus
nill
nilled
nilling
nills
nils
nim
nimb
nimbed
nimbi
nimble
nimbleness
nimblenesses
nimbler
nimblesse
nimblesses
nimblest
nimbly
nimbostrati
nimbostratus
nimbs
nimbus
nimbused
nimbuses
nimbyism
nimbyisms
nimieties
nimiety
nimious
nimmed
nimmer
nimmers
nimming
nimonic
nims
nincom
nincompoop
nincompoops
nincoms
nincum
nincums
nine
ninefold
nineholes
ninepence
ninepences
ninepennies
ninepenny
ninepin
ninepins
nines
ninescore
ninescores
nineteen
nineteens
nineteenth
nineteenthly
nineteenths
nineties
ninetieth
ninetieths
ninety
ninja
ninjas
ninjitsu
ninjitsus
ninjutsu
ninjutsus
ninnies
ninny
ninon
ninons
ninth
ninthly
ninths
niobate
niobates
niobic
niobite
niobites
niobium
niobiums
niobous
nip
nipa
nipas
nipcheese
nipcheeses
nipped
nipper
nippered
nippering
nipperkin
nipperkins
nippers
nippier
nippiest
nippily
nippiness
nippinesses
nipping
nippingly
nipple
nippled
nipples
nipplewort
nippleworts
nippling
nippy
nips
nipter
nipters
niramiai
niramiais
nirl
nirled
nirlie
nirlier
nirliest
nirling
nirlit
nirls
nirly
nirvana
nirvanas
nis
nisberries
nisberry
nisei
niseis
nisi
nisse
nisses
nisus
nit
nite
niter
niterie
niteries
niters
nitery
nites
nithing
nithings
nitid
niton
nitons
nitraniline
nitranilines
nitrate
nitrated
nitrates
nitratine
nitratines
nitrating
nitration
nitrations
nitrazepam
nitrazepams
nitre
nitres
nitric
nitride
nitrided
nitrides
nitriding
nitridings
nitrification
nitrifications
nitrified
nitrifies
nitrify
nitrifying
nitrile
nitriles
nitrite
nitrites
nitrobacteria
nitrobenzene
nitrobenzenes
nitrocellulose
nitrocelluloses
nitrocotton
nitrocottons
nitrogen
nitrogenase
nitrogenases
nitrogenisation
nitrogenisations
nitrogenise
nitrogenised
nitrogenises
nitrogenising
nitrogenization
nitrogenizations
nitrogenize
nitrogenized
nitrogenizes
nitrogenizing
nitrogenous
nitrogens
nitroglycerine
nitroglycerines
nitrometer
nitrometers
nitromethane
nitromethanes
nitrometric
nitroparaffin
nitroparaffins
nitrophilous
nitrosamine
nitrosamines
nitrosation
nitrosations
nitroso
nitrosyl
nitrotoluene
nitrotoluenes
nitrous
nitroxyl
nitroxyls
nitry
nitryl
nitryls
nits
nittier
nittiest
nitty
nitwit
nitwits
nitwitted
nitwittedness
nitwittednesses
nitwitteries
nitwittery
nival
niveous
nix
nixed
nixes
nixie
nixies
nixing
nixy
nizam
nizams
no
nob
nobbier
nobbiest
nobbily
nobbiness
nobbinesses
nobble
nobbled
nobbler
nobblers
nobbles
nobbling
nobbut
nobby
nobelium
nobeliums
nobilesse
nobilesses
nobiliary
nobilitate
nobilitated
nobilitates
nobilitating
nobilitation
nobilitations
nobilities
nobility
noble
nobleman
noblemen
nobleness
noblenesses
nobler
nobles
noblesse
noblesses
noblest
noblewoman
noblewomen
nobly
nobodies
nobody
nobs
nocake
nocakes
nocent
nocently
nocents
nochel
nochelled
nochelling
nochels
nociceptive
nock
nocked
nocket
nockets
nocking
nocks
noctambulation
noctambulations
noctambulism
noctambulisms
noctambulist
noctambulists
noctilio
noctilios
noctiluca
noctilucae
noctilucence
noctilucences
noctilucent
noctilucous
noctivagant
noctivagation
noctivagations
noctivagous
noctua
noctuaries
noctuary
noctuas
noctuid
noctuids
noctule
noctules
nocturn
nocturnal
nocturnally
nocturnals
nocturne
nocturnes
nocturns
nocuous
nocuously
nocuousness
nocuousnesses
nod
nodal
nodalise
nodalised
nodalises
nodalising
nodalities
nodality
nodalize
nodalized
nodalizes
nodalizing
nodally
nodated
nodation
nodations
nodded
nodder
nodders
noddies
nodding
noddingly
noddings
noddle
noddled
noddles
noddling
noddy
node
nodes
nodical
nodose
nodosities
nodosity
nodous
nods
nodular
nodulated
nodulation
nodulations
nodule
noduled
nodules
nodulose
nodulous
noel
noels
noematical
noematically
noes
noeses
noesis
noetic
nog
nogaku
nogg
nogged
noggin
nogging
noggings
noggins
noggs
nogs
noh
nohow
nohowish
noil
noils
noint
nointed
nointing
noints
noise
noised
noiseful
noiseless
noiselessly
noiselessness
noiselessnesses
noisemaker
noisemakers
noises
noisette
noisettes
noisier
noisiest
noisily
noisiness
noisinesses
noising
noisome
noisomely
noisomeness
noisomenesses
noisy
nole
noles
nolition
nolitions
noll
nolls
noma
nomad
nomade
nomades
nomadic
nomadically
nomadies
nomadisation
nomadisations
nomadise
nomadised
nomadises
nomadising
nomadism
nomadisms
nomadization
nomadizations
nomadize
nomadized
nomadizes
nomadizing
nomads
nomady
nomarch
nomarchies
nomarchs
nomarchy
nomas
nombles
nombril
nombrils
nome
nomenclative
nomenclator
nomenclatorial
nomenclators
nomenclatural
nomenclature
nomenclatures
nomenklatura
nomenklaturas
nomes
nomic
nominable
nominal
nominalisation
nominalisations
nominalise
nominalised
nominalises
nominalising
nominalism
nominalisms
nominalist
nominalistic
nominalists
nominalization
nominalizations
nominalize
nominalized
nominalizes
nominalizing
nominally
nominals
nominate
nominated
nominately
nominates
nominating
nomination
nominations
nominatival
nominativally
nominative
nominatively
nominatives
nominator
nominators
nominee
nominees
nomism
nomisms
nomistic
nomocracies
nomocracy
nomogenies
nomogeny
nomogram
nomograms
nomograph
nomographer
nomographers
nomographic
nomographical
nomographically
nomographies
nomographs
nomography
nomological
nomologies
nomologist
nomologists
nomology
nomothete
nomothetes
nomothetic
nomothetical
nonage
nonaged
nonagenarian
nonagenarians
nonages
nonagesimal
nonagesimals
nonagon
nonagonal
nonagons
nonane
nonanes
nonary
nonce
nonces
nonchalance
nonchalances
nonchalant
nonchalantly
nonconforming
nonconformist
nonconformists
nonconformities
nonconformity
nondescript
nondescriptly
nondescriptness
nondescriptnesses
nondescripts
nondisjunction
nondisjunctions
none
nonentities
nonentity
nones
nonesuch
nonesuches
nonet
nonetheless
nonets
nonette
nonettes
nonetti
nonetto
nonettos
nong
nongs
nonillion
nonillions
nonillionth
nonillionths
nonjuring
nonjuror
nonjurors
nonnies
nonny
nonpareil
nonpareils
nonparous
nonplus
nonplused
nonpluses
nonplusing
nonplussed
nonplusses
nonplussing
nonpolar
nonsense
nonsenses
nonsensical
nonsensicalities
nonsensicality
nonsensically
nonsensicalness
nonsensicalnesses
nonsuch
nonsuches
nonsuit
nonsuited
nonsuiting
nonsuits
nonuple
nonuplet
nonuplets
noodle
noodled
noodledom
noodledoms
noodles
noodling
noogeneses
noogenesis
nook
nookie
nookier
nookies
nookiest
nooks
nooky
noologies
noology
noometries
noometry
noon
noonday
noondays
nooned
nooner
nooners
nooning
noonings
noons
noontide
noontides
noontime
noontimes
noop
noops
noose
noosed
nooses
noosing
noosphere
noospheres
nootropics
nopal
nopals
nope
nor
noradrenalin
noradrenaline
noradrenalines
noradrenalins
norepinephrine
norepinephrines
norethisterone
norethisterones
nori
noria
norias
norimon
norimons
noris
norite
norites
nork
norks
norland
norlands
norm
norma
normal
normalcies
normalcy
normalisation
normalisations
normalise
normalised
normalises
normalising
normalities
normality
normalization
normalizations
normalize
normalized
normalizes
normalizing
normally
normals
norman
normans
normas
normative
normatively
normativeness
normativenesses
norms
norsel
norselled
norseller
norsellers
norselling
norsels
nortena
nortenas
norteno
nortenos
north
northbound
northed
norther
northered
northering
northerlies
northerliness
northerlinesses
northerly
northermost
northern
northerner
northerners
northernise
northernised
northernises
northernising
northernism
northernisms
northernize
northernized
northernizes
northernizing
northernmost
northerns
northers
northing
northings
northland
northlands
northmost
norths
northward
northwardly
northwards
norward
norwards
nos
nose
nosean
noseans
nosebag
nosebags
noseband
nosebands
nosebleed
nosebleeding
nosebleedings
nosebleeds
nosed
nosedive
nosedived
nosedives
nosediving
nosegay
nosegays
noseless
noselite
noselites
noser
nosers
noses
nosey
noseys
nosh
noshed
nosher
nosheries
noshers
noshery
noshes
noshing
nosier
nosies
nosiest
nosily
nosiness
nosinesses
nosing
nosings
nosocomial
nosode
nosodes
nosographer
nosographers
nosographic
nosographies
nosography
nosological
nosologies
nosologist
nosologists
nosology
nosophobia
nosophobias
nostalgia
nostalgias
nostalgic
nostalgically
nostoc
nostocs
nostologic
nostological
nostologies
nostology
nostomania
nostomanias
nostopathies
nostopathy
nostradamic
nostril
nostrils
nostrum
nostrums
nosy
not
nota
notabilities
notability
notable
notableness
notablenesses
notables
notably
notaeum
notaeums
notal
notanda
notandum
notaphilic
notaphilies
notaphilism
notaphilisms
notaphilist
notaphilists
notaphily
notarial
notarially
notaries
notarise
notarised
notarises
notarising
notarize
notarized
notarizes
notarizing
notary
notaryship
notaryships
notate
notated
notates
notating
notation
notational
notations
notch
notchback
notchbacks
notched
notchel
notchelled
notchelling
notchels
notcher
notchers
notches
notchier
notchiest
notching
notchings
notchy
note
notebook
notebooks
notecase
notecases
noted
notedly
notedness
notednesses
noteless
notelet
notelets
notepaper
notepapers
noter
noters
notes
noteworthily
noteworthiness
noteworthinesses
noteworthy
nothing
nothingarian
nothingarianism
nothingarianisms
nothingarians
nothingism
nothingisms
nothingness
nothingnesses
nothings
notice
noticeable
noticeably
noticed
notices
noticing
notifiable
notification
notifications
notified
notifier
notifiers
notifies
notify
notifying
noting
notion
notional
notionalist
notionalists
notionally
notionist
notionists
notions
notitia
notitiae
notitias
notochord
notochordal
notochords
notodontid
notodontids
notonectal
notorieties
notoriety
notorious
notoriously
notoriousness
notoriousnesses
notornis
notornises
notoungulate
notoungulates
notour
nott
notum
notungulate
notungulates
notwithstanding
nougat
nougats
nought
noughts
noul
nould
noulde
noule
noules
nouls
noumena
noumenal
noumenally
noumenon
noun
nounal
nounier
nouniest
nouns
nouny
noup
noups
nourice
nourices
nourish
nourishable
nourished
nourisher
nourishers
nourishes
nourishing
nourishingly
nourishment
nourishments
nouriture
nouritures
nourriture
nourritures
noursle
noursled
noursles
noursling
nous
nousell
nouselled
nouselling
nousells
nouses
nousle
nousled
nousles
nousling
nout
nova
novaculite
novaculites
novae
novalia
novas
novation
novations
novel
noveldom
noveldoms
novelese
noveleses
novelette
novelettes
novelettish
novelettist
novelettists
novelisation
novelisations
novelise
novelised
noveliser
novelisers
novelises
novelish
novelising
novelism
novelisms
novelist
novelistic
novelists
novelization
novelizations
novelize
novelized
novelizer
novelizers
novelizes
novelizing
novels
novelties
novelty
novena
novenaries
novenary
novenas
novennial
novercal
noverint
noverints
novice
novicehood
novicehoods
novices
noviceship
noviceships
noviciate
noviciates
novitiate
novitiates
novities
novity
novocentenaries
novocentenary
novodamus
novodamuses
novum
novums
now
nowadays
noway
noways
nowcasting
nowcastings
nowed
nowhence
nowhere
nowheres
nowhither
nowise
nowl
nowls
nown
nowness
nownesses
nows
nowt
nowts
nowy
nox
noxal
noxes
noxious
noxiously
noxiousness
noxiousnesses
noy
noyade
noyades
noyance
noyances
noyau
noyaus
noyed
noyes
noyeses
noying
noyous
noys
noysome
nozzer
nozzers
nozzle
nozzles
nth
nu
nuance
nuanced
nuances
nuancing
nub
nubbed
nubbier
nubbiest
nubbin
nubbing
nubbins
nubble
nubbled
nubbles
nubblier
nubbliest
nubbling
nubbly
nubby
nubecula
nubeculae
nubia
nubias
nubiferous
nubiform
nubigenous
nubile
nubilities
nubility
nubilous
nubs
nucellar
nucelli
nucellus
nucha
nuchae
nuchal
nuciferous
nucivorous
nucleal
nuclear
nuclearisation
nuclearisations
nuclearise
nuclearised
nuclearises
nuclearising
nuclearization
nuclearizations
nuclearize
nuclearized
nuclearizes
nuclearizing
nuclease
nucleases
nucleate
nucleated
nucleates
nucleating
nucleation
nucleations
nucleator
nucleators
nuclei
nucleide
nucleides
nuclein
nucleins
nucleolar
nucleolate
nucleolated
nucleole
nucleoles
nucleoli
nucleolus
nucleon
nucleonics
nucleons
nucleophilic
nucleoplasm
nucleoplasms
nucleoprotein
nucleoproteins
nucleoside
nucleosides
nucleosome
nucleosomes
nucleosyntheses
nucleosynthesis
nucleotide
nucleotides
nucleus
nuclide
nuclides
nucule
nucules
nudation
nudations
nude
nudely
nudeness
nudenesses
nuder
nudes
nudest
nudge
nudged
nudger
nudgers
nudges
nudging
nudibranch
nudibranchiate
nudibranchiates
nudibranchs
nudicaudate
nudicaul
nudicaulous
nudie
nudies
nudism
nudisms
nudist
nudists
nudities
nudity
nudnik
nudniks
nuff
nuffin
nuffins
nuffs
nugatoriness
nugatorinesses
nugatory
nuggar
nuggars
nugget
nuggets
nuggety
nuisance
nuisancer
nuisancers
nuisances
nuke
nuked
nukes
nuking
null
nulla
nullah
nullahs
nullas
nulled
nullification
nullifications
nullifidian
nullifidians
nullified
nullifier
nullifiers
nullifies
nullify
nullifying
nulling
nullings
nullipara
nulliparae
nulliparas
nulliparities
nulliparity
nulliparous
nullipore
nullipores
nullities
nullity
nullness
nullnesses
nulls
numb
numbat
numbats
numbed
number
numbered
numberer
numberers
numbering
numberless
numberlessly
numberlessness
numberlessnesses
numbers
numbest
numbing
numbingly
numbles
numbly
numbness
numbnesses
numbs
numbskull
numbskulls
numdah
numdahs
numen
numerabilities
numerability
numerable
numerably
numeracies
numeracy
numeraire
numeraires
numeral
numerally
numerals
numerary
numerate
numerated
numerates
numerating
numeration
numerations
numerator
numerators
numeric
numerical
numerically
numerological
numerologies
numerologist
numerologists
numerology
numerosities
numerosity
numerous
numerously
numerousness
numerousnesses
numina
numinous
numinouses
numinousness
numinousnesses
numismatic
numismatically
numismatics
numismatist
numismatists
numismatologies
numismatologist
numismatologists
numismatology
nummary
nummular
nummulary
nummulated
nummulation
nummulations
nummuline
nummulite
nummulites
nummulitic
numnah
numnahs
numpties
numpty
numskull
numskulled
numskulls
nun
nunatak
nunataker
nunataks
nunchaku
nunchakus
nuncheon
nuncheons
nunciature
nunciatures
nuncio
nuncios
nuncle
nuncles
nuncupate
nuncupated
nuncupates
nuncupating
nuncupation
nuncupations
nuncupative
nuncupatory
nundinal
nundine
nundines
nunhood
nunhoods
nunnation
nunnations
nunneries
nunnery
nunnish
nunnishness
nunnishnesses
nuns
nunship
nunships
nuptial
nuptialities
nuptiality
nuptials
nur
nuraghe
nuraghi
nuraghic
nurd
nurdle
nurdled
nurdles
nurdling
nurds
nurhag
nurhags
nurl
nurled
nurling
nurls
nurr
nurrs
nurs
nurse
nursed
nursehound
nursehounds
nurselike
nurseling
nurselings
nursemaid
nursemaided
nursemaiding
nursemaids
nurser
nurseries
nursers
nursery
nurserymaid
nurserymaids
nurseryman
nurserymen
nurses
nursing
nursings
nursle
nursled
nursles
nursling
nurslings
nurturable
nurtural
nurturant
nurture
nurtured
nurturer
nurturers
nurtures
nurturing
nus
nut
nutant
nutarian
nutarians
nutate
nutated
nutates
nutating
nutation
nutational
nutations
nutbutter
nutbutters
nutcase
nutcases
nutcracker
nutcrackers
nutgall
nutgalls
nuthatch
nuthatches
nuthouse
nuthouses
nutjobber
nutjobbers
nutlet
nutlets
nutlike
nutmeal
nutmeals
nutmeg
nutmegged
nutmegging
nutmeggy
nutmegs
nutpecker
nutpeckers
nutraceutical
nutraceuticals
nutria
nutrias
nutrient
nutrients
nutriment
nutrimental
nutriments
nutrition
nutritional
nutritionist
nutritionists
nutritions
nutritious
nutritiously
nutritiousness
nutritiousnesses
nutritive
nutritively
nutritives
nuts
nutshell
nutshells
nutted
nutter
nutteries
nutters
nuttery
nuttier
nuttiest
nuttily
nuttiness
nuttinesses
nutting
nuttings
nutty
nutwood
nutwoods
nuzzer
nuzzers
nuzzle
nuzzled
nuzzles
nuzzling
ny
nyaff
nyaffed
nyaffing
nyaffs
nyala
nyalas
nyanza
nyanzas
nyas
nyases
nybble
nybbles
nychthemeral
nychthemeron
nychthemerons
nyctaginaceous
nyctalopes
nyctalopia
nyctalopias
nyctalopic
nyctalops
nyctanthous
nyctinastic
nyctinasties
nyctinasty
nyctitropic
nyctitropism
nyctitropisms
nyctophobia
nyctophobias
nye
nyed
nyes
nying
nylghau
nylghaus
nylon
nylons
nymph
nymphae
nymphaea
nymphaeaceous
nymphaeum
nymphaeums
nymphal
nymphalid
nymphalids
nymphean
nymphet
nymphets
nymphic
nymphical
nymphish
nymphlike
nymphly
nympho
nympholepsies
nympholepsy
nympholept
nympholeptic
nympholepts
nymphomania
nymphomaniac
nymphomaniacal
nymphomaniacs
nymphomanias
nymphos
nymphs
nys
nyssa
nyssas
nystagmic
nystagmoid
nystagmus
nystagmuses
nystatin
nystatins
