wabain
wabains
wabbit
wabble
wabbled
wabbler
wabblers
wabbles
wabbling
waboom
wabooms
wabster
wabsters
wack
wacke
wacker
wackers
wackes
wackier
wackiest
wackiness
wackinesses
wacko
wacks
wacky
wad
wadd
wadded
waddie
waddied
waddies
wadding
waddings
waddle
waddled
waddler
waddlers
waddles
waddling
wadds
waddy
waddying
wade
waded
wader
waders
wades
wadi
wadies
wading
wadings
wadis
wadmaal
wadmaals
wadmal
wadmals
wadmol
wadmoll
wadmolls
wadmols
wads
wadset
wadsets
wadsett
wadsetted
wadsetter
wadsetters
wadsetting
wadsetts
wadt
wadts
wady
wae
waeful
waeness
waenesses
waes
waesome
waesucks
wafer
wafered
wafering
wafers
wafery
waff
waffed
waffing
waffle
waffled
waffler
wafflers
waffles
wafflier
waffliest
waffling
wafflings
waffly
waffs
waft
waftage
waftages
wafted
wafter
wafters
wafting
waftings
wafts
wafture
waftures
wag
wage
waged
wageless
wagenboom
wagenbooms
wager
wagered
wagerer
wagerers
wagering
wagers
wages
wagged
waggeries
waggery
wagging
waggish
waggishly
waggishness
waggishnesses
waggle
waggled
waggles
wagglier
waggliest
waggling
waggly
waggon
waggoned
waggoner
waggoners
waggoning
waggons
waghalter
waghalters
waging
wagmoire
wagmoires
wagon
wagonage
wagonages
wagoned
wagoner
wagoners
wagonette
wagonettes
wagonful
wagonfuls
wagoning
wagonload
wagonloads
wagons
wagonwright
wagonwrights
wags
wagtail
wagtails
wahine
wahines
wahoo
wahoos
waid
waide
waif
waifed
waifing
waifs
waift
waifts
wail
wailed
wailer
wailers
wailful
wailing
wailingly
wailings
wails
wain
wainage
wainages
wained
waining
wains
wainscot
wainscoted
wainscoting
wainscotings
wainscots
wainscotted
wainscotting
wainscottings
wainwright
wainwrights
waist
waistband
waistbands
waistbelt
waistbelts
waistboat
waistboats
waistcloth
waistcloths
waistcoat
waistcoateer
waistcoateers
waistcoating
waistcoatings
waistcoats
waisted
waister
waisters
waistline
waistlines
waists
wait
waite
waited
waiter
waiterage
waiterages
waiterhood
waiterhoods
waitering
waiterings
waiters
waites
waiting
waitingly
waitings
waitperson
waitpersons
waitress
waitresses
waitressing
waitressings
waits
waive
waived
waiver
waivers
waives
waiving
waivode
waivodes
waiwode
waiwodes
waka
wakane
wakanes
wakas
wake
waked
wakeful
wakefully
wakefulness
wakefulnesses
wakeless
wakeman
wakemen
waken
wakened
wakener
wakeners
wakening
wakenings
wakens
waker
wakerife
wakers
wakes
wakf
wakfs
wakiki
wakikis
waking
wakings
wald
waldflute
waldflutes
waldgrave
waldgraves
waldgravine
waldgravines
waldhorn
waldhorns
waldrapp
waldrapps
walds
waldsterben
waldsterbens
wale
waled
waler
walers
wales
wali
walier
walies
waliest
waling
walis
walise
walises
walk
walkable
walkabout
walkabouts
walkathon
walkathons
walked
walker
walkers
walking
walkings
walkmill
walkmills
walks
walkway
walkways
wall
walla
wallaba
wallabas
wallabies
wallaby
wallah
wallahs
wallaroo
wallaroos
wallas
wallboard
wallboards
wallchart
wallcharts
wallclimber
wallclimbers
wallcovering
wallcoverings
walled
waller
wallers
wallet
wallets
wallfish
wallfishes
wallflower
wallflowers
wallie
wallier
wallies
walliest
walling
wallings
wallop
walloped
walloper
wallopers
walloping
wallopings
wallops
wallow
wallowed
wallower
wallowers
wallowing
wallowings
wallows
wallpaper
wallpapers
walls
wallsend
wallsends
wallwort
wallworts
wally
wallydrag
wallydrags
wallydraigle
wallydraigles
walnut
walnuts
walnutwood
walnutwoods
walrus
walruses
waltier
waltiest
walty
waltz
waltzed
waltzer
waltzers
waltzes
waltzing
waltzings
waly
wambenger
wambengers
wamble
wambled
wambles
wamblier
wambliest
wambliness
wamblinesses
wambling
wamblingly
wamblings
wambly
wame
wamed
wameful
wamefuls
wames
wammus
wammuses
wampee
wampees
wampish
wampished
wampishes
wampishing
wampum
wampumpeag
wampumpeags
wampums
wampus
wampuses
wamus
wamuses
wan
wanchancie
wanchancy
wand
wander
wandered
wanderer
wanderers
wandering
wanderingly
wanderings
wanderlust
wanderlusts
wanderoo
wanderoos
wanders
wandle
wandoo
wandoos
wands
wane
waned
wanes
waney
wang
wangan
wangans
wangle
wangled
wangler
wanglers
wangles
wangling
wanglings
wangs
wangun
wanguns
wanhope
wanhopes
wanier
waniest
wanigan
wanigans
waning
wanings
wank
wanked
wanker
wankers
wankier
wankiest
wanking
wankle
wanks
wanky
wanle
wanly
wannabe
wannabee
wannabees
wannabes
wanned
wannel
wanner
wanness
wannesses
wannest
wanning
wannish
wanrestful
wans
want
wantage
wantages
wanted
wanter
wanters
wanthill
wanthills
wanthriven
wanties
wanting
wantings
wanton
wantoned
wantoner
wantonest
wantoning
wantonise
wantonised
wantonises
wantonising
wantonize
wantonized
wantonizes
wantonizing
wantonly
wantonness
wantonnesses
wantons
wants
wanty
wanwordy
wanworth
wanworths
wany
wanze
wanzed
wanzes
wanzing
wap
wapenschaw
wapenschaws
wapenshaw
wapenshaws
wapentake
wapentakes
wapinschaw
wapinschaws
wapinshaw
wapinshaws
wapiti
wapitis
wapped
wappend
wappenschaw
wappenschaws
wappenshaw
wappenshawing
wappenshawings
wappenshaws
wapper
wappered
wappering
wappers
wapping
waps
waqf
waqfs
war
waratah
waratahs
warbier
warbiest
warble
warbled
warbler
warblers
warbles
warbling
warblingly
warblings
warby
ward
wardcorn
wardcorns
warded
warden
wardened
wardening
wardenries
wardenry
wardens
wardenship
wardenships
warder
wardered
wardering
warders
warding
wardings
wardmote
wardmotes
wardog
wardogs
wardress
wardresses
wardrobe
wardrober
wardrobers
wardrobes
wardroom
wardrooms
wardrop
wardrops
wards
wardship
wardships
ware
wared
warehouse
warehoused
warehouseman
warehousemen
warehouses
warehousing
warehousings
wareless
wares
warfare
warfared
warfarer
warfarers
warfares
warfarin
warfaring
warfarings
warfarins
warhable
warhead
warheads
warhorse
warhorses
waribashi
waribashis
warier
wariest
warily
wariment
wariments
wariness
warinesses
waring
warison
warisons
wark
warks
warlike
warlikeness
warlikenesses
warling
warlings
warlock
warlockries
warlockry
warlocks
warlord
warlords
warm
warman
warmblood
warmbloods
warmed
warmen
warmer
warmers
warmest
warming
warmings
warmish
warmly
warmness
warmnesses
warmonger
warmongering
warmongerings
warmongers
warms
warmth
warmths
warn
warned
warner
warners
warning
warningly
warnings
warns
warp
warpath
warpaths
warped
warper
warpers
warping
warpings
warplane
warplanes
warps
warragal
warragals
warragle
warragles
warragul
warraguls
warran
warrand
warranded
warrandice
warrandices
warranding
warrands
warraned
warraning
warrans
warrant
warrantable
warrantableness
warrantablenesses
warrantably
warranted
warrantee
warrantees
warranter
warranters
warranties
warranting
warrantings
warrantise
warrantises
warrantor
warrantors
warrants
warranty
warray
warrayed
warraying
warrays
warre
warred
warren
warrener
warreners
warrens
warrey
warreyed
warreying
warreys
warrigal
warrigals
warring
warrior
warrioress
warrioresses
warriors
warrison
warrisons
wars
warship
warships
warsle
warsled
warsles
warsling
warst
wart
warted
warthog
warthogs
wartier
wartiest
wartime
wartimes
wartless
wartlike
warts
wartweed
wartweeds
wartwort
wartworts
warty
warwolf
warwolves
wary
was
wase
wasegoose
wasegooses
wases
wash
washable
washateria
washaterias
washball
washballs
washbasin
washbasins
washboard
washboards
washbowl
washbowls
washcloth
washcloths
washday
washdays
washed
washen
washer
washered
washeries
washering
washerman
washermen
washers
washerwoman
washerwomen
washery
washes
washeteria
washeterias
washhouse
washhouses
washier
washiest
washiness
washinesses
washing
washings
washingtonia
washingtonias
washland
washlands
washout
washouts
washpot
washpots
washrag
washrags
washroom
washrooms
washstand
washstands
washtub
washtubs
washwipe
washwipes
washy
wasm
wasms
wasp
waspie
waspier
waspies
waspiest
waspish
waspishly
waspishness
waspishnesses
waspnest
waspnests
wasps
waspy
wassail
wassailed
wassailer
wassailers
wassailing
wassailings
wassailries
wassailry
wassails
wasserman
wassermen
wast
wastable
wastage
wastages
waste
wasted
wasteful
wastefully
wastefulness
wastefulnesses
wastel
wasteland
wastelands
wastelot
wastelots
wastels
wasteness
wastenesses
waster
wastered
wasterful
wasterfully
wasterfulness
wasterfulnesses
wasteries
wasterife
wasterifes
wastering
wasters
wastery
wastes
wastfull
wasting
wastings
wastness
wastnesses
wastrel
wastrels
wastries
wastrife
wastrifes
wastry
wasts
wat
watap
wataps
watch
watchable
watchbox
watchboxes
watchcase
watchcases
watchdog
watchdogs
watched
watcher
watchers
watches
watchet
watchets
watchful
watchfully
watchfulness
watchfulnesses
watchglass
watchglasses
watchguard
watchguards
watching
watchmaker
watchmakers
watchmaking
watchmakings
watchman
watchmen
watchspring
watchsprings
watchstrap
watchstraps
watchtower
watchtowers
watchword
watchwords
wate
water
waterage
waterages
waterborne
watercolor
watercolorist
watercolorists
watercolors
watercolour
watercolourist
watercolourists
watercolours
watercourse
watercourses
watercraft
watercrafts
watercress
watercresses
waterdrive
waterdrives
watered
waterer
waterers
waterfall
waterfalls
waterflood
waterflooding
waterfloodings
waterfloods
waterfowl
waterfowls
waterfront
waterfronts
waterglass
waterglasses
waterhen
waterhens
waterier
wateriest
wateriness
waterinesses
watering
waterings
waterish
waterishness
waterishnesses
waterless
waterlilies
waterlily
waterline
waterlines
waterlog
waterlogged
waterlogging
waterlogs
waterman
watermanship
watermanships
watermark
watermarked
watermarking
watermarks
watermelon
watermelons
watermen
waterpox
waterpoxes
waterproof
waterproofed
waterproofing
waterproofings
waterproofs
waterquake
waterquakes
waters
watershed
watersheds
waterside
watersides
watersmeet
watersmeets
waterspout
waterspouts
watertight
watertightness
watertightnesses
waterway
waterways
waterweed
waterweeds
waterwork
waterworks
watery
wats
watt
wattage
wattages
watter
wattest
wattle
wattlebark
wattlebarks
wattlebird
wattlebirds
wattled
wattles
wattlework
wattleworks
wattling
wattlings
wattmeter
wattmeters
watts
waucht
wauchted
wauchting
wauchts
wauff
wauffed
wauffing
wauffs
waugh
waughed
waughing
waughs
waught
waughted
waughting
waughts
wauk
wauked
wauker
waukers
wauking
waukmill
waukmills
waukrife
wauks
waul
wauled
wauling
waulings
waulk
waulked
waulker
waulkers
waulking
waulkmill
waulkmills
waulks
wauls
waur
waured
wauring
waurs
waurst
wave
waveband
wavebands
waved
waveform
waveforms
wavefront
wavefronts
waveguide
waveguides
wavelength
wavelengths
waveless
wavelet
wavelets
wavelike
wavellite
wavellites
wavemeter
wavemeters
waver
wavered
waverer
waverers
waverier
waveriest
wavering
waveringly
waveringness
waveringnesses
waverings
waverous
wavers
wavery
waves
waveshape
waveshapes
waveson
wavesons
wavey
waveys
wavier
wavies
waviest
wavily
waviness
wavinesses
waving
wavings
wavy
waw
wawe
wawes
wawl
wawled
wawling
wawlings
wawls
waws
wax
waxberries
waxberry
waxbill
waxbills
waxcloth
waxcloths
waxed
waxen
waxer
waxers
waxes
waxier
waxiest
waxily
waxiness
waxinesses
waxing
waxings
waxwing
waxwings
waxwork
waxworker
waxworkers
waxworks
waxy
way
waybill
waybills
wayboard
wayboards
waybread
waybreads
wayed
wayfare
wayfared
wayfarer
wayfarers
wayfares
wayfaring
wayfarings
waygone
waygoose
waygooses
waying
waylaid
waylay
waylayer
waylayers
waylaying
waylays
wayleave
wayleaves
wayless
waymark
waymarked
waymarking
waymarks
wayment
waymented
waymenting
wayments
waypost
wayposts
ways
wayside
waysides
wayward
waywardly
waywardness
waywardnesses
waywiser
waywisers
waywode
waywodes
wayworn
wayzgoose
wayzgooses
wazir
wazirs
we
weak
weaken
weakened
weakener
weakeners
weakening
weakens
weaker
weakest
weakfish
weakfishes
weaklier
weakliest
weakliness
weaklinesses
weakling
weaklings
weakly
weakness
weaknesses
weal
weald
wealds
weals
wealsman
wealsmen
wealth
wealthier
wealthiest
wealthily
wealthiness
wealthinesses
wealths
wealthy
weamb
weambs
wean
weaned
weanel
weanels
weaner
weaners
weaning
weanling
weanlings
weans
weapon
weaponed
weaponless
weaponries
weaponry
weapons
wear
wearabilities
wearability
wearable
weared
wearer
wearers
wearied
wearier
wearies
weariest
weariful
wearifully
weariless
wearilessly
wearily
weariness
wearinesses
wearing
wearingly
wearings
wearish
wearisome
wearisomely
wearisomeness
wearisomenesses
wears
weary
wearying
wearyingly
weasand
weasands
weasel
weaseled
weaseler
weaselers
weaseling
weaselled
weaseller
weasellers
weaselling
weaselly
weasels
weather
weatherable
weatherboard
weatherboarded
weatherboarding
weatherboardings
weatherboards
weathercloth
weathercloths
weathercock
weathercocks
weathered
weathergirl
weathergirls
weathering
weatherings
weatherise
weatherised
weatherises
weatherising
weatherize
weatherized
weatherizes
weatherizing
weatherly
weatherman
weathermen
weathermost
weatherometer
weatherometers
weatherproof
weatherproofed
weatherproofing
weatherproofs
weathers
weave
weaved
weaver
weavers
weaves
weaving
weavings
weazand
weazands
weazen
weazened
weazening
weazens
web
webbed
webbier
webbiest
webbing
webbings
webby
weber
webers
webfeet
webfoot
webfooted
webs
website
websites
webster
websters
webwheel
webwheels
webworm
webworms
wecht
wechts
wed
wedded
wedder
weddered
weddering
wedders
wedding
weddings
wedeln
wedelned
wedelning
wedelns
wedge
wedged
wedges
wedgewise
wedgie
wedgier
wedgies
wedgiest
wedging
wedgings
wedgy
wedlock
wedlocks
weds
wee
weed
weeded
weeder
weederies
weeders
weedery
weedicide
weedicides
weedier
weediest
weediness
weedinesses
weeding
weedings
weedkiller
weedkillers
weedless
weeds
weedy
weeing
week
weekday
weekdays
weeke
weekend
weekended
weekender
weekenders
weekending
weekendings
weekends
weekes
weeklies
weekly
weeknight
weeknights
weeks
weel
weeldlesse
weels
weem
weems
ween
weened
weenier
weenies
weeniest
weening
weens
weeny
weep
weeper
weepers
weephole
weepholes
weepie
weepier
weepies
weepiest
weeping
weepingly
weepings
weeps
weepy
weer
wees
weest
weet
weete
weeted
weeten
weeter
weetest
weeting
weetingly
weetless
weets
weever
weevers
weevil
weeviled
weevilled
weevilly
weevils
weevily
weft
weftage
weftages
wefte
wefted
weftes
wefting
wefts
weid
weids
weigela
weigelas
weigh
weighable
weighage
weighages
weighboard
weighboards
weighbridge
weighbridges
weighed
weigher
weighers
weighing
weighings
weighs
weight
weighted
weightier
weightiest
weightily
weightiness
weightinesses
weighting
weightings
weightless
weightlessness
weightlessnesses
weights
weighty
weil
weils
weir
weird
weirded
weirder
weirdest
weirdie
weirdies
weirding
weirdly
weirdness
weirdnesses
weirdo
weirdos
weirds
weired
weiring
weirs
weise
weised
weises
weising
weize
weized
weizes
weizing
weka
wekas
welaway
welch
welched
welcher
welchers
welches
welching
welcome
welcomed
welcomeness
welcomenesses
welcomer
welcomers
welcomes
welcoming
welcomingly
weld
weldabilities
weldability
weldable
welded
welder
welders
welding
weldings
weldless
weldment
weldments
weldmesh
weldmeshes
weldor
weldors
welds
welfare
welfares
welfarism
welfarisms
welfarist
welfaristic
welfarists
welk
welke
welked
welkes
welkin
welking
welkins
welks
welkt
well
welladay
wellanear
wellaway
wellbeing
wellbeings
welled
wellhead
wellheads
wellhouse
wellhouses
wellie
wellies
welling
wellings
wellington
wellingtonia
wellingtonias
wellingtons
wellness
wellnesses
wells
wellspring
wellsprings
welly
welsh
welshed
welsher
welshers
welshes
welshing
welt
welted
welter
weltered
weltering
welters
welterweight
welterweights
welting
welts
wem
wemb
wembs
wems
wen
wench
wenched
wencher
wenchers
wenches
wenching
wend
wended
wendigo
wendigos
wending
wends
wennier
wenniest
wennish
wenny
wens
went
wentletrap
wentletraps
wents
wept
were
weregild
weregilds
werewolf
werewolferies
werewolfery
werewolfish
werewolfism
werewolfisms
werewolves
wergild
wergilds
wernerite
wernerites
wersh
wersher
wershest
wert
werwolf
werwolfish
werwolves
wesand
wesands
west
westbound
wested
wester
westered
westering
westerings
westerlies
westerly
western
westerner
westerners
westernisation
westernisations
westernise
westernised
westernises
westernising
westernism
westernisms
westernization
westernizations
westernize
westernized
westernizes
westernizing
westernmost
westerns
westers
westing
westings
westlin
westlins
westmost
wests
westward
westwardly
westwards
wet
weta
wetas
wetback
wetbacks
wether
wethers
wetland
wetlands
wetly
wetness
wetnesses
wets
wetted
wetter
wettest
wetting
wettish
wetware
wetwares
wex
wexe
wexed
wexes
wexing
wey
weyard
weys
weyward
wezand
wezands
wha
whack
whacked
whacker
whackers
whackier
whackiest
whacking
whackings
whacko
whackoes
whackos
whacks
whacky
whaisle
whaisled
whaisles
whaisling
whaizle
whaizled
whaizles
whaizling
whale
whaleback
whalebacks
whaleboat
whaleboats
whalebone
whalebones
whaled
whaleman
whalemen
whaler
whaleries
whalers
whalery
whales
whaling
whalings
whally
wham
whammed
whammies
whamming
whammo
whammos
whammy
whample
whamples
whams
whang
whangam
whangams
whanged
whangee
whangees
whanging
whangs
whap
whapped
whapping
whaps
whare
whares
wharf
wharfage
wharfages
wharfed
wharfing
wharfinger
wharfingers
wharfings
wharfs
wharve
wharves
what
whatabouts
whaten
whatever
whatna
whatness
whatnesses
whatnot
whatnots
whats
whatsis
whatsises
whatsit
whatsits
whatso
whatsoever
whatsomever
whatten
whaup
whaups
whaur
whaurs
wheal
wheals
whear
wheare
wheat
wheatear
wheatears
wheaten
wheatfield
wheatfields
wheatier
wheatiest
wheatmeal
wheatmeals
wheats
wheatsheaf
wheatsheaves
wheatworm
wheatworms
wheaty
whee
wheech
wheeched
wheeching
wheechs
wheedle
wheedled
wheedler
wheedlers
wheedles
wheedlesome
wheedling
wheedlings
wheel
wheelbarrow
wheelbarrows
wheelbase
wheelbases
wheelchair
wheelchairs
wheeled
wheeler
wheelers
wheelhorse
wheelhorses
wheelhouse
wheelhouses
wheelie
wheelier
wheelies
wheeliest
wheeling
wheelings
wheelman
wheelmen
wheels
wheelwork
wheelworks
wheelwright
wheelwrights
wheely
wheen
wheenge
wheenged
wheengeing
wheenges
wheenging
wheens
wheeple
wheepled
wheeples
wheepling
wheesh
wheesht
wheeshted
wheeshting
wheeshts
wheeze
wheezed
wheezes
wheezier
wheeziest
wheezily
wheeziness
wheezinesses
wheezing
wheezings
wheezle
wheezled
wheezles
wheezling
wheezy
wheft
whefts
whelk
whelked
whelkier
whelkiest
whelks
whelky
whelm
whelmed
whelming
whelms
whelp
whelped
whelping
whelps
whemmle
whemmled
whemmles
whemmling
when
whenas
whence
whenceforth
whences
whencesoever
whencever
whenever
whens
whensoever
where
whereabout
whereabouts
whereafter
whereagainst
whereas
whereat
whereby
wherefor
wherefore
wherefores
wherefrom
wherein
whereinsoever
whereinto
whereness
wherenesses
whereof
whereon
whereout
wheres
whereso
wheresoever
wherethrough
whereto
whereunder
whereuntil
whereunto
whereupon
wherever
wherewith
wherewithal
wherewithals
wherewiths
wherret
wherreted
wherreting
wherrets
wherries
wherry
wherryman
wherrymen
whet
whether
whets
whetstone
whetstones
whetted
whetter
whetters
whetting
wheugh
wheughed
wheughing
wheughs
whew
whewed
whewellite
whewellites
whewing
whews
whey
wheyey
wheyier
wheyiest
wheyish
wheyishness
wheyishnesses
wheys
which
whichever
whichsoever
whicker
whickered
whickering
whickers
whid
whidah
whidahs
whidded
whidder
whiddered
whiddering
whidders
whidding
whids
whiff
whiffed
whiffer
whiffers
whiffet
whiffets
whiffier
whiffiest
whiffing
whiffings
whiffle
whiffled
whiffler
whiffleries
whifflers
whifflery
whiffles
whiffletree
whiffletrees
whiffling
whifflings
whiffs
whiffy
whift
whifts
whig
whiggamore
whiggamores
whigged
whigging
whigmaleerie
whigmaleeries
whigmaleery
whigs
while
whiled
whilere
whiles
whiling
whilk
whillied
whillies
whilly
whillying
whillywha
whillywhaed
whillywhaing
whillywhas
whillywhaw
whillywhawed
whillywhawing
whillywhaws
whilom
whilst
whim
whimberries
whimberry
whimbrel
whimbrels
whimmed
whimmier
whimmiest
whimming
whimmy
whimper
whimpered
whimperer
whimperers
whimpering
whimperingly
whimperings
whimpers
whimple
whimples
whims
whimsey
whimseys
whimsical
whimsicalities
whimsicality
whimsically
whimsicalness
whimsicalnesses
whimsier
whimsies
whimsiest
whimsily
whimsiness
whimsinesses
whimsy
whin
whinberries
whinberry
whinchat
whinchats
whine
whined
whiner
whiners
whines
whinge
whinged
whingeing
whingeings
whinger
whingers
whinges
whiniard
whiniards
whinier
whiniest
whininess
whininesses
whining
whiningly
whinings
whinnied
whinnier
whinnies
whinniest
whinny
whinnying
whins
whinstone
whinstones
whiny
whinyard
whinyards
whip
whipbird
whipbirds
whipcat
whipcats
whipcord
whipcords
whipcordy
whipjack
whipjacks
whiplash
whiplashed
whiplashes
whiplashing
whiplike
whipped
whipper
whippers
whippersnapper
whippersnappers
whippet
whippeting
whippetings
whippets
whippier
whippiest
whippiness
whippinesses
whipping
whippings
whippletree
whippletrees
whippoorwill
whippoorwills
whippy
whips
whipsaw
whipsawed
whipsawing
whipsawn
whipsaws
whipstaff
whipstaffs
whipstall
whipstalled
whipstalling
whipstalls
whipster
whipsters
whipstock
whipstocks
whipt
whiptail
whiptailed
whipworm
whipworms
whir
whirl
whirlbat
whirlbats
whirlblast
whirlblasts
whirled
whirler
whirlers
whirlier
whirliest
whirligig
whirligigs
whirling
whirlings
whirlpool
whirlpools
whirls
whirlwind
whirlwinds
whirly
whirlybird
whirlybirds
whirr
whirred
whirret
whirreted
whirreting
whirrets
whirried
whirries
whirring
whirrings
whirrs
whirry
whirrying
whirs
whirtle
whirtles
whish
whished
whishes
whishing
whisht
whishted
whishting
whishts
whisk
whisked
whisker
whiskerando
whiskerandoed
whiskerandos
whiskered
whiskers
whiskery
whisket
whiskets
whiskey
whiskeyfied
whiskeys
whiskies
whiskified
whisking
whisks
whisky
whisper
whispered
whisperer
whisperers
whispering
whisperingly
whisperings
whisperously
whispers
whispery
whiss
whissed
whisses
whissing
whist
whisted
whisting
whistle
whistleable
whistled
whistler
whistlers
whistles
whistling
whistlingly
whistlings
whists
whit
white
whitebait
whitebaits
whitebass
whitebasses
whitebeam
whitebeams
whitebeard
whitebeards
whiteboyism
whiteboyisms
whitecap
whitecaps
whitecoat
whitecoats
whited
whiteflies
whitefly
whitehead
whiteheads
whitely
whiten
whitened
whitener
whiteners
whiteness
whitenesses
whitening
whitenings
whitens
whitepot
whitepots
whiter
whites
whitesmith
whitesmiths
whitest
whitethorn
whitethorns
whitethroat
whitethroats
whitewall
whitewalls
whiteware
whitewares
whitewash
whitewashed
whitewasher
whitewashers
whitewashes
whitewashing
whitewing
whitewings
whitewood
whitewoods
whitey
whiteys
whither
whithered
whithering
whithers
whithersoever
whitherward
whitherwards
whitier
whities
whitiest
whiting
whitings
whitish
whitishness
whitishnesses
whitleather
whitleathers
whitling
whitlings
whitlow
whitlows
whitret
whitrets
whits
whitster
whitsters
whittaw
whittawer
whittawers
whittaws
whitter
whittered
whitterick
whittericks
whittering
whitters
whittle
whittled
whittler
whittlers
whittles
whittling
whittlings
whittret
whittrets
whity
whiz
whizbang
whizbangs
whizz
whizzed
whizzer
whizzers
whizzes
whizzing
whizzingly
whizzings
who
whoa
whodunitries
whodunitry
whodunnit
whodunnitries
whodunnitry
whodunnits
whoever
whole
wholefood
wholefoods
wholegrain
wholemeal
wholemeals
wholeness
wholenesses
wholes
wholesale
wholesaler
wholesalers
wholesales
wholesome
wholesomely
wholesomeness
wholesomenesses
wholesomer
wholesomest
wholestitch
wholestitches
wholewheat
wholism
wholisms
wholist
wholistic
wholists
wholly
whom
whomble
whombled
whombles
whombling
whomever
whommle
whommled
whommles
whommling
whomsoever
whoobub
whoobubs
whoop
whooped
whoopee
whoopees
whooper
whoopers
whooping
whoopings
whoops
whoopsie
whoopsies
whoosh
whooshed
whooshes
whooshing
whoot
whooted
whooting
whoots
whop
whopped
whopper
whoppers
whopping
whoppings
whops
whore
whored
whoredom
whoredoms
whorehouse
whorehouses
whoremaster
whoremasterly
whoremasters
whoremistress
whoremistresses
whoremonger
whoremongers
whores
whoreson
whoresons
whoring
whorish
whorishly
whorishness
whorishnesses
whorl
whorlbat
whorlbats
whorled
whorls
whort
whortleberries
whortleberry
whorts
whose
whosesoever
whosever
whoso
whosoever
whot
whow
whummle
whummled
whummles
whummling
whunstane
whunstanes
why
whydah
whydahs
whyever
wicca
wiccan
wiccans
wiccas
wice
wich
wiches
wick
wicked
wickeder
wickedest
wickedly
wickedness
wickednesses
wickeds
wicken
wickens
wicker
wickered
wickers
wickerwork
wickerworks
wicket
wickets
wickies
wicking
wickiup
wickiups
wicks
wicky
widdershins
widdies
widdle
widdled
widdles
widdling
widdy
wide
wideawake
wideawakes
widebody
widechapped
widely
widen
widened
widener
wideners
wideness
widenesses
widening
widens
wider
widershins
wides
widescreen
widespread
widest
widgeon
widgeons
widget
widgets
widgie
widgies
widish
widow
widowed
widower
widowerhood
widowerhoods
widowers
widowhood
widowhoods
widowing
widowman
widowmen
widows
width
widths
widthways
widthwise
wiel
wield
wieldable
wielded
wielder
wielders
wieldier
wieldiest
wieldiness
wieldinesses
wielding
wieldless
wields
wieldy
wiels
wienie
wienies
wife
wifehood
wifehoods
wifeless
wifelier
wifeliest
wifelike
wifeliness
wifelinesses
wifely
wifie
wifies
wig
wigan
wigans
wigeon
wigeons
wigged
wiggeries
wiggery
wigging
wiggings
wiggle
wiggled
wiggler
wigglers
wiggles
wigglier
wiggliest
wiggling
wiggly
wight
wighted
wighting
wightly
wights
wigless
wiglike
wigs
wigwag
wigwagged
wigwagging
wigwags
wigwam
wigwams
wilco
wild
wildcat
wildcats
wildcatted
wildcatter
wildcatters
wildcatting
wildebeest
wildebeests
wilded
wilder
wildered
wildering
wilderment
wilderments
wilderness
wildernesses
wilders
wildest
wildfire
wildfires
wildfowl
wildfowler
wildfowlers
wildfowling
wildfowlings
wildfowls
wildgrave
wildgraves
wilding
wildings
wildish
wildland
wildlands
wildlife
wildlifes
wildly
wildness
wildnesses
wilds
wildwood
wildwoods
wile
wiled
wileful
wiles
wilful
wilfully
wilfulness
wilfulnesses
wilga
wilgas
wili
wilier
wiliest
wilily
wiliness
wilinesses
wiling
wilis
wilja
wiljas
will
willable
willed
willemite
willemites
willer
willers
willest
willet
willets
willey
willeyed
willeying
willeys
willful
willie
willied
willies
williewaught
williewaughts
willing
willingly
willingness
willingnesses
williwaw
williwaws
willow
willowed
willowherb
willowherbs
willowier
willowiest
willowing
willowish
willows
willowy
willpower
willpowers
wills
willy
willyard
willyart
willying
wilt
wilted
wilting
wiltja
wiltjas
wilts
wily
wimble
wimbled
wimbles
wimbling
wimbrel
wimbrels
wimp
wimpier
wimpiest
wimpish
wimpishly
wimpishness
wimpishnesses
wimple
wimpled
wimples
wimpling
wimps
wimpy
win
wince
winced
wincer
wincers
winces
wincey
winceyette
winceyettes
winceys
winch
winched
winches
winching
winchman
winchmen
wincing
wincings
wincopipe
wincopipes
wind
windac
windacs
windage
windages
windas
windases
windbag
windbaggeries
windbaggery
windbags
windblow
windblown
windblows
windborne
windbound
windbreak
windbreaks
windburn
windburns
windcheater
windcheaters
winded
winder
winders
windfall
windfallen
windfalls
windflower
windflowers
windgall
windgalls
windgun
windguns
windhover
windhovers
windier
windiest
windigo
windigos
windily
windiness
windinesses
winding
windingly
windings
windjammer
windjammers
windlass
windlassed
windlasses
windlassing
windle
windles
windless
windlestrae
windlestraes
windlestraw
windlestraws
windmill
windmilled
windmilling
windmills
windock
windocks
windore
windores
window
windowed
windowing
windowings
windowless
windowpane
windowpanes
windows
windowsill
windowsills
windpipe
windpipes
windproof
windring
windrose
windroses
windrow
windrowed
windrowing
windrows
winds
windsail
windsails
windscreen
windscreens
windses
windshake
windshakes
windshield
windshields
windship
windships
windsock
windsocks
windstorm
windstorms
windsurf
windsurfed
windsurfer
windsurfers
windsurfing
windsurfings
windsurfs
windswept
windthrow
windthrows
windtight
windward
windwards
windy
wine
wineberries
wineberry
wined
wineglass
wineglasses
wineglassful
wineglassfuls
winepress
winepresses
wineries
winery
wines
wineskin
wineskins
winey
wing
wingbeat
wingbeats
wingding
wingdings
winge
winged
wingedly
wingeing
winger
wingers
winges
wingier
wingiest
winging
wingless
winglet
winglets
wings
wingspan
wingspans
wingspread
wingspreads
wingy
winier
winiest
wining
wink
winked
winker
winkers
winking
winkingly
winkings
winkle
winkled
winkler
winklers
winkles
winkling
winks
winn
winnabilities
winnability
winnable
winner
winners
winning
winningly
winningness
winningnesses
winnings
winnle
winnles
winnock
winnocks
winnow
winnowed
winnower
winnowers
winnowing
winnowings
winnows
winns
wino
winos
wins
winsey
winseys
winsome
winsomely
winsomeness
winsomenesses
winsomer
winsomest
winter
winterberries
winterberry
winterbourne
winterbournes
wintered
wintergreen
wintergreens
winterier
winteriest
wintering
winterisation
winterisations
winterise
winterised
winterises
winterising
winterization
winterizations
winterize
winterized
winterizes
winterizing
winterkill
winterkilled
winterkilling
winterkills
winterly
winters
wintertide
wintertides
wintertime
wintertimes
wintery
wintle
wintled
wintles
wintling
wintrier
wintriest
wintriness
wintrinesses
wintry
winy
winze
winzes
wipe
wiped
wipeout
wipeouts
wiper
wipers
wipes
wiping
wipings
wippen
wippens
wire
wired
wiredraw
wiredrawer
wiredrawers
wiredrawing
wiredrawings
wiredrawn
wiredraws
wiredrew
wireless
wirelessed
wirelesses
wirelessing
wireman
wiremen
wirephoto
wirephotos
wirer
wirers
wires
wiretap
wiretapped
wiretapping
wiretaps
wireway
wireways
wirework
wireworker
wireworkers
wireworking
wireworkings
wireworks
wireworm
wireworms
wirewove
wirier
wiriest
wirily
wiriness
wirinesses
wiring
wirings
wirricow
wirricows
wiry
wis
wisard
wisards
wisdom
wisdoms
wise
wiseacre
wiseacres
wisecrack
wisecracked
wisecracking
wisecracks
wised
wiseling
wiselings
wisely
wiseness
wisenesses
wisent
wisents
wiser
wises
wisest
wish
wishbone
wishbones
wished
wisher
wishers
wishes
wishful
wishfully
wishfulness
wishfulnesses
wishing
wishings
wishtonwish
wishtonwishes
wising
wisket
wiskets
wisp
wisped
wispier
wispiest
wisping
wisps
wispy
wissed
wisses
wissing
wist
wistaria
wistarias
wisted
wisteria
wisterias
wistful
wistfully
wistfulness
wistfulnesses
wisting
wistiti
wistitis
wistly
wists
wit
witan
witblits
witblitses
witch
witchcraft
witchcrafts
witched
witchen
witchens
witcheries
witchery
witches
witchetties
witchetty
witchier
witchiest
witching
witchingly
witchings
witchknot
witchknots
witchlike
witchmeal
witchmeals
witchy
wite
wited
witeless
witenagemot
witenagemots
wites
witgat
witgatboom
witgatbooms
witgats
with
withal
withdraw
withdrawal
withdrawals
withdrawer
withdrawers
withdrawing
withdrawment
withdrawments
withdrawn
withdraws
withdrew
withe
withed
wither
withered
witheredness
witherednesses
withering
witheringly
witherings
witherite
witherites
withers
withershins
withes
withhault
withheld
withhold
withholden
withholder
withholders
withholding
withholdment
withholdments
withholds
withier
withies
withiest
within
withing
without
withouten
withs
withstand
withstander
withstanders
withstanding
withstands
withstood
withwind
withwinds
withy
withywind
withywinds
witing
witless
witlessly
witlessness
witlessnesses
witling
witlings
witloof
witloofs
witness
witnessed
witnesser
witnessers
witnesses
witnessing
wits
witted
witter
wittered
wittering
witters
witticism
witticisms
wittier
wittiest
wittily
wittiness
wittinesses
witting
wittingly
wittings
wittol
wittolly
wittols
witty
witwall
witwalls
witwanton
witwantoned
witwantoning
witwantons
wive
wived
wivehood
wivehoods
wivern
wiverns
wives
wiving
wizard
wizardly
wizardries
wizardry
wizards
wizen
wizened
wizening
wizens
wizier
wiziers
wo
woad
woaded
woads
wobbegong
wobbegongs
wobble
wobbled
wobbler
wobblers
wobbles
wobblier
wobblies
wobbliest
wobbliness
wobblinesses
wobbling
wobblings
wobbly
wobegone
wock
wocks
wodge
wodges
woe
woebegone
woeful
woefuller
woefullest
woefully
woefulness
woefulnesses
woes
woesome
woful
wofully
wofulness
wofulnesses
wog
woggle
woggles
wogs
woiwode
woiwodes
wok
woke
woken
woks
wold
wolds
wolf
wolfberries
wolfberry
wolfed
wolfer
wolfers
wolfhound
wolfhounds
wolfing
wolfings
wolfish
wolfishly
wolfkin
wolfkins
wolfling
wolflings
wolfram
wolframite
wolframites
wolframs
wolfs
wolfsbane
wolfsbanes
wolfskin
wolfskins
wollastonite
wollastonites
wollies
wolly
wolve
wolved
wolver
wolverene
wolverenes
wolverine
wolverines
wolvers
wolves
wolving
wolvings
wolvish
wolvishly
woman
womaned
womanfully
womanhood
womanhoods
womaning
womanise
womanised
womaniser
womanisers
womanises
womanish
womanishly
womanishness
womanishnesses
womanising
womanize
womanized
womanizer
womanizers
womanizes
womanizing
womankind
womankinds
womanless
womanlier
womanliest
womanlike
womanliness
womanlinesses
womanly
womans
womb
wombat
wombats
wombed
wombing
womblike
wombs
womby
women
womenfolk
womenfolks
womenkind
womenkinds
womenswear
womenswears
womera
womeras
won
wonder
wondered
wonderer
wonderers
wonderful
wonderfully
wonderfulness
wonderfulnesses
wondering
wonderingly
wonderings
wonderland
wonderlands
wonderment
wonderments
wondermonger
wondermongering
wondermongerings
wondermongers
wonderous
wonders
wonderwork
wonderworks
wondred
wondrous
wondrously
wondrousness
wondrousnesses
wonga
wongas
wongi
wongied
wongiing
wongis
woning
wonings
wonk
wonkier
wonkiest
wonks
wonky
wonned
wonning
wonnings
wons
wont
wonted
wontedness
wontednesses
wonting
wontless
wonts
woo
woobut
woobuts
wood
woodbind
woodbinds
woodbine
woodbines
woodblock
woodblocks
woodburytype
woodburytypes
woodcarver
woodcarvers
woodcarving
woodcarvings
woodchat
woodchats
woodchip
woodchips
woodchuck
woodchucks
woodcock
woodcocks
woodcraft
woodcrafts
woodcut
woodcuts
woodcutting
woodcuttings
wooded
wooden
woodener
woodenest
woodenhead
woodenheaded
woodenheadedness
woodenheadednesses
woodenheads
woodenly
woodenness
woodennesses
woodentop
woodentops
woodgrouse
woodgrouses
woodhole
woodholes
woodhorse
woodhorses
woodhouse
woodhouses
woodie
woodier
woodies
woodiest
woodiness
woodinesses
wooding
woodland
woodlander
woodlanders
woodlands
woodlark
woodlarks
woodless
woodlessness
woodlessnesses
woodlice
woodlouse
woodman
woodmeal
woodmeals
woodmen
woodmice
woodmouse
woodness
woodnesses
woodnote
woodnotes
woodpecker
woodpeckers
woodpigeon
woodpigeons
woodpile
woodpiles
woodreeve
woodreeves
woodroof
woodroofs
woodruff
woodruffs
woodrush
woodrushes
woods
woodscrew
woodscrews
woodshed
woodshedded
woodshedding
woodsheddings
woodsheds
woodshock
woodshocks
woodshrike
woodshrikes
woodsia
woodsias
woodsier
woodsiest
woodskin
woodskins
woodsman
woodsmen
woodspite
woodspites
woodstone
woodstones
woodsy
woodthrush
woodthrushes
woodwale
woodwales
woodward
woodwards
woodwax
woodwaxen
woodwaxens
woodwaxes
woodwind
woodwinds
woodwork
woodworker
woodworkers
woodworks
woodworm
woodworms
woodwose
woodwoses
woody
woodyard
woodyards
wooed
wooer
wooers
woof
woofed
woofer
woofers
woofier
woofiest
woofing
woofs
woofter
woofters
woofy
wooing
wooingly
wooings
wool
woold
woolded
woolder
woolders
woolding
wooldings
woolds
woolen
woolens
woolfat
woolfats
woolfell
woolfells
woolled
woollen
woollens
woollier
woollies
woolliest
woolly
woollyback
woollybacks
woollybutt
woollybutts
woolman
woolmen
woolpack
woolpacks
wools
woolsack
woolsacks
woolsey
woolseys
woolshed
woolsheds
woolsorter
woolsorters
woolward
woolwork
woolworks
woomera
woomerang
woomerangs
woomeras
woon
wooned
wooning
woons
woopie
woopies
woorali
wooralis
woorara
wooraras
woos
woosel
woosell
woosells
woosels
woosh
wooshed
wooshes
wooshing
woot
wootz
wootzes
woozier
wooziest
woozily
wooziness
woozinesses
woozy
wop
wopped
wopping
wops
worcester
worcesterberries
worcesterberry
worcesters
word
wordage
wordages
wordbook
wordbooks
wordbound
wordbreak
wordbreaks
worded
wordgame
wordgames
wordier
wordiest
wordily
wordiness
wordinesses
wording
wordings
wordish
wordishness
wordishnesses
wordless
wordlore
wordlores
wordplay
wordplays
words
wordsmith
wordsmitheries
wordsmithery
wordsmiths
wordy
wore
work
workabilities
workability
workable
workableness
workablenesses
workaday
workadays
workaholic
workaholics
workaholism
workaholisms
workbag
workbags
workbasket
workbaskets
workbench
workbenches
workboat
workboats
workbook
workbooks
workbox
workboxes
workday
workdays
worked
worker
workerist
workerists
workers
workfare
workfares
workfellow
workfellows
workfolk
workfolks
workforce
workforces
workful
workgirl
workgirls
workgroup
workgroups
workhorse
workhorses
workhouse
workhouses
working
workings
workless
workload
workloads
workman
workmanlike
workmanly
workmanship
workmanships
workmaster
workmasters
workmate
workmates
workmen
workmistress
workmistresses
workpeople
workpiece
workpieces
workplace
workplaces
workroom
workrooms
works
worksheet
worksheets
workshop
workshopped
workshopping
workshops
workshy
worksome
workstation
workstations
worktable
worktables
worktop
worktops
workwatcher
workwatchers
workwear
workwears
workweek
workweeks
workwoman
workwomen
world
worlded
worldlier
worldliest
worldliness
worldlinesses
worldling
worldlings
worldly
worlds
worldscale
worldscales
worldwide
worm
wormcast
wormcasts
wormed
wormer
wormeries
wormers
wormery
wormhole
wormholed
wormholes
wormier
wormiest
worming
worms
wormseed
wormseeds
wormwood
wormwoods
wormy
worn
worral
worrals
worrel
worrels
worricow
worricows
worried
worriedly
worrier
worriers
worries
worriment
worriments
worrisome
worrit
worrited
worriting
worrits
worry
worrycow
worrycows
worryguts
worrying
worryingly
worryings
worrywart
worrywarts
worse
worsed
worsen
worsened
worseness
worsenesses
worsening
worsens
worser
worses
worship
worshipable
worshipful
worshipfully
worshipfulness
worshipfulnesses
worshipless
worshipped
worshipper
worshippers
worshipping
worships
worsing
worst
worsted
worsteds
worsting
worsts
wort
worth
worthed
worthful
worthied
worthier
worthies
worthiest
worthily
worthiness
worthinesses
worthing
worthless
worthlessly
worthlessness
worthlessnesses
worths
worthwhile
worthy
worthying
wortle
wortles
worts
wos
wosbird
wosbirds
wost
wot
wotcher
wots
wotted
wottest
wotteth
wotting
woubit
woubits
would
woulds
wouldst
wound
woundable
wounded
wounder
wounders
woundily
wounding
woundingly
woundings
woundless
wounds
woundwort
woundworts
woundy
wourali
wouralis
wove
woven
wow
wowed
wowee
wowf
wowfer
wowfest
wowing
wows
wowser
wowsers
wox
woxen
wrack
wracked
wrackful
wracking
wracks
wraith
wraiths
wrangle
wrangled
wrangler
wranglers
wranglership
wranglerships
wrangles
wranglesome
wrangling
wranglings
wrap
wraparound
wraparounds
wrapover
wrapovers
wrappage
wrappages
wrapped
wrapper
wrappered
wrappering
wrappers
wrapping
wrappings
wrapround
wraprounds
wraps
wrapt
wrasse
wrasses
wrast
wrasted
wrasting
wrasts
wrate
wrath
wrathed
wrathful
wrathfully
wrathfulness
wrathfulnesses
wrathier
wrathiest
wrathily
wrathiness
wrathinesses
wrathing
wrathless
wraths
wrathy
wrawl
wrawled
wrawling
wrawls
wraxle
wraxled
wraxles
wraxling
wraxlings
wreak
wreaked
wreaker
wreakers
wreakful
wreaking
wreakless
wreaks
wreath
wreathe
wreathed
wreathen
wreather
wreathers
wreathes
wreathier
wreathiest
wreathing
wreathless
wreaths
wreathy
wreck
wreckage
wreckages
wrecked
wrecker
wreckers
wreckfish
wreckfishes
wreckful
wrecking
wreckings
wreckmaster
wreckmasters
wrecks
wren
wrench
wrenched
wrenches
wrenching
wrenchings
wrens
wrest
wrested
wrester
wresters
wresting
wrestle
wrestled
wrestler
wrestlers
wrestles
wrestling
wrestlings
wrests
wretch
wretched
wretcheder
wretchedest
wretchedly
wretchedness
wretchednesses
wretches
wrethe
wrethed
wrethes
wrething
wrick
wricked
wricking
wricks
wried
wrier
wries
wriest
wriggle
wriggled
wriggler
wrigglers
wriggles
wrigglier
wriggliest
wriggling
wrigglings
wriggly
wright
wrights
wring
wringed
wringer
wringers
wringing
wringings
wrings
wrinkle
wrinkled
wrinkles
wrinklier
wrinklies
wrinkliest
wrinkling
wrinkly
wrist
wristband
wristbands
wristier
wristiest
wristlet
wristlets
wrists
wristwatch
wristwatches
wristy
writ
writable
writative
write
writer
writeress
writeresses
writerly
writers
writership
writerships
writes
writhe
writhed
writhen
writhes
writhing
writhingly
writhings
writhled
writing
writings
writs
written
wrizled
wroath
wroaths
wroke
wroken
wrong
wrongdoer
wrongdoers
wrongdoing
wrongdoings
wronged
wronger
wrongers
wrongest
wrongful
wrongfully
wrongfulness
wrongfulnesses
wronging
wrongly
wrongness
wrongnesses
wrongous
wrongously
wrongs
wroot
wrooted
wrooting
wroots
wrote
wroth
wrought
wrung
wry
wrybill
wrybills
wryer
wryest
wrying
wryly
wryneck
wrynecks
wryness
wrynesses
wrythen
wud
wudded
wudding
wuds
wulfenite
wulfenites
wull
wulled
wulling
wulls
wunderkind
wunderkinder
wunner
wunners
wurley
wurleys
wurlies
wurst
wursts
wurtzite
wurtzites
wus
wuses
wushu
wushus
wuss
wusses
wuther
wuthered
wuthering
wuthers
wuzzle
wuzzled
wuzzles
wuzzling
wyandotte
wyandottes
wych
wyches
wye
wyes
wyliecoat
wyliecoats
wyn
wynd
wynds
wynn
wynns
wyns
wyte
wyted
wytes
wyting
wyvern
wyverns
